[0.069s] Invoking command in '/home/tee/ros2_fyp/build/r2_rtabmap': CMAKE_PREFIX_PATH=${CMAKE_PREFIX_PATH}:/home/tee/ros2_fyp/install/r2_wheel_odometry:/home/tee/ros2_fyp/install/r2_driver:/opt/ros/humble /usr/bin/cmake /home/tee/ros2_fyp/src/r2_rtabmap -DCMAKE_INSTALL_PREFIX=/home/tee/ros2_fyp/install/r2_rtabmap
[1.131s] -- The C compiler identification is GNU 11.4.0
[1.904s] -- The CXX compiler identification is GNU 11.4.0
[1.960s] -- Detecting C compiler ABI info
[2.349s] -- Detecting C compiler ABI info - done
[2.377s] -- Check for working C compiler: /usr/bin/cc - skipped
[2.379s] -- Detecting C compile features
[2.382s] -- Detecting C compile features - done
[2.397s] -- Detecting CXX compiler ABI info
[2.789s] -- Detecting CXX compiler ABI info - done
[2.818s] -- Check for working CXX compiler: /usr/bin/c++ - skipped
[2.819s] -- Detecting CXX compile features
[2.821s] -- Detecting CXX compile features - done
[2.883s] -- Found ament_cmake: 1.3.13 (/opt/ros/humble/share/ament_cmake/cmake)
[3.746s] -- Found Python3: /usr/bin/python3 (found version "3.10.12") found components: Interpreter 
[4.950s] -- Configuring done
[4.971s] -- Generating done
[4.978s] -- Build files have been written to: /home/tee/ros2_fyp/build/r2_rtabmap
[4.992s] Invoked command in '/home/tee/ros2_fyp/build/r2_rtabmap' returned '0': CMAKE_PREFIX_PATH=${CMAKE_PREFIX_PATH}:/home/tee/ros2_fyp/install/r2_wheel_odometry:/home/tee/ros2_fyp/install/r2_driver:/opt/ros/humble /usr/bin/cmake /home/tee/ros2_fyp/src/r2_rtabmap -DCMAKE_INSTALL_PREFIX=/home/tee/ros2_fyp/install/r2_rtabmap
[5.003s] Invoking command in '/home/tee/ros2_fyp/build/r2_rtabmap': CMAKE_PREFIX_PATH=${CMAKE_PREFIX_PATH}:/home/tee/ros2_fyp/install/r2_wheel_odometry:/home/tee/ros2_fyp/install/r2_driver:/opt/ros/humble /usr/bin/cmake --build /home/tee/ros2_fyp/build/r2_rtabmap -- -j4 -l4
[5.164s] Invoked command in '/home/tee/ros2_fyp/build/r2_rtabmap' returned '0': CMAKE_PREFIX_PATH=${CMAKE_PREFIX_PATH}:/home/tee/ros2_fyp/install/r2_wheel_odometry:/home/tee/ros2_fyp/install/r2_driver:/opt/ros/humble /usr/bin/cmake --build /home/tee/ros2_fyp/build/r2_rtabmap -- -j4 -l4
[5.209s] Invoking command in '/home/tee/ros2_fyp/build/r2_rtabmap': CMAKE_PREFIX_PATH=${CMAKE_PREFIX_PATH}:/home/tee/ros2_fyp/install/r2_wheel_odometry:/home/tee/ros2_fyp/install/r2_driver:/opt/ros/humble /usr/bin/cmake --install /home/tee/ros2_fyp/build/r2_rtabmap
[5.238s] -- Install configuration: ""
[5.238s] -- Installing: /home/tee/ros2_fyp/install/r2_rtabmap/share/r2_rtabmap/launch
[5.238s] -- Installing: /home/tee/ros2_fyp/install/r2_rtabmap/share/r2_rtabmap/launch/rtabmap.launch.py
[5.240s] -- Installing: /home/tee/ros2_fyp/install/r2_rtabmap/share/r2_rtabmap/config
[5.240s] -- Installing: /home/tee/ros2_fyp/install/r2_rtabmap/share/r2_rtabmap/config/.gitkeep
[5.242s] -- Installing: /home/tee/ros2_fyp/install/r2_rtabmap/share/ament_index/resource_index/package_run_dependencies/r2_rtabmap
[5.244s] -- Installing: /home/tee/ros2_fyp/install/r2_rtabmap/share/ament_index/resource_index/parent_prefix_path/r2_rtabmap
[5.246s] -- Installing: /home/tee/ros2_fyp/install/r2_rtabmap/share/r2_rtabmap/environment/ament_prefix_path.sh
[5.247s] -- Installing: /home/tee/ros2_fyp/install/r2_rtabmap/share/r2_rtabmap/environment/ament_prefix_path.dsv
[5.248s] -- Installing: /home/tee/ros2_fyp/install/r2_rtabmap/share/r2_rtabmap/environment/path.sh
[5.250s] -- Installing: /home/tee/ros2_fyp/install/r2_rtabmap/share/r2_rtabmap/environment/path.dsv
[5.252s] -- Installing: /home/tee/ros2_fyp/install/r2_rtabmap/share/r2_rtabmap/local_setup.bash
[5.253s] -- Installing: /home/tee/ros2_fyp/install/r2_rtabmap/share/r2_rtabmap/local_setup.sh
[5.254s] -- Installing: /home/tee/ros2_fyp/install/r2_rtabmap/share/r2_rtabmap/local_setup.zsh
[5.255s] -- Installing: /home/tee/ros2_fyp/install/r2_rtabmap/share/r2_rtabmap/local_setup.dsv
[5.257s] -- Installing: /home/tee/ros2_fyp/install/r2_rtabmap/share/r2_rtabmap/package.dsv
[5.259s] -- Installing: /home/tee/ros2_fyp/install/r2_rtabmap/share/ament_index/resource_index/packages/r2_rtabmap
[5.261s] -- Installing: /home/tee/ros2_fyp/install/r2_rtabmap/share/r2_rtabmap/cmake/r2_rtabmapConfig.cmake
[5.262s] -- Installing: /home/tee/ros2_fyp/install/r2_rtabmap/share/r2_rtabmap/cmake/r2_rtabmapConfig-version.cmake
[5.263s] -- Installing: /home/tee/ros2_fyp/install/r2_rtabmap/share/r2_rtabmap/package.xml
[5.270s] Invoked command in '/home/tee/ros2_fyp/build/r2_rtabmap' returned '0': CMAKE_PREFIX_PATH=${CMAKE_PREFIX_PATH}:/home/tee/ros2_fyp/install/r2_wheel_odometry:/home/tee/ros2_fyp/install/r2_driver:/opt/ros/humble /usr/bin/cmake --install /home/tee/ros2_fyp/build/r2_rtabmap
