[0.712s] DEBUG:colcon:Command line arguments: ['/usr/bin/colcon', 'build', '--packages-select', 'r2_cloud_accumulator']
[0.712s] DEBUG:colcon:Parsed command line arguments: Namespace(log_base=None, log_level=None, verb_name='build', build_base='build', install_base='install', merge_install=False, symlink_install=False, test_result_base=None, continue_on_error=False, executor='parallel', parallel_workers=4, event_handlers=None, ignore_user_meta=False, metas=['./colcon.meta'], base_paths=['.'], packages_ignore=None, packages_ignore_regex=None, paths=None, packages_up_to=None, packages_up_to_regex=None, packages_above=None, packages_above_and_dependencies=None, packages_above_depth=None, packages_select_by_dep=None, packages_skip_by_dep=None, packages_skip_up_to=None, packages_select_build_failed=False, packages_skip_build_finished=False, packages_select_test_failures=False, packages_skip_test_passed=False, packages_select=['r2_cloud_accumulator'], packages_skip=None, packages_select_regex=None, packages_skip_regex=None, packages_start=None, packages_end=None, allow_overriding=[], cmake_args=None, cmake_target=None, cmake_target_skip_unavailable=False, cmake_clean_cache=False, cmake_clean_first=False, cmake_force_configure=False, ament_cmake_args=None, catkin_cmake_args=None, catkin_skip_building_tests=False, mixin_files=None, mixin=None, verb_parser=<colcon_mixin.mixin.mixin_argument.MixinArgumentDecorator object at 0xffffb4cb7ca0>, verb_extension=<colcon_core.verb.build.BuildVerb object at 0xffffb4e89690>, main=<bound method BuildVerb.main of <colcon_core.verb.build.BuildVerb object at 0xffffb4e89690>>, mixin_verb=('build',))
[2.133s] Level 1:colcon.colcon_core.package_discovery:discover_packages(colcon_meta) check parameters
[2.134s] Level 1:colcon.colcon_core.package_discovery:discover_packages(recursive) check parameters
[2.134s] Level 1:colcon.colcon_core.package_discovery:discover_packages(ignore) check parameters
[2.134s] Level 1:colcon.colcon_core.package_discovery:discover_packages(path) check parameters
[2.135s] Level 1:colcon.colcon_core.package_discovery:discover_packages(colcon_meta) discover
[2.135s] Level 1:colcon.colcon_core.package_discovery:discover_packages(recursive) discover
[2.135s] INFO:colcon.colcon_core.package_discovery:Crawling recursively for packages in '/home/tee/ros2_fyp'
[2.136s] Level 1:colcon.colcon_core.package_identification:_identify(.) by extensions ['ignore', 'ignore_ament_install']
[2.136s] Level 1:colcon.colcon_core.package_identification:_identify(.) by extension 'ignore'
[2.137s] Level 1:colcon.colcon_core.package_identification:_identify(.) by extension 'ignore_ament_install'
[2.137s] Level 1:colcon.colcon_core.package_identification:_identify(.) by extensions ['colcon_pkg']
[2.137s] Level 1:colcon.colcon_core.package_identification:_identify(.) by extension 'colcon_pkg'
[2.137s] Level 1:colcon.colcon_core.package_identification:_identify(.) by extensions ['colcon_meta']
[2.138s] Level 1:colcon.colcon_core.package_identification:_identify(.) by extension 'colcon_meta'
[2.138s] Level 1:colcon.colcon_core.package_identification:_identify(.) by extensions ['ros']
[2.138s] Level 1:colcon.colcon_core.package_identification:_identify(.) by extension 'ros'
[2.204s] Level 1:colcon.colcon_core.package_identification:_identify(.) by extensions ['cmake', 'python']
[2.204s] Level 1:colcon.colcon_core.package_identification:_identify(.) by extension 'cmake'
[2.204s] Level 1:colcon.colcon_core.package_identification:_identify(.) by extension 'python'
[2.205s] Level 1:colcon.colcon_core.package_identification:_identify(.) by extensions ['python_setup_py']
[2.205s] Level 1:colcon.colcon_core.package_identification:_identify(.) by extension 'python_setup_py'
[2.206s] Level 1:colcon.colcon_core.package_identification:_identify(build) by extensions ['ignore', 'ignore_ament_install']
[2.206s] Level 1:colcon.colcon_core.package_identification:_identify(build) by extension 'ignore'
[2.206s] Level 1:colcon.colcon_core.package_identification:_identify(build) ignored
[2.207s] Level 1:colcon.colcon_core.package_identification:_identify(config) by extensions ['ignore', 'ignore_ament_install']
[2.207s] Level 1:colcon.colcon_core.package_identification:_identify(config) by extension 'ignore'
[2.207s] Level 1:colcon.colcon_core.package_identification:_identify(config) by extension 'ignore_ament_install'
[2.208s] Level 1:colcon.colcon_core.package_identification:_identify(config) by extensions ['colcon_pkg']
[2.208s] Level 1:colcon.colcon_core.package_identification:_identify(config) by extension 'colcon_pkg'
[2.208s] Level 1:colcon.colcon_core.package_identification:_identify(config) by extensions ['colcon_meta']
[2.208s] Level 1:colcon.colcon_core.package_identification:_identify(config) by extension 'colcon_meta'
[2.208s] Level 1:colcon.colcon_core.package_identification:_identify(config) by extensions ['ros']
[2.208s] Level 1:colcon.colcon_core.package_identification:_identify(config) by extension 'ros'
[2.209s] Level 1:colcon.colcon_core.package_identification:_identify(config) by extensions ['cmake', 'python']
[2.209s] Level 1:colcon.colcon_core.package_identification:_identify(config) by extension 'cmake'
[2.209s] Level 1:colcon.colcon_core.package_identification:_identify(config) by extension 'python'
[2.209s] Level 1:colcon.colcon_core.package_identification:_identify(config) by extensions ['python_setup_py']
[2.209s] Level 1:colcon.colcon_core.package_identification:_identify(config) by extension 'python_setup_py'
[2.210s] Level 1:colcon.colcon_core.package_identification:_identify(install) by extensions ['ignore', 'ignore_ament_install']
[2.210s] Level 1:colcon.colcon_core.package_identification:_identify(install) by extension 'ignore'
[2.211s] Level 1:colcon.colcon_core.package_identification:_identify(install) ignored
[2.212s] Level 1:colcon.colcon_core.package_identification:_identify(log) by extensions ['ignore', 'ignore_ament_install']
[2.212s] Level 1:colcon.colcon_core.package_identification:_identify(log) by extension 'ignore'
[2.212s] Level 1:colcon.colcon_core.package_identification:_identify(log) ignored
[2.213s] Level 1:colcon.colcon_core.package_identification:_identify(src) by extensions ['ignore', 'ignore_ament_install']
[2.213s] Level 1:colcon.colcon_core.package_identification:_identify(src) by extension 'ignore'
[2.213s] Level 1:colcon.colcon_core.package_identification:_identify(src) by extension 'ignore_ament_install'
[2.213s] Level 1:colcon.colcon_core.package_identification:_identify(src) by extensions ['colcon_pkg']
[2.214s] Level 1:colcon.colcon_core.package_identification:_identify(src) by extension 'colcon_pkg'
[2.214s] Level 1:colcon.colcon_core.package_identification:_identify(src) by extensions ['colcon_meta']
[2.214s] Level 1:colcon.colcon_core.package_identification:_identify(src) by extension 'colcon_meta'
[2.214s] Level 1:colcon.colcon_core.package_identification:_identify(src) by extensions ['ros']
[2.214s] Level 1:colcon.colcon_core.package_identification:_identify(src) by extension 'ros'
[2.215s] Level 1:colcon.colcon_core.package_identification:_identify(src) by extensions ['cmake', 'python']
[2.215s] Level 1:colcon.colcon_core.package_identification:_identify(src) by extension 'cmake'
[2.215s] Level 1:colcon.colcon_core.package_identification:_identify(src) by extension 'python'
[2.215s] Level 1:colcon.colcon_core.package_identification:_identify(src) by extensions ['python_setup_py']
[2.215s] Level 1:colcon.colcon_core.package_identification:_identify(src) by extension 'python_setup_py'
[2.216s] Level 1:colcon.colcon_core.package_identification:_identify(src/r2_bringup) by extensions ['ignore', 'ignore_ament_install']
[2.216s] Level 1:colcon.colcon_core.package_identification:_identify(src/r2_bringup) by extension 'ignore'
[2.216s] Level 1:colcon.colcon_core.package_identification:_identify(src/r2_bringup) by extension 'ignore_ament_install'
[2.217s] Level 1:colcon.colcon_core.package_identification:_identify(src/r2_bringup) by extensions ['colcon_pkg']
[2.217s] Level 1:colcon.colcon_core.package_identification:_identify(src/r2_bringup) by extension 'colcon_pkg'
[2.217s] Level 1:colcon.colcon_core.package_identification:_identify(src/r2_bringup) by extensions ['colcon_meta']
[2.217s] Level 1:colcon.colcon_core.package_identification:_identify(src/r2_bringup) by extension 'colcon_meta'
[2.217s] Level 1:colcon.colcon_core.package_identification:_identify(src/r2_bringup) by extensions ['ros']
[2.217s] Level 1:colcon.colcon_core.package_identification:_identify(src/r2_bringup) by extension 'ros'
[2.234s] DEBUG:colcon.colcon_core.package_identification:Package 'src/r2_bringup' with type 'ros.ament_cmake' and name 'r2_bringup'
[2.234s] Level 1:colcon.colcon_core.package_identification:_identify(src/r2_cloud_accumulator) by extensions ['ignore', 'ignore_ament_install']
[2.235s] Level 1:colcon.colcon_core.package_identification:_identify(src/r2_cloud_accumulator) by extension 'ignore'
[2.235s] Level 1:colcon.colcon_core.package_identification:_identify(src/r2_cloud_accumulator) by extension 'ignore_ament_install'
[2.235s] Level 1:colcon.colcon_core.package_identification:_identify(src/r2_cloud_accumulator) by extensions ['colcon_pkg']
[2.236s] Level 1:colcon.colcon_core.package_identification:_identify(src/r2_cloud_accumulator) by extension 'colcon_pkg'
[2.236s] Level 1:colcon.colcon_core.package_identification:_identify(src/r2_cloud_accumulator) by extensions ['colcon_meta']
[2.236s] Level 1:colcon.colcon_core.package_identification:_identify(src/r2_cloud_accumulator) by extension 'colcon_meta'
[2.236s] Level 1:colcon.colcon_core.package_identification:_identify(src/r2_cloud_accumulator) by extensions ['ros']
[2.236s] Level 1:colcon.colcon_core.package_identification:_identify(src/r2_cloud_accumulator) by extension 'ros'
[2.239s] DEBUG:colcon.colcon_core.package_identification:Package 'src/r2_cloud_accumulator' with type 'ros.ament_python' and name 'r2_cloud_accumulator'
[2.240s] Level 1:colcon.colcon_core.package_identification:_identify(src/r2_description) by extensions ['ignore', 'ignore_ament_install']
[2.240s] Level 1:colcon.colcon_core.package_identification:_identify(src/r2_description) by extension 'ignore'
[2.241s] Level 1:colcon.colcon_core.package_identification:_identify(src/r2_description) by extension 'ignore_ament_install'
[2.241s] Level 1:colcon.colcon_core.package_identification:_identify(src/r2_description) by extensions ['colcon_pkg']
[2.241s] Level 1:colcon.colcon_core.package_identification:_identify(src/r2_description) by extension 'colcon_pkg'
[2.241s] Level 1:colcon.colcon_core.package_identification:_identify(src/r2_description) by extensions ['colcon_meta']
[2.241s] Level 1:colcon.colcon_core.package_identification:_identify(src/r2_description) by extension 'colcon_meta'
[2.242s] Level 1:colcon.colcon_core.package_identification:_identify(src/r2_description) by extensions ['ros']
[2.242s] Level 1:colcon.colcon_core.package_identification:_identify(src/r2_description) by extension 'ros'
[2.245s] DEBUG:colcon.colcon_core.package_identification:Package 'src/r2_description' with type 'ros.ament_cmake' and name 'r2_description'
[2.246s] Level 1:colcon.colcon_core.package_identification:_identify(src/r2_driver) by extensions ['ignore', 'ignore_ament_install']
[2.246s] Level 1:colcon.colcon_core.package_identification:_identify(src/r2_driver) by extension 'ignore'
[2.246s] Level 1:colcon.colcon_core.package_identification:_identify(src/r2_driver) by extension 'ignore_ament_install'
[2.247s] Level 1:colcon.colcon_core.package_identification:_identify(src/r2_driver) by extensions ['colcon_pkg']
[2.247s] Level 1:colcon.colcon_core.package_identification:_identify(src/r2_driver) by extension 'colcon_pkg'
[2.247s] Level 1:colcon.colcon_core.package_identification:_identify(src/r2_driver) by extensions ['colcon_meta']
[2.247s] Level 1:colcon.colcon_core.package_identification:_identify(src/r2_driver) by extension 'colcon_meta'
[2.247s] Level 1:colcon.colcon_core.package_identification:_identify(src/r2_driver) by extensions ['ros']
[2.247s] Level 1:colcon.colcon_core.package_identification:_identify(src/r2_driver) by extension 'ros'
[2.251s] DEBUG:colcon.colcon_core.package_identification:Package 'src/r2_driver' with type 'ros.ament_python' and name 'r2_driver'
[2.252s] Level 1:colcon.colcon_core.package_identification:_identify(src/r2_rtabmap) by extensions ['ignore', 'ignore_ament_install']
[2.288s] Level 1:colcon.colcon_core.package_identification:_identify(src/r2_rtabmap) by extension 'ignore'
[2.288s] Level 1:colcon.colcon_core.package_identification:_identify(src/r2_rtabmap) by extension 'ignore_ament_install'
[2.289s] Level 1:colcon.colcon_core.package_identification:_identify(src/r2_rtabmap) by extensions ['colcon_pkg']
[2.289s] Level 1:colcon.colcon_core.package_identification:_identify(src/r2_rtabmap) by extension 'colcon_pkg'
[2.289s] Level 1:colcon.colcon_core.package_identification:_identify(src/r2_rtabmap) by extensions ['colcon_meta']
[2.289s] Level 1:colcon.colcon_core.package_identification:_identify(src/r2_rtabmap) by extension 'colcon_meta'
[2.289s] Level 1:colcon.colcon_core.package_identification:_identify(src/r2_rtabmap) by extensions ['ros']
[2.290s] Level 1:colcon.colcon_core.package_identification:_identify(src/r2_rtabmap) by extension 'ros'
[2.293s] DEBUG:colcon.colcon_core.package_identification:Package 'src/r2_rtabmap' with type 'ros.ament_cmake' and name 'r2_rtabmap'
[2.293s] Level 1:colcon.colcon_core.package_identification:_identify(src/r2_wheel_odometry) by extensions ['ignore', 'ignore_ament_install']
[2.294s] Level 1:colcon.colcon_core.package_identification:_identify(src/r2_wheel_odometry) by extension 'ignore'
[2.294s] Level 1:colcon.colcon_core.package_identification:_identify(src/r2_wheel_odometry) by extension 'ignore_ament_install'
[2.294s] Level 1:colcon.colcon_core.package_identification:_identify(src/r2_wheel_odometry) by extensions ['colcon_pkg']
[2.294s] Level 1:colcon.colcon_core.package_identification:_identify(src/r2_wheel_odometry) by extension 'colcon_pkg'
[2.295s] Level 1:colcon.colcon_core.package_identification:_identify(src/r2_wheel_odometry) by extensions ['colcon_meta']
[2.295s] Level 1:colcon.colcon_core.package_identification:_identify(src/r2_wheel_odometry) by extension 'colcon_meta'
[2.295s] Level 1:colcon.colcon_core.package_identification:_identify(src/r2_wheel_odometry) by extensions ['ros']
[2.295s] Level 1:colcon.colcon_core.package_identification:_identify(src/r2_wheel_odometry) by extension 'ros'
[2.299s] DEBUG:colcon.colcon_core.package_identification:Package 'src/r2_wheel_odometry' with type 'ros.ament_python' and name 'r2_wheel_odometry'
[2.300s] Level 1:colcon.colcon_core.package_identification:_identify(src/ros2_astra_camera) by extensions ['ignore', 'ignore_ament_install']
[2.300s] Level 1:colcon.colcon_core.package_identification:_identify(src/ros2_astra_camera) by extension 'ignore'
[2.301s] Level 1:colcon.colcon_core.package_identification:_identify(src/ros2_astra_camera) by extension 'ignore_ament_install'
[2.301s] Level 1:colcon.colcon_core.package_identification:_identify(src/ros2_astra_camera) by extensions ['colcon_pkg']
[2.301s] Level 1:colcon.colcon_core.package_identification:_identify(src/ros2_astra_camera) by extension 'colcon_pkg'
[2.301s] Level 1:colcon.colcon_core.package_identification:_identify(src/ros2_astra_camera) by extensions ['colcon_meta']
[2.302s] Level 1:colcon.colcon_core.package_identification:_identify(src/ros2_astra_camera) by extension 'colcon_meta'
[2.302s] Level 1:colcon.colcon_core.package_identification:_identify(src/ros2_astra_camera) by extensions ['ros']
[2.302s] Level 1:colcon.colcon_core.package_identification:_identify(src/ros2_astra_camera) by extension 'ros'
[2.302s] Level 1:colcon.colcon_core.package_identification:_identify(src/ros2_astra_camera) by extensions ['cmake', 'python']
[2.303s] Level 1:colcon.colcon_core.package_identification:_identify(src/ros2_astra_camera) by extension 'cmake'
[2.303s] Level 1:colcon.colcon_core.package_identification:_identify(src/ros2_astra_camera) by extension 'python'
[2.303s] Level 1:colcon.colcon_core.package_identification:_identify(src/ros2_astra_camera) by extensions ['python_setup_py']
[2.303s] Level 1:colcon.colcon_core.package_identification:_identify(src/ros2_astra_camera) by extension 'python_setup_py'
[2.304s] Level 1:colcon.colcon_core.package_identification:_identify(src/ros2_astra_camera/astra_camera) by extensions ['ignore', 'ignore_ament_install']
[2.304s] Level 1:colcon.colcon_core.package_identification:_identify(src/ros2_astra_camera/astra_camera) by extension 'ignore'
[2.305s] Level 1:colcon.colcon_core.package_identification:_identify(src/ros2_astra_camera/astra_camera) by extension 'ignore_ament_install'
[2.305s] Level 1:colcon.colcon_core.package_identification:_identify(src/ros2_astra_camera/astra_camera) by extensions ['colcon_pkg']
[2.305s] Level 1:colcon.colcon_core.package_identification:_identify(src/ros2_astra_camera/astra_camera) by extension 'colcon_pkg'
[2.305s] Level 1:colcon.colcon_core.package_identification:_identify(src/ros2_astra_camera/astra_camera) by extensions ['colcon_meta']
[2.305s] Level 1:colcon.colcon_core.package_identification:_identify(src/ros2_astra_camera/astra_camera) by extension 'colcon_meta'
[2.306s] Level 1:colcon.colcon_core.package_identification:_identify(src/ros2_astra_camera/astra_camera) by extensions ['ros']
[2.306s] Level 1:colcon.colcon_core.package_identification:_identify(src/ros2_astra_camera/astra_camera) by extension 'ros'
[2.315s] DEBUG:colcon.colcon_core.package_identification:Package 'src/ros2_astra_camera/astra_camera' with type 'ros.ament_cmake' and name 'astra_camera'
[2.315s] Level 1:colcon.colcon_core.package_identification:_identify(src/ros2_astra_camera/astra_camera_msgs) by extensions ['ignore', 'ignore_ament_install']
[2.316s] Level 1:colcon.colcon_core.package_identification:_identify(src/ros2_astra_camera/astra_camera_msgs) by extension 'ignore'
[2.316s] Level 1:colcon.colcon_core.package_identification:_identify(src/ros2_astra_camera/astra_camera_msgs) by extension 'ignore_ament_install'
[2.316s] Level 1:colcon.colcon_core.package_identification:_identify(src/ros2_astra_camera/astra_camera_msgs) by extensions ['colcon_pkg']
[2.316s] Level 1:colcon.colcon_core.package_identification:_identify(src/ros2_astra_camera/astra_camera_msgs) by extension 'colcon_pkg'
[2.317s] Level 1:colcon.colcon_core.package_identification:_identify(src/ros2_astra_camera/astra_camera_msgs) by extensions ['colcon_meta']
[2.317s] Level 1:colcon.colcon_core.package_identification:_identify(src/ros2_astra_camera/astra_camera_msgs) by extension 'colcon_meta'
[2.317s] Level 1:colcon.colcon_core.package_identification:_identify(src/ros2_astra_camera/astra_camera_msgs) by extensions ['ros']
[2.317s] Level 1:colcon.colcon_core.package_identification:_identify(src/ros2_astra_camera/astra_camera_msgs) by extension 'ros'
[2.321s] DEBUG:colcon.colcon_core.package_identification:Package 'src/ros2_astra_camera/astra_camera_msgs' with type 'ros.ament_cmake' and name 'astra_camera_msgs'
[2.322s] Level 1:colcon.colcon_core.package_identification:_identify(src/rplidar_ros) by extensions ['ignore', 'ignore_ament_install']
[2.322s] Level 1:colcon.colcon_core.package_identification:_identify(src/rplidar_ros) by extension 'ignore'
[2.323s] Level 1:colcon.colcon_core.package_identification:_identify(src/rplidar_ros) by extension 'ignore_ament_install'
[2.323s] Level 1:colcon.colcon_core.package_identification:_identify(src/rplidar_ros) by extensions ['colcon_pkg']
[2.323s] Level 1:colcon.colcon_core.package_identification:_identify(src/rplidar_ros) by extension 'colcon_pkg'
[2.323s] Level 1:colcon.colcon_core.package_identification:_identify(src/rplidar_ros) by extensions ['colcon_meta']
[2.324s] Level 1:colcon.colcon_core.package_identification:_identify(src/rplidar_ros) by extension 'colcon_meta'
[2.324s] Level 1:colcon.colcon_core.package_identification:_identify(src/rplidar_ros) by extensions ['ros']
[2.324s] Level 1:colcon.colcon_core.package_identification:_identify(src/rplidar_ros) by extension 'ros'
[2.326s] DEBUG:colcon.colcon_core.package_identification:Package 'src/rplidar_ros' with type 'ros.ament_cmake' and name 'rplidar_ros'
[2.327s] Level 1:colcon.colcon_core.package_discovery:discover_packages(recursive) using defaults
[2.327s] Level 1:colcon.colcon_core.package_discovery:discover_packages(ignore) discover
[2.327s] Level 1:colcon.colcon_core.package_discovery:discover_packages(ignore) using defaults
[2.327s] Level 1:colcon.colcon_core.package_discovery:discover_packages(path) discover
[2.328s] Level 1:colcon.colcon_core.package_discovery:discover_packages(path) using defaults
[2.477s] INFO:colcon.colcon_core.package_selection:Skipping not selected package 'astra_camera_msgs' in 'src/ros2_astra_camera/astra_camera_msgs'
[2.478s] INFO:colcon.colcon_core.package_selection:Skipping not selected package 'r2_bringup' in 'src/r2_bringup'
[2.478s] INFO:colcon.colcon_core.package_selection:Skipping not selected package 'r2_description' in 'src/r2_description'
[2.478s] INFO:colcon.colcon_core.package_selection:Skipping not selected package 'r2_driver' in 'src/r2_driver'
[2.478s] INFO:colcon.colcon_core.package_selection:Skipping not selected package 'r2_rtabmap' in 'src/r2_rtabmap'
[2.478s] INFO:colcon.colcon_core.package_selection:Skipping not selected package 'r2_wheel_odometry' in 'src/r2_wheel_odometry'
[2.478s] INFO:colcon.colcon_core.package_selection:Skipping not selected package 'rplidar_ros' in 'src/rplidar_ros'
[2.478s] INFO:colcon.colcon_core.package_selection:Skipping not selected package 'astra_camera' in 'src/ros2_astra_camera/astra_camera'
[2.481s] Level 1:colcon.colcon_core.package_discovery:discover_packages(prefix_path) check parameters
[2.481s] Level 1:colcon.colcon_core.package_discovery:discover_packages(prefix_path) discover
[2.499s] DEBUG:colcon.colcon_installed_package_information.package_discovery:Found 9 installed packages in /home/tee/ros2_fyp/install
[2.512s] DEBUG:colcon.colcon_installed_package_information.package_discovery:Found 373 installed packages in /opt/ros/humble
[2.524s] Level 1:colcon.colcon_core.package_discovery:discover_packages(prefix_path) using defaults
[2.756s] Level 5:colcon.colcon_core.verb:set package 'r2_cloud_accumulator' build argument 'cmake_args' from command line to 'None'
[2.757s] Level 5:colcon.colcon_core.verb:set package 'r2_cloud_accumulator' build argument 'cmake_target' from command line to 'None'
[2.757s] Level 5:colcon.colcon_core.verb:set package 'r2_cloud_accumulator' build argument 'cmake_target_skip_unavailable' from command line to 'False'
[2.757s] Level 5:colcon.colcon_core.verb:set package 'r2_cloud_accumulator' build argument 'cmake_clean_cache' from command line to 'False'
[2.757s] Level 5:colcon.colcon_core.verb:set package 'r2_cloud_accumulator' build argument 'cmake_clean_first' from command line to 'False'
[2.757s] Level 5:colcon.colcon_core.verb:set package 'r2_cloud_accumulator' build argument 'cmake_force_configure' from command line to 'False'
[2.757s] Level 5:colcon.colcon_core.verb:set package 'r2_cloud_accumulator' build argument 'ament_cmake_args' from command line to 'None'
[2.757s] Level 5:colcon.colcon_core.verb:set package 'r2_cloud_accumulator' build argument 'catkin_cmake_args' from command line to 'None'
[2.757s] Level 5:colcon.colcon_core.verb:set package 'r2_cloud_accumulator' build argument 'catkin_skip_building_tests' from command line to 'False'
[2.758s] DEBUG:colcon.colcon_core.verb:Building package 'r2_cloud_accumulator' with the following arguments: {'ament_cmake_args': None, 'build_base': '/home/tee/ros2_fyp/build/r2_cloud_accumulator', 'catkin_cmake_args': None, 'catkin_skip_building_tests': False, 'cmake_args': None, 'cmake_clean_cache': False, 'cmake_clean_first': False, 'cmake_force_configure': False, 'cmake_target': None, 'cmake_target_skip_unavailable': False, 'install_base': '/home/tee/ros2_fyp/install/r2_cloud_accumulator', 'merge_install': False, 'path': '/home/tee/ros2_fyp/src/r2_cloud_accumulator', 'symlink_install': False, 'test_result_base': None}
[2.758s] INFO:colcon.colcon_core.executor:Executing jobs using 'parallel' executor
[2.762s] DEBUG:colcon.colcon_parallel_executor.executor.parallel:run_until_complete
[2.763s] INFO:colcon.colcon_ros.task.ament_python.build:Building ROS package in '/home/tee/ros2_fyp/src/r2_cloud_accumulator' with build type 'ament_python'
[2.763s] Level 1:colcon.colcon_core.shell:create_environment_hook('r2_cloud_accumulator', 'ament_prefix_path')
[2.785s] INFO:colcon.colcon_core.plugin_system:Skipping extension 'colcon_core.shell.bat': Not used on non-Windows systems
[2.786s] INFO:colcon.colcon_core.shell:Creating environment hook '/home/tee/ros2_fyp/install/r2_cloud_accumulator/share/r2_cloud_accumulator/hook/ament_prefix_path.ps1'
[2.790s] INFO:colcon.colcon_core.shell:Creating environment descriptor '/home/tee/ros2_fyp/install/r2_cloud_accumulator/share/r2_cloud_accumulator/hook/ament_prefix_path.dsv'
[2.793s] INFO:colcon.colcon_core.shell:Creating environment hook '/home/tee/ros2_fyp/install/r2_cloud_accumulator/share/r2_cloud_accumulator/hook/ament_prefix_path.sh'
[2.799s] INFO:colcon.colcon_core.shell:Skip shell extension 'powershell' for command environment: Not usable outside of PowerShell
[2.799s] DEBUG:colcon.colcon_core.shell:Skip shell extension 'dsv' for command environment
[4.261s] INFO:colcon.colcon_core.task.python.build:Building Python package in '/home/tee/ros2_fyp/src/r2_cloud_accumulator'
[4.263s] INFO:colcon.colcon_core.shell:Skip shell extension 'powershell' for command environment: Not usable outside of PowerShell
[4.263s] DEBUG:colcon.colcon_core.shell:Skip shell extension 'dsv' for command environment
[6.265s] DEBUG:colcon.colcon_core.event_handler.log_command:Invoking command in '/home/tee/ros2_fyp/src/r2_cloud_accumulator': PYTHONPATH=/home/tee/ros2_fyp/build/r2_cloud_accumulator/prefix_override:/usr/lib/python3/dist-packages/colcon_core/task/python/colcon_distutils_commands:/home/tee/ros2_fyp/install/r2_cloud_accumulator/lib/python3.10/site-packages:${PYTHONPATH} /usr/bin/python3 -W ignore:setup.py install is deprecated -W ignore:easy_install command is deprecated setup.py egg_info --egg-base ../../build/r2_cloud_accumulator build --build-base /home/tee/ros2_fyp/build/r2_cloud_accumulator/build install --record /home/tee/ros2_fyp/build/r2_cloud_accumulator/install.log --single-version-externally-managed install_data
[7.782s] DEBUG:colcon.colcon_core.event_handler.log_command:Invoked command in '/home/tee/ros2_fyp/src/r2_cloud_accumulator' returned '0': PYTHONPATH=/home/tee/ros2_fyp/build/r2_cloud_accumulator/prefix_override:/usr/lib/python3/dist-packages/colcon_core/task/python/colcon_distutils_commands:/home/tee/ros2_fyp/install/r2_cloud_accumulator/lib/python3.10/site-packages:${PYTHONPATH} /usr/bin/python3 -W ignore:setup.py install is deprecated -W ignore:easy_install command is deprecated setup.py egg_info --egg-base ../../build/r2_cloud_accumulator build --build-base /home/tee/ros2_fyp/build/r2_cloud_accumulator/build install --record /home/tee/ros2_fyp/build/r2_cloud_accumulator/install.log --single-version-externally-managed install_data
[7.810s] Level 1:colcon.colcon_core.environment:checking '/home/tee/ros2_fyp/install/r2_cloud_accumulator' for CMake module files
[7.813s] Level 1:colcon.colcon_core.environment:checking '/home/tee/ros2_fyp/install/r2_cloud_accumulator' for CMake config files
[7.819s] Level 1:colcon.colcon_core.environment:checking '/home/tee/ros2_fyp/install/r2_cloud_accumulator/lib'
[7.820s] Level 1:colcon.colcon_core.environment:checking '/home/tee/ros2_fyp/install/r2_cloud_accumulator/bin'
[7.820s] Level 1:colcon.colcon_core.environment:checking '/home/tee/ros2_fyp/install/r2_cloud_accumulator/lib/pkgconfig/r2_cloud_accumulator.pc'
[7.821s] Level 1:colcon.colcon_core.environment:checking '/home/tee/ros2_fyp/install/r2_cloud_accumulator/lib/python3.10/site-packages'
[7.822s] Level 1:colcon.colcon_core.shell:create_environment_hook('r2_cloud_accumulator', 'pythonpath')
[7.823s] INFO:colcon.colcon_core.shell:Creating environment hook '/home/tee/ros2_fyp/install/r2_cloud_accumulator/share/r2_cloud_accumulator/hook/pythonpath.ps1'
[7.825s] INFO:colcon.colcon_core.shell:Creating environment descriptor '/home/tee/ros2_fyp/install/r2_cloud_accumulator/share/r2_cloud_accumulator/hook/pythonpath.dsv'
[7.827s] INFO:colcon.colcon_core.shell:Creating environment hook '/home/tee/ros2_fyp/install/r2_cloud_accumulator/share/r2_cloud_accumulator/hook/pythonpath.sh'
[7.831s] Level 1:colcon.colcon_core.environment:checking '/home/tee/ros2_fyp/install/r2_cloud_accumulator/bin'
[7.831s] Level 1:colcon.colcon_core.environment:create_environment_scripts_only(r2_cloud_accumulator)
[7.833s] INFO:colcon.colcon_core.shell:Creating package script '/home/tee/ros2_fyp/install/r2_cloud_accumulator/share/r2_cloud_accumulator/package.ps1'
[7.837s] INFO:colcon.colcon_core.shell:Creating package descriptor '/home/tee/ros2_fyp/install/r2_cloud_accumulator/share/r2_cloud_accumulator/package.dsv'
[7.840s] INFO:colcon.colcon_core.shell:Creating package script '/home/tee/ros2_fyp/install/r2_cloud_accumulator/share/r2_cloud_accumulator/package.sh'
[7.845s] INFO:colcon.colcon_core.shell:Creating package script '/home/tee/ros2_fyp/install/r2_cloud_accumulator/share/r2_cloud_accumulator/package.bash'
[7.849s] INFO:colcon.colcon_core.shell:Creating package script '/home/tee/ros2_fyp/install/r2_cloud_accumulator/share/r2_cloud_accumulator/package.zsh'
[7.853s] Level 1:colcon.colcon_core.environment:create_file_with_runtime_dependencies(/home/tee/ros2_fyp/install/r2_cloud_accumulator/share/colcon-core/packages/r2_cloud_accumulator)
[7.855s] DEBUG:colcon.colcon_parallel_executor.executor.parallel:closing loop
[7.856s] DEBUG:colcon.colcon_parallel_executor.executor.parallel:loop closed
[7.857s] DEBUG:colcon.colcon_parallel_executor.executor.parallel:run_until_complete finished with '0'
[7.857s] DEBUG:colcon.colcon_core.event_reactor:joining thread
[7.888s] INFO:colcon.colcon_core.plugin_system:Skipping extension 'colcon_notification.desktop_notification.terminal_notifier': Not used on non-Darwin systems
[7.888s] INFO:colcon.colcon_core.plugin_system:Skipping extension 'colcon_notification.desktop_notification.win32': Not used on non-Windows systems
[7.888s] INFO:colcon.colcon_notification.desktop_notification:Sending desktop notification using 'notify2'
[7.893s] DEBUG:colcon.colcon_notification.desktop_notification.notify2:Failed to initialize notify2: org.freedesktop.DBus.Error.ServiceUnknown: The name org.freedesktop.Notifications was not provided by any .service files
[7.894s] DEBUG:colcon.colcon_core.event_reactor:joined thread
[7.895s] INFO:colcon.colcon_core.shell:Creating prefix script '/home/tee/ros2_fyp/install/local_setup.ps1'
[7.900s] INFO:colcon.colcon_core.shell:Creating prefix util module '/home/tee/ros2_fyp/install/_local_setup_util_ps1.py'
[7.908s] INFO:colcon.colcon_core.shell:Creating prefix chain script '/home/tee/ros2_fyp/install/setup.ps1'
[7.916s] INFO:colcon.colcon_core.shell:Creating prefix script '/home/tee/ros2_fyp/install/local_setup.sh'
[7.919s] INFO:colcon.colcon_core.shell:Creating prefix util module '/home/tee/ros2_fyp/install/_local_setup_util_sh.py'
[7.922s] INFO:colcon.colcon_core.shell:Creating prefix chain script '/home/tee/ros2_fyp/install/setup.sh'
[7.930s] INFO:colcon.colcon_core.shell:Creating prefix script '/home/tee/ros2_fyp/install/local_setup.bash'
[7.933s] INFO:colcon.colcon_core.shell:Creating prefix chain script '/home/tee/ros2_fyp/install/setup.bash'
[7.941s] INFO:colcon.colcon_core.shell:Creating prefix script '/home/tee/ros2_fyp/install/local_setup.zsh'
[7.944s] INFO:colcon.colcon_core.shell:Creating prefix chain script '/home/tee/ros2_fyp/install/setup.zsh'
