[0.075s] Invoking command in '/home/tee/ros2_fyp/build/r2_bringup': CMAKE_PREFIX_PATH=${CMAKE_PREFIX_PATH}:/home/tee/ros2_fyp/install/r2_wheel_odometry_and_imu:/home/tee/ros2_fyp/install/r2_wheel_odometry:/home/tee/ros2_fyp/install/r2_driver:/home/tee/ros2_fyp/install/r2_cloud_accumulator:/opt/ros/humble /usr/bin/cmake --build /home/tee/ros2_fyp/build/r2_bringup -- -j4 -l4
[0.553s] Invoked command in '/home/tee/ros2_fyp/build/r2_bringup' returned '0': CMAKE_PREFIX_PATH=${CMAKE_PREFIX_PATH}:/home/tee/ros2_fyp/install/r2_wheel_odometry_and_imu:/home/tee/ros2_fyp/install/r2_wheel_odometry:/home/tee/ros2_fyp/install/r2_driver:/home/tee/ros2_fyp/install/r2_cloud_accumulator:/opt/ros/humble /usr/bin/cmake --build /home/tee/ros2_fyp/build/r2_bringup -- -j4 -l4
[0.600s] Invoking command in '/home/tee/ros2_fyp/build/r2_bringup': CMAKE_PREFIX_PATH=${CMAKE_PREFIX_PATH}:/home/tee/ros2_fyp/install/r2_wheel_odometry_and_imu:/home/tee/ros2_fyp/install/r2_wheel_odometry:/home/tee/ros2_fyp/install/r2_driver:/home/tee/ros2_fyp/install/r2_cloud_accumulator:/opt/ros/humble /usr/bin/cmake --install /home/tee/ros2_fyp/build/r2_bringup
[0.633s] -- Install configuration: ""
[0.637s] -- Execute custom install script
[0.644s] -- Up-to-date symlink: /home/tee/ros2_fyp/install/r2_bringup/share/r2_bringup/launch/astra_camera.launch.py
[0.645s] -- Up-to-date symlink: /home/tee/ros2_fyp/install/r2_bringup/share/r2_bringup/launch/bringup.launch.py
[0.646s] -- Up-to-date symlink: /home/tee/ros2_fyp/install/r2_bringup/share/r2_bringup/launch/filtered_octomap.launch.py
[0.647s] -- Up-to-date symlink: /home/tee/ros2_fyp/install/r2_bringup/share/r2_bringup/launch/octomap.launch.py
[0.649s] -- Up-to-date symlink: /home/tee/ros2_fyp/install/r2_bringup/share/ament_index/resource_index/package_run_dependencies/r2_bringup
[0.651s] -- Up-to-date symlink: /home/tee/ros2_fyp/install/r2_bringup/share/ament_index/resource_index/parent_prefix_path/r2_bringup
[0.652s] -- Up-to-date symlink: /home/tee/ros2_fyp/install/r2_bringup/share/r2_bringup/environment/ament_prefix_path.sh
[0.654s] -- Up-to-date symlink: /home/tee/ros2_fyp/install/r2_bringup/share/r2_bringup/environment/ament_prefix_path.dsv
[0.655s] -- Up-to-date symlink: /home/tee/ros2_fyp/install/r2_bringup/share/r2_bringup/environment/path.sh
[0.655s] -- Up-to-date symlink: /home/tee/ros2_fyp/install/r2_bringup/share/r2_bringup/environment/path.dsv
[0.656s] -- Up-to-date symlink: /home/tee/ros2_fyp/install/r2_bringup/share/r2_bringup/local_setup.bash
[0.657s] -- Up-to-date symlink: /home/tee/ros2_fyp/install/r2_bringup/share/r2_bringup/local_setup.sh
[0.658s] -- Up-to-date symlink: /home/tee/ros2_fyp/install/r2_bringup/share/r2_bringup/local_setup.zsh
[0.659s] -- Up-to-date symlink: /home/tee/ros2_fyp/install/r2_bringup/share/r2_bringup/local_setup.dsv
[0.660s] -- Symlinking: /home/tee/ros2_fyp/install/r2_bringup/share/r2_bringup/package.dsv
[0.695s] -- Up-to-date symlink: /home/tee/ros2_fyp/install/r2_bringup/share/ament_index/resource_index/packages/r2_bringup
[0.696s] -- Up-to-date symlink: /home/tee/ros2_fyp/install/r2_bringup/share/r2_bringup/cmake/r2_bringupConfig.cmake
[0.697s] -- Up-to-date symlink: /home/tee/ros2_fyp/install/r2_bringup/share/r2_bringup/cmake/r2_bringupConfig-version.cmake
[0.698s] -- Up-to-date symlink: /home/tee/ros2_fyp/install/r2_bringup/share/r2_bringup/package.xml
[0.706s] Invoked command in '/home/tee/ros2_fyp/build/r2_bringup' returned '0': CMAKE_PREFIX_PATH=${CMAKE_PREFIX_PATH}:/home/tee/ros2_fyp/install/r2_wheel_odometry_and_imu:/home/tee/ros2_fyp/install/r2_wheel_odometry:/home/tee/ros2_fyp/install/r2_driver:/home/tee/ros2_fyp/install/r2_cloud_accumulator:/opt/ros/humble /usr/bin/cmake --install /home/tee/ros2_fyp/build/r2_bringup
