[0.091s] Invoking command in '/home/tee/ros2_fyp/build/r2_description': CMAKE_PREFIX_PATH=${CMAKE_PREFIX_PATH}:/home/tee/ros2_fyp/install/r2_wheel_odometry:/home/tee/ros2_fyp/install/r2_driver:/opt/ros/humble /usr/bin/cmake /home/tee/ros2_fyp/src/r2_description -DAMENT_CMAKE_SYMLINK_INSTALL=1 -DCMAKE_INSTALL_PREFIX=/home/tee/ros2_fyp/install/r2_description
[0.380s] -- Found ament_cmake: 1.3.12 (/opt/ros/humble/share/ament_cmake/cmake)
[1.020s] -- Override CMake install command with custom implementation using symlinks instead of copying resources
[1.118s] -- Found ament_lint_auto: 0.12.14 (/opt/ros/humble/share/ament_lint_auto/cmake)
[1.528s] -- Added test 'flake8' to check Python code syntax and style conventions
[1.533s] -- Added test 'lint_cmake' to check CMake code style
[1.536s] -- Added test 'pep257' to check Python code against some of the docstring style conventions in PEP 257
[1.547s] -- Added test 'xmllint' to check XML markup files
[1.554s] -- Configuring done
[1.586s] -- Generating done
[1.596s] -- Build files have been written to: /home/tee/ros2_fyp/build/r2_description
[1.615s] Invoked command in '/home/tee/ros2_fyp/build/r2_description' returned '0': CMAKE_PREFIX_PATH=${CMAKE_PREFIX_PATH}:/home/tee/ros2_fyp/install/r2_wheel_odometry:/home/tee/ros2_fyp/install/r2_driver:/opt/ros/humble /usr/bin/cmake /home/tee/ros2_fyp/src/r2_description -DAMENT_CMAKE_SYMLINK_INSTALL=1 -DCMAKE_INSTALL_PREFIX=/home/tee/ros2_fyp/install/r2_description
[1.627s] Invoking command in '/home/tee/ros2_fyp/build/r2_description': CMAKE_PREFIX_PATH=${CMAKE_PREFIX_PATH}:/home/tee/ros2_fyp/install/r2_wheel_odometry:/home/tee/ros2_fyp/install/r2_driver:/opt/ros/humble /usr/bin/cmake --build /home/tee/ros2_fyp/build/r2_description -- -j4 -l4
[1.790s] Invoked command in '/home/tee/ros2_fyp/build/r2_description' returned '0': CMAKE_PREFIX_PATH=${CMAKE_PREFIX_PATH}:/home/tee/ros2_fyp/install/r2_wheel_odometry:/home/tee/ros2_fyp/install/r2_driver:/opt/ros/humble /usr/bin/cmake --build /home/tee/ros2_fyp/build/r2_description -- -j4 -l4
[1.837s] Invoking command in '/home/tee/ros2_fyp/build/r2_description': CMAKE_PREFIX_PATH=${CMAKE_PREFIX_PATH}:/home/tee/ros2_fyp/install/r2_wheel_odometry:/home/tee/ros2_fyp/install/r2_driver:/opt/ros/humble /usr/bin/cmake --install /home/tee/ros2_fyp/build/r2_description
[1.866s] -- Install configuration: ""
[1.868s] -- Execute custom install script
[1.870s] -- Up-to-date symlink: /home/tee/ros2_fyp/install/r2_description/share/r2_description/launch/description.launch.py
[1.871s] -- Up-to-date symlink: /home/tee/ros2_fyp/install/r2_description/share/r2_description/urdf/r2.urdf.xacro
[1.873s] -- Up-to-date symlink: /home/tee/ros2_fyp/install/r2_description/share/ament_index/resource_index/package_run_dependencies/r2_description
[1.874s] -- Up-to-date symlink: /home/tee/ros2_fyp/install/r2_description/share/ament_index/resource_index/parent_prefix_path/r2_description
[1.875s] -- Up-to-date symlink: /home/tee/ros2_fyp/install/r2_description/share/r2_description/environment/ament_prefix_path.sh
[1.876s] -- Up-to-date symlink: /home/tee/ros2_fyp/install/r2_description/share/r2_description/environment/ament_prefix_path.dsv
[1.877s] -- Up-to-date symlink: /home/tee/ros2_fyp/install/r2_description/share/r2_description/environment/path.sh
[1.878s] -- Up-to-date symlink: /home/tee/ros2_fyp/install/r2_description/share/r2_description/environment/path.dsv
[1.879s] -- Up-to-date symlink: /home/tee/ros2_fyp/install/r2_description/share/r2_description/local_setup.bash
[1.880s] -- Up-to-date symlink: /home/tee/ros2_fyp/install/r2_description/share/r2_description/local_setup.sh
[1.881s] -- Up-to-date symlink: /home/tee/ros2_fyp/install/r2_description/share/r2_description/local_setup.zsh
[1.881s] -- Up-to-date symlink: /home/tee/ros2_fyp/install/r2_description/share/r2_description/local_setup.dsv
[1.882s] -- Symlinking: /home/tee/ros2_fyp/install/r2_description/share/r2_description/package.dsv
[1.918s] -- Up-to-date symlink: /home/tee/ros2_fyp/install/r2_description/share/ament_index/resource_index/packages/r2_description
[1.918s] -- Up-to-date symlink: /home/tee/ros2_fyp/install/r2_description/share/r2_description/cmake/r2_descriptionConfig.cmake
[1.919s] -- Up-to-date symlink: /home/tee/ros2_fyp/install/r2_description/share/r2_description/cmake/r2_descriptionConfig-version.cmake
[1.921s] -- Up-to-date symlink: /home/tee/ros2_fyp/install/r2_description/share/r2_description/package.xml
[1.926s] Invoked command in '/home/tee/ros2_fyp/build/r2_description' returned '0': CMAKE_PREFIX_PATH=${CMAKE_PREFIX_PATH}:/home/tee/ros2_fyp/install/r2_wheel_odometry:/home/tee/ros2_fyp/install/r2_driver:/opt/ros/humble /usr/bin/cmake --install /home/tee/ros2_fyp/build/r2_description
