[0.489s] DEBUG:colcon:Command line arguments: ['/usr/bin/colcon', 'build', '--packages-select', 'r2_localization', 'r2_wheel_odometry_and_imu']
[0.489s] DEBUG:colcon:Parsed command line arguments: Namespace(log_base=None, log_level=None, verb_name='build', build_base='build', install_base='install', merge_install=False, symlink_install=False, test_result_base=None, continue_on_error=False, executor='parallel', parallel_workers=4, event_handlers=None, ignore_user_meta=False, metas=['./colcon.meta'], base_paths=['.'], packages_ignore=None, packages_ignore_regex=None, paths=None, packages_up_to=None, packages_up_to_regex=None, packages_above=None, packages_above_and_dependencies=None, packages_above_depth=None, packages_select_by_dep=None, packages_skip_by_dep=None, packages_skip_up_to=None, packages_select_build_failed=False, packages_skip_build_finished=False, packages_select_test_failures=False, packages_skip_test_passed=False, packages_select=['r2_localization', 'r2_wheel_odometry_and_imu'], packages_skip=None, packages_select_regex=None, packages_skip_regex=None, packages_start=None, packages_end=None, allow_overriding=[], cmake_args=None, cmake_target=None, cmake_target_skip_unavailable=False, cmake_clean_cache=False, cmake_clean_first=False, cmake_force_configure=False, ament_cmake_args=None, catkin_cmake_args=None, catkin_skip_building_tests=False, mixin_files=None, mixin=None, verb_parser=<colcon_mixin.mixin.mixin_argument.MixinArgumentDecorator object at 0xffffb2fd7d30>, verb_extension=<colcon_core.verb.build.BuildVerb object at 0xffffb31a9720>, main=<bound method BuildVerb.main of <colcon_core.verb.build.BuildVerb object at 0xffffb31a9720>>, mixin_verb=('build',))
[1.507s] Level 1:colcon.colcon_core.package_discovery:discover_packages(colcon_meta) check parameters
[1.507s] Level 1:colcon.colcon_core.package_discovery:discover_packages(recursive) check parameters
[1.507s] Level 1:colcon.colcon_core.package_discovery:discover_packages(ignore) check parameters
[1.507s] Level 1:colcon.colcon_core.package_discovery:discover_packages(path) check parameters
[1.507s] Level 1:colcon.colcon_core.package_discovery:discover_packages(colcon_meta) discover
[1.508s] Level 1:colcon.colcon_core.package_discovery:discover_packages(recursive) discover
[1.508s] INFO:colcon.colcon_core.package_discovery:Crawling recursively for packages in '/home/tee/ros2_fyp'
[1.509s] Level 1:colcon.colcon_core.package_identification:_identify(.) by extensions ['ignore', 'ignore_ament_install']
[1.509s] Level 1:colcon.colcon_core.package_identification:_identify(.) by extension 'ignore'
[1.509s] Level 1:colcon.colcon_core.package_identification:_identify(.) by extension 'ignore_ament_install'
[1.509s] Level 1:colcon.colcon_core.package_identification:_identify(.) by extensions ['colcon_pkg']
[1.510s] Level 1:colcon.colcon_core.package_identification:_identify(.) by extension 'colcon_pkg'
[1.510s] Level 1:colcon.colcon_core.package_identification:_identify(.) by extensions ['colcon_meta']
[1.510s] Level 1:colcon.colcon_core.package_identification:_identify(.) by extension 'colcon_meta'
[1.510s] Level 1:colcon.colcon_core.package_identification:_identify(.) by extensions ['ros']
[1.510s] Level 1:colcon.colcon_core.package_identification:_identify(.) by extension 'ros'
[1.554s] Level 1:colcon.colcon_core.package_identification:_identify(.) by extensions ['cmake', 'python']
[1.554s] Level 1:colcon.colcon_core.package_identification:_identify(.) by extension 'cmake'
[1.555s] Level 1:colcon.colcon_core.package_identification:_identify(.) by extension 'python'
[1.555s] Level 1:colcon.colcon_core.package_identification:_identify(.) by extensions ['python_setup_py']
[1.555s] Level 1:colcon.colcon_core.package_identification:_identify(.) by extension 'python_setup_py'
[1.556s] Level 1:colcon.colcon_core.package_identification:_identify(build) by extensions ['ignore', 'ignore_ament_install']
[1.556s] Level 1:colcon.colcon_core.package_identification:_identify(build) by extension 'ignore'
[1.556s] Level 1:colcon.colcon_core.package_identification:_identify(build) ignored
[1.557s] Level 1:colcon.colcon_core.package_identification:_identify(config) by extensions ['ignore', 'ignore_ament_install']
[1.557s] Level 1:colcon.colcon_core.package_identification:_identify(config) by extension 'ignore'
[1.557s] Level 1:colcon.colcon_core.package_identification:_identify(config) by extension 'ignore_ament_install'
[1.558s] Level 1:colcon.colcon_core.package_identification:_identify(config) by extensions ['colcon_pkg']
[1.558s] Level 1:colcon.colcon_core.package_identification:_identify(config) by extension 'colcon_pkg'
[1.558s] Level 1:colcon.colcon_core.package_identification:_identify(config) by extensions ['colcon_meta']
[1.558s] Level 1:colcon.colcon_core.package_identification:_identify(config) by extension 'colcon_meta'
[1.558s] Level 1:colcon.colcon_core.package_identification:_identify(config) by extensions ['ros']
[1.559s] Level 1:colcon.colcon_core.package_identification:_identify(config) by extension 'ros'
[1.559s] Level 1:colcon.colcon_core.package_identification:_identify(config) by extensions ['cmake', 'python']
[1.559s] Level 1:colcon.colcon_core.package_identification:_identify(config) by extension 'cmake'
[1.559s] Level 1:colcon.colcon_core.package_identification:_identify(config) by extension 'python'
[1.559s] Level 1:colcon.colcon_core.package_identification:_identify(config) by extensions ['python_setup_py']
[1.560s] Level 1:colcon.colcon_core.package_identification:_identify(config) by extension 'python_setup_py'
[1.560s] Level 1:colcon.colcon_core.package_identification:_identify(install) by extensions ['ignore', 'ignore_ament_install']
[1.561s] Level 1:colcon.colcon_core.package_identification:_identify(install) by extension 'ignore'
[1.561s] Level 1:colcon.colcon_core.package_identification:_identify(install) ignored
[1.562s] Level 1:colcon.colcon_core.package_identification:_identify(log) by extensions ['ignore', 'ignore_ament_install']
[1.562s] Level 1:colcon.colcon_core.package_identification:_identify(log) by extension 'ignore'
[1.562s] Level 1:colcon.colcon_core.package_identification:_identify(log) ignored
[1.563s] Level 1:colcon.colcon_core.package_identification:_identify(src) by extensions ['ignore', 'ignore_ament_install']
[1.563s] Level 1:colcon.colcon_core.package_identification:_identify(src) by extension 'ignore'
[1.564s] Level 1:colcon.colcon_core.package_identification:_identify(src) by extension 'ignore_ament_install'
[1.564s] Level 1:colcon.colcon_core.package_identification:_identify(src) by extensions ['colcon_pkg']
[1.564s] Level 1:colcon.colcon_core.package_identification:_identify(src) by extension 'colcon_pkg'
[1.564s] Level 1:colcon.colcon_core.package_identification:_identify(src) by extensions ['colcon_meta']
[1.565s] Level 1:colcon.colcon_core.package_identification:_identify(src) by extension 'colcon_meta'
[1.565s] Level 1:colcon.colcon_core.package_identification:_identify(src) by extensions ['ros']
[1.565s] Level 1:colcon.colcon_core.package_identification:_identify(src) by extension 'ros'
[1.565s] Level 1:colcon.colcon_core.package_identification:_identify(src) by extensions ['cmake', 'python']
[1.565s] Level 1:colcon.colcon_core.package_identification:_identify(src) by extension 'cmake'
[1.566s] Level 1:colcon.colcon_core.package_identification:_identify(src) by extension 'python'
[1.566s] Level 1:colcon.colcon_core.package_identification:_identify(src) by extensions ['python_setup_py']
[1.566s] Level 1:colcon.colcon_core.package_identification:_identify(src) by extension 'python_setup_py'
[1.566s] Level 1:colcon.colcon_core.package_identification:_identify(src/r2_bringup) by extensions ['ignore', 'ignore_ament_install']
[1.567s] Level 1:colcon.colcon_core.package_identification:_identify(src/r2_bringup) by extension 'ignore'
[1.567s] Level 1:colcon.colcon_core.package_identification:_identify(src/r2_bringup) by extension 'ignore_ament_install'
[1.567s] Level 1:colcon.colcon_core.package_identification:_identify(src/r2_bringup) by extensions ['colcon_pkg']
[1.567s] Level 1:colcon.colcon_core.package_identification:_identify(src/r2_bringup) by extension 'colcon_pkg'
[1.568s] Level 1:colcon.colcon_core.package_identification:_identify(src/r2_bringup) by extensions ['colcon_meta']
[1.568s] Level 1:colcon.colcon_core.package_identification:_identify(src/r2_bringup) by extension 'colcon_meta'
[1.568s] Level 1:colcon.colcon_core.package_identification:_identify(src/r2_bringup) by extensions ['ros']
[1.568s] Level 1:colcon.colcon_core.package_identification:_identify(src/r2_bringup) by extension 'ros'
[1.582s] DEBUG:colcon.colcon_core.package_identification:Package 'src/r2_bringup' with type 'ros.ament_cmake' and name 'r2_bringup'
[1.582s] Level 1:colcon.colcon_core.package_identification:_identify(src/r2_cloud_accumulator) by extensions ['ignore', 'ignore_ament_install']
[1.583s] Level 1:colcon.colcon_core.package_identification:_identify(src/r2_cloud_accumulator) by extension 'ignore'
[1.583s] Level 1:colcon.colcon_core.package_identification:_identify(src/r2_cloud_accumulator) by extension 'ignore_ament_install'
[1.584s] Level 1:colcon.colcon_core.package_identification:_identify(src/r2_cloud_accumulator) by extensions ['colcon_pkg']
[1.584s] Level 1:colcon.colcon_core.package_identification:_identify(src/r2_cloud_accumulator) by extension 'colcon_pkg'
[1.584s] Level 1:colcon.colcon_core.package_identification:_identify(src/r2_cloud_accumulator) by extensions ['colcon_meta']
[1.584s] Level 1:colcon.colcon_core.package_identification:_identify(src/r2_cloud_accumulator) by extension 'colcon_meta'
[1.584s] Level 1:colcon.colcon_core.package_identification:_identify(src/r2_cloud_accumulator) by extensions ['ros']
[1.585s] Level 1:colcon.colcon_core.package_identification:_identify(src/r2_cloud_accumulator) by extension 'ros'
[1.587s] DEBUG:colcon.colcon_core.package_identification:Package 'src/r2_cloud_accumulator' with type 'ros.ament_python' and name 'r2_cloud_accumulator'
[1.588s] Level 1:colcon.colcon_core.package_identification:_identify(src/r2_description) by extensions ['ignore', 'ignore_ament_install']
[1.589s] Level 1:colcon.colcon_core.package_identification:_identify(src/r2_description) by extension 'ignore'
[1.589s] Level 1:colcon.colcon_core.package_identification:_identify(src/r2_description) by extension 'ignore_ament_install'
[1.589s] Level 1:colcon.colcon_core.package_identification:_identify(src/r2_description) by extensions ['colcon_pkg']
[1.589s] Level 1:colcon.colcon_core.package_identification:_identify(src/r2_description) by extension 'colcon_pkg'
[1.590s] Level 1:colcon.colcon_core.package_identification:_identify(src/r2_description) by extensions ['colcon_meta']
[1.590s] Level 1:colcon.colcon_core.package_identification:_identify(src/r2_description) by extension 'colcon_meta'
[1.590s] Level 1:colcon.colcon_core.package_identification:_identify(src/r2_description) by extensions ['ros']
[1.591s] Level 1:colcon.colcon_core.package_identification:_identify(src/r2_description) by extension 'ros'
[1.593s] DEBUG:colcon.colcon_core.package_identification:Package 'src/r2_description' with type 'ros.ament_cmake' and name 'r2_description'
[1.593s] Level 1:colcon.colcon_core.package_identification:_identify(src/r2_driver) by extensions ['ignore', 'ignore_ament_install']
[1.594s] Level 1:colcon.colcon_core.package_identification:_identify(src/r2_driver) by extension 'ignore'
[1.594s] Level 1:colcon.colcon_core.package_identification:_identify(src/r2_driver) by extension 'ignore_ament_install'
[1.594s] Level 1:colcon.colcon_core.package_identification:_identify(src/r2_driver) by extensions ['colcon_pkg']
[1.594s] Level 1:colcon.colcon_core.package_identification:_identify(src/r2_driver) by extension 'colcon_pkg'
[1.595s] Level 1:colcon.colcon_core.package_identification:_identify(src/r2_driver) by extensions ['colcon_meta']
[1.595s] Level 1:colcon.colcon_core.package_identification:_identify(src/r2_driver) by extension 'colcon_meta'
[1.595s] Level 1:colcon.colcon_core.package_identification:_identify(src/r2_driver) by extensions ['ros']
[1.595s] Level 1:colcon.colcon_core.package_identification:_identify(src/r2_driver) by extension 'ros'
[1.598s] DEBUG:colcon.colcon_core.package_identification:Package 'src/r2_driver' with type 'ros.ament_python' and name 'r2_driver'
[1.599s] Level 1:colcon.colcon_core.package_identification:_identify(src/r2_localization) by extensions ['ignore', 'ignore_ament_install']
[1.599s] Level 1:colcon.colcon_core.package_identification:_identify(src/r2_localization) by extension 'ignore'
[1.599s] Level 1:colcon.colcon_core.package_identification:_identify(src/r2_localization) by extension 'ignore_ament_install'
[1.599s] Level 1:colcon.colcon_core.package_identification:_identify(src/r2_localization) by extensions ['colcon_pkg']
[1.600s] Level 1:colcon.colcon_core.package_identification:_identify(src/r2_localization) by extension 'colcon_pkg'
[1.600s] Level 1:colcon.colcon_core.package_identification:_identify(src/r2_localization) by extensions ['colcon_meta']
[1.600s] Level 1:colcon.colcon_core.package_identification:_identify(src/r2_localization) by extension 'colcon_meta'
[1.600s] Level 1:colcon.colcon_core.package_identification:_identify(src/r2_localization) by extensions ['ros']
[1.600s] Level 1:colcon.colcon_core.package_identification:_identify(src/r2_localization) by extension 'ros'
[1.637s] DEBUG:colcon.colcon_core.package_identification:Package 'src/r2_localization' with type 'ros.ament_cmake' and name 'r2_localization'
[1.638s] Level 1:colcon.colcon_core.package_identification:_identify(src/r2_rtabmap) by extensions ['ignore', 'ignore_ament_install']
[1.639s] Level 1:colcon.colcon_core.package_identification:_identify(src/r2_rtabmap) by extension 'ignore'
[1.639s] Level 1:colcon.colcon_core.package_identification:_identify(src/r2_rtabmap) by extension 'ignore_ament_install'
[1.640s] Level 1:colcon.colcon_core.package_identification:_identify(src/r2_rtabmap) by extensions ['colcon_pkg']
[1.640s] Level 1:colcon.colcon_core.package_identification:_identify(src/r2_rtabmap) by extension 'colcon_pkg'
[1.640s] Level 1:colcon.colcon_core.package_identification:_identify(src/r2_rtabmap) by extensions ['colcon_meta']
[1.641s] Level 1:colcon.colcon_core.package_identification:_identify(src/r2_rtabmap) by extension 'colcon_meta'
[1.641s] Level 1:colcon.colcon_core.package_identification:_identify(src/r2_rtabmap) by extensions ['ros']
[1.642s] Level 1:colcon.colcon_core.package_identification:_identify(src/r2_rtabmap) by extension 'ros'
[1.644s] DEBUG:colcon.colcon_core.package_identification:Package 'src/r2_rtabmap' with type 'ros.ament_cmake' and name 'r2_rtabmap'
[1.645s] Level 1:colcon.colcon_core.package_identification:_identify(src/r2_wheel_odometry) by extensions ['ignore', 'ignore_ament_install']
[1.645s] Level 1:colcon.colcon_core.package_identification:_identify(src/r2_wheel_odometry) by extension 'ignore'
[1.646s] Level 1:colcon.colcon_core.package_identification:_identify(src/r2_wheel_odometry) by extension 'ignore_ament_install'
[1.646s] Level 1:colcon.colcon_core.package_identification:_identify(src/r2_wheel_odometry) by extensions ['colcon_pkg']
[1.646s] Level 1:colcon.colcon_core.package_identification:_identify(src/r2_wheel_odometry) by extension 'colcon_pkg'
[1.646s] Level 1:colcon.colcon_core.package_identification:_identify(src/r2_wheel_odometry) by extensions ['colcon_meta']
[1.646s] Level 1:colcon.colcon_core.package_identification:_identify(src/r2_wheel_odometry) by extension 'colcon_meta'
[1.647s] Level 1:colcon.colcon_core.package_identification:_identify(src/r2_wheel_odometry) by extensions ['ros']
[1.647s] Level 1:colcon.colcon_core.package_identification:_identify(src/r2_wheel_odometry) by extension 'ros'
[1.650s] DEBUG:colcon.colcon_core.package_identification:Package 'src/r2_wheel_odometry' with type 'ros.ament_python' and name 'r2_wheel_odometry'
[1.651s] Level 1:colcon.colcon_core.package_identification:_identify(src/r2_wheel_odometry_and_imu) by extensions ['ignore', 'ignore_ament_install']
[1.651s] Level 1:colcon.colcon_core.package_identification:_identify(src/r2_wheel_odometry_and_imu) by extension 'ignore'
[1.651s] Level 1:colcon.colcon_core.package_identification:_identify(src/r2_wheel_odometry_and_imu) by extension 'ignore_ament_install'
[1.652s] Level 1:colcon.colcon_core.package_identification:_identify(src/r2_wheel_odometry_and_imu) by extensions ['colcon_pkg']
[1.652s] Level 1:colcon.colcon_core.package_identification:_identify(src/r2_wheel_odometry_and_imu) by extension 'colcon_pkg'
[1.652s] Level 1:colcon.colcon_core.package_identification:_identify(src/r2_wheel_odometry_and_imu) by extensions ['colcon_meta']
[1.652s] Level 1:colcon.colcon_core.package_identification:_identify(src/r2_wheel_odometry_and_imu) by extension 'colcon_meta'
[1.652s] Level 1:colcon.colcon_core.package_identification:_identify(src/r2_wheel_odometry_and_imu) by extensions ['ros']
[1.652s] Level 1:colcon.colcon_core.package_identification:_identify(src/r2_wheel_odometry_and_imu) by extension 'ros'
[1.656s] DEBUG:colcon.colcon_core.package_identification:Package 'src/r2_wheel_odometry_and_imu' with type 'ros.ament_python' and name 'r2_wheel_odometry_and_imu'
[1.657s] Level 1:colcon.colcon_core.package_identification:_identify(src/ros2_astra_camera) by extensions ['ignore', 'ignore_ament_install']
[1.657s] Level 1:colcon.colcon_core.package_identification:_identify(src/ros2_astra_camera) by extension 'ignore'
[1.657s] Level 1:colcon.colcon_core.package_identification:_identify(src/ros2_astra_camera) by extension 'ignore_ament_install'
[1.658s] Level 1:colcon.colcon_core.package_identification:_identify(src/ros2_astra_camera) by extensions ['colcon_pkg']
[1.658s] Level 1:colcon.colcon_core.package_identification:_identify(src/ros2_astra_camera) by extension 'colcon_pkg'
[1.658s] Level 1:colcon.colcon_core.package_identification:_identify(src/ros2_astra_camera) by extensions ['colcon_meta']
[1.658s] Level 1:colcon.colcon_core.package_identification:_identify(src/ros2_astra_camera) by extension 'colcon_meta'
[1.658s] Level 1:colcon.colcon_core.package_identification:_identify(src/ros2_astra_camera) by extensions ['ros']
[1.658s] Level 1:colcon.colcon_core.package_identification:_identify(src/ros2_astra_camera) by extension 'ros'
[1.659s] Level 1:colcon.colcon_core.package_identification:_identify(src/ros2_astra_camera) by extensions ['cmake', 'python']
[1.659s] Level 1:colcon.colcon_core.package_identification:_identify(src/ros2_astra_camera) by extension 'cmake'
[1.659s] Level 1:colcon.colcon_core.package_identification:_identify(src/ros2_astra_camera) by extension 'python'
[1.659s] Level 1:colcon.colcon_core.package_identification:_identify(src/ros2_astra_camera) by extensions ['python_setup_py']
[1.659s] Level 1:colcon.colcon_core.package_identification:_identify(src/ros2_astra_camera) by extension 'python_setup_py'
[1.660s] Level 1:colcon.colcon_core.package_identification:_identify(src/ros2_astra_camera/astra_camera) by extensions ['ignore', 'ignore_ament_install']
[1.660s] Level 1:colcon.colcon_core.package_identification:_identify(src/ros2_astra_camera/astra_camera) by extension 'ignore'
[1.661s] Level 1:colcon.colcon_core.package_identification:_identify(src/ros2_astra_camera/astra_camera) by extension 'ignore_ament_install'
[1.661s] Level 1:colcon.colcon_core.package_identification:_identify(src/ros2_astra_camera/astra_camera) by extensions ['colcon_pkg']
[1.661s] Level 1:colcon.colcon_core.package_identification:_identify(src/ros2_astra_camera/astra_camera) by extension 'colcon_pkg'
[1.661s] Level 1:colcon.colcon_core.package_identification:_identify(src/ros2_astra_camera/astra_camera) by extensions ['colcon_meta']
[1.661s] Level 1:colcon.colcon_core.package_identification:_identify(src/ros2_astra_camera/astra_camera) by extension 'colcon_meta'
[1.662s] Level 1:colcon.colcon_core.package_identification:_identify(src/ros2_astra_camera/astra_camera) by extensions ['ros']
[1.662s] Level 1:colcon.colcon_core.package_identification:_identify(src/ros2_astra_camera/astra_camera) by extension 'ros'
[1.670s] DEBUG:colcon.colcon_core.package_identification:Package 'src/ros2_astra_camera/astra_camera' with type 'ros.ament_cmake' and name 'astra_camera'
[1.670s] Level 1:colcon.colcon_core.package_identification:_identify(src/ros2_astra_camera/astra_camera_msgs) by extensions ['ignore', 'ignore_ament_install']
[1.671s] Level 1:colcon.colcon_core.package_identification:_identify(src/ros2_astra_camera/astra_camera_msgs) by extension 'ignore'
[1.671s] Level 1:colcon.colcon_core.package_identification:_identify(src/ros2_astra_camera/astra_camera_msgs) by extension 'ignore_ament_install'
[1.671s] Level 1:colcon.colcon_core.package_identification:_identify(src/ros2_astra_camera/astra_camera_msgs) by extensions ['colcon_pkg']
[1.671s] Level 1:colcon.colcon_core.package_identification:_identify(src/ros2_astra_camera/astra_camera_msgs) by extension 'colcon_pkg'
[1.672s] Level 1:colcon.colcon_core.package_identification:_identify(src/ros2_astra_camera/astra_camera_msgs) by extensions ['colcon_meta']
[1.672s] Level 1:colcon.colcon_core.package_identification:_identify(src/ros2_astra_camera/astra_camera_msgs) by extension 'colcon_meta'
[1.672s] Level 1:colcon.colcon_core.package_identification:_identify(src/ros2_astra_camera/astra_camera_msgs) by extensions ['ros']
[1.672s] Level 1:colcon.colcon_core.package_identification:_identify(src/ros2_astra_camera/astra_camera_msgs) by extension 'ros'
[1.675s] DEBUG:colcon.colcon_core.package_identification:Package 'src/ros2_astra_camera/astra_camera_msgs' with type 'ros.ament_cmake' and name 'astra_camera_msgs'
[1.675s] Level 1:colcon.colcon_core.package_identification:_identify(src/rplidar_ros) by extensions ['ignore', 'ignore_ament_install']
[1.676s] Level 1:colcon.colcon_core.package_identification:_identify(src/rplidar_ros) by extension 'ignore'
[1.676s] Level 1:colcon.colcon_core.package_identification:_identify(src/rplidar_ros) by extension 'ignore_ament_install'
[1.676s] Level 1:colcon.colcon_core.package_identification:_identify(src/rplidar_ros) by extensions ['colcon_pkg']
[1.676s] Level 1:colcon.colcon_core.package_identification:_identify(src/rplidar_ros) by extension 'colcon_pkg'
[1.677s] Level 1:colcon.colcon_core.package_identification:_identify(src/rplidar_ros) by extensions ['colcon_meta']
[1.677s] Level 1:colcon.colcon_core.package_identification:_identify(src/rplidar_ros) by extension 'colcon_meta'
[1.677s] Level 1:colcon.colcon_core.package_identification:_identify(src/rplidar_ros) by extensions ['ros']
[1.677s] Level 1:colcon.colcon_core.package_identification:_identify(src/rplidar_ros) by extension 'ros'
[1.679s] DEBUG:colcon.colcon_core.package_identification:Package 'src/rplidar_ros' with type 'ros.ament_cmake' and name 'rplidar_ros'
[1.680s] Level 1:colcon.colcon_core.package_discovery:discover_packages(recursive) using defaults
[1.680s] Level 1:colcon.colcon_core.package_discovery:discover_packages(ignore) discover
[1.680s] Level 1:colcon.colcon_core.package_discovery:discover_packages(ignore) using defaults
[1.680s] Level 1:colcon.colcon_core.package_discovery:discover_packages(path) discover
[1.680s] Level 1:colcon.colcon_core.package_discovery:discover_packages(path) using defaults
[1.763s] INFO:colcon.colcon_core.package_selection:Skipping not selected package 'astra_camera_msgs' in 'src/ros2_astra_camera/astra_camera_msgs'
[1.763s] INFO:colcon.colcon_core.package_selection:Skipping not selected package 'r2_bringup' in 'src/r2_bringup'
[1.763s] INFO:colcon.colcon_core.package_selection:Skipping not selected package 'r2_cloud_accumulator' in 'src/r2_cloud_accumulator'
[1.763s] INFO:colcon.colcon_core.package_selection:Skipping not selected package 'r2_description' in 'src/r2_description'
[1.764s] INFO:colcon.colcon_core.package_selection:Skipping not selected package 'r2_driver' in 'src/r2_driver'
[1.764s] INFO:colcon.colcon_core.package_selection:Skipping not selected package 'r2_rtabmap' in 'src/r2_rtabmap'
[1.764s] INFO:colcon.colcon_core.package_selection:Skipping not selected package 'r2_wheel_odometry' in 'src/r2_wheel_odometry'
[1.764s] INFO:colcon.colcon_core.package_selection:Skipping not selected package 'rplidar_ros' in 'src/rplidar_ros'
[1.764s] INFO:colcon.colcon_core.package_selection:Skipping not selected package 'astra_camera' in 'src/ros2_astra_camera/astra_camera'
[1.766s] Level 1:colcon.colcon_core.package_discovery:discover_packages(prefix_path) check parameters
[1.766s] Level 1:colcon.colcon_core.package_discovery:discover_packages(prefix_path) discover
[1.777s] DEBUG:colcon.colcon_installed_package_information.package_discovery:Found 10 installed packages in /home/tee/ros2_fyp/install
[1.790s] DEBUG:colcon.colcon_installed_package_information.package_discovery:Found 375 installed packages in /opt/ros/humble
[1.801s] Level 1:colcon.colcon_core.package_discovery:discover_packages(prefix_path) using defaults
[2.021s] Level 5:colcon.colcon_core.verb:set package 'r2_localization' build argument 'cmake_args' from command line to 'None'
[2.022s] Level 5:colcon.colcon_core.verb:set package 'r2_localization' build argument 'cmake_target' from command line to 'None'
[2.022s] Level 5:colcon.colcon_core.verb:set package 'r2_localization' build argument 'cmake_target_skip_unavailable' from command line to 'False'
[2.022s] Level 5:colcon.colcon_core.verb:set package 'r2_localization' build argument 'cmake_clean_cache' from command line to 'False'
[2.022s] Level 5:colcon.colcon_core.verb:set package 'r2_localization' build argument 'cmake_clean_first' from command line to 'False'
[2.022s] Level 5:colcon.colcon_core.verb:set package 'r2_localization' build argument 'cmake_force_configure' from command line to 'False'
[2.022s] Level 5:colcon.colcon_core.verb:set package 'r2_localization' build argument 'ament_cmake_args' from command line to 'None'
[2.023s] Level 5:colcon.colcon_core.verb:set package 'r2_localization' build argument 'catkin_cmake_args' from command line to 'None'
[2.023s] Level 5:colcon.colcon_core.verb:set package 'r2_localization' build argument 'catkin_skip_building_tests' from command line to 'False'
[2.023s] DEBUG:colcon.colcon_core.verb:Building package 'r2_localization' with the following arguments: {'ament_cmake_args': None, 'build_base': '/home/tee/ros2_fyp/build/r2_localization', 'catkin_cmake_args': None, 'catkin_skip_building_tests': False, 'cmake_args': None, 'cmake_clean_cache': False, 'cmake_clean_first': False, 'cmake_force_configure': False, 'cmake_target': None, 'cmake_target_skip_unavailable': False, 'install_base': '/home/tee/ros2_fyp/install/r2_localization', 'merge_install': False, 'path': '/home/tee/ros2_fyp/src/r2_localization', 'symlink_install': False, 'test_result_base': None}
[2.024s] Level 5:colcon.colcon_core.verb:set package 'r2_wheel_odometry_and_imu' build argument 'cmake_args' from command line to 'None'
[2.025s] Level 5:colcon.colcon_core.verb:set package 'r2_wheel_odometry_and_imu' build argument 'cmake_target' from command line to 'None'
[2.025s] Level 5:colcon.colcon_core.verb:set package 'r2_wheel_odometry_and_imu' build argument 'cmake_target_skip_unavailable' from command line to 'False'
[2.025s] Level 5:colcon.colcon_core.verb:set package 'r2_wheel_odometry_and_imu' build argument 'cmake_clean_cache' from command line to 'False'
[2.025s] Level 5:colcon.colcon_core.verb:set package 'r2_wheel_odometry_and_imu' build argument 'cmake_clean_first' from command line to 'False'
[2.025s] Level 5:colcon.colcon_core.verb:set package 'r2_wheel_odometry_and_imu' build argument 'cmake_force_configure' from command line to 'False'
[2.025s] Level 5:colcon.colcon_core.verb:set package 'r2_wheel_odometry_and_imu' build argument 'ament_cmake_args' from command line to 'None'
[2.025s] Level 5:colcon.colcon_core.verb:set package 'r2_wheel_odometry_and_imu' build argument 'catkin_cmake_args' from command line to 'None'
[2.025s] Level 5:colcon.colcon_core.verb:set package 'r2_wheel_odometry_and_imu' build argument 'catkin_skip_building_tests' from command line to 'False'
[2.025s] DEBUG:colcon.colcon_core.verb:Building package 'r2_wheel_odometry_and_imu' with the following arguments: {'ament_cmake_args': None, 'build_base': '/home/tee/ros2_fyp/build/r2_wheel_odometry_and_imu', 'catkin_cmake_args': None, 'catkin_skip_building_tests': False, 'cmake_args': None, 'cmake_clean_cache': False, 'cmake_clean_first': False, 'cmake_force_configure': False, 'cmake_target': None, 'cmake_target_skip_unavailable': False, 'install_base': '/home/tee/ros2_fyp/install/r2_wheel_odometry_and_imu', 'merge_install': False, 'path': '/home/tee/ros2_fyp/src/r2_wheel_odometry_and_imu', 'symlink_install': False, 'test_result_base': None}
[2.026s] INFO:colcon.colcon_core.executor:Executing jobs using 'parallel' executor
[2.030s] DEBUG:colcon.colcon_parallel_executor.executor.parallel:run_until_complete
[2.031s] INFO:colcon.colcon_ros.task.ament_cmake.build:Building ROS package in '/home/tee/ros2_fyp/src/r2_localization' with build type 'ament_cmake'
[2.031s] INFO:colcon.colcon_cmake.task.cmake.build:Building CMake package in '/home/tee/ros2_fyp/src/r2_localization'
[2.042s] INFO:colcon.colcon_core.plugin_system:Skipping extension 'colcon_core.shell.bat': Not used on non-Windows systems
[2.043s] INFO:colcon.colcon_core.shell:Skip shell extension 'powershell' for command environment: Not usable outside of PowerShell
[2.043s] DEBUG:colcon.colcon_core.shell:Skip shell extension 'dsv' for command environment
[2.071s] INFO:colcon.colcon_ros.task.ament_python.build:Building ROS package in '/home/tee/ros2_fyp/src/r2_wheel_odometry_and_imu' with build type 'ament_python'
[2.071s] Level 1:colcon.colcon_core.shell:create_environment_hook('r2_wheel_odometry_and_imu', 'ament_prefix_path')
[2.073s] INFO:colcon.colcon_core.shell:Creating environment hook '/home/tee/ros2_fyp/install/r2_wheel_odometry_and_imu/share/r2_wheel_odometry_and_imu/hook/ament_prefix_path.ps1'
[2.076s] INFO:colcon.colcon_core.shell:Creating environment descriptor '/home/tee/ros2_fyp/install/r2_wheel_odometry_and_imu/share/r2_wheel_odometry_and_imu/hook/ament_prefix_path.dsv'
[2.079s] INFO:colcon.colcon_core.shell:Creating environment hook '/home/tee/ros2_fyp/install/r2_wheel_odometry_and_imu/share/r2_wheel_odometry_and_imu/hook/ament_prefix_path.sh'
[2.084s] INFO:colcon.colcon_core.shell:Skip shell extension 'powershell' for command environment: Not usable outside of PowerShell
[2.084s] DEBUG:colcon.colcon_core.shell:Skip shell extension 'dsv' for command environment
[2.119s] DEBUG:colcon.colcon_core.event_handler.log_command:Invoking command in '/home/tee/ros2_fyp/build/r2_localization': CMAKE_PREFIX_PATH=${CMAKE_PREFIX_PATH}:/home/tee/ros2_fyp/install/r2_wheel_odometry:/home/tee/ros2_fyp/install/r2_driver:/home/tee/ros2_fyp/install/r2_cloud_accumulator:/opt/ros/humble /usr/bin/cmake /home/tee/ros2_fyp/src/r2_localization -DCMAKE_INSTALL_PREFIX=/home/tee/ros2_fyp/install/r2_localization
[3.597s] INFO:colcon.colcon_core.task.python.build:Building Python package in '/home/tee/ros2_fyp/src/r2_wheel_odometry_and_imu'
[3.598s] INFO:colcon.colcon_core.shell:Skip shell extension 'powershell' for command environment: Not usable outside of PowerShell
[3.599s] DEBUG:colcon.colcon_core.shell:Skip shell extension 'dsv' for command environment
[5.771s] DEBUG:colcon.colcon_core.event_handler.log_command:Invoking command in '/home/tee/ros2_fyp/src/r2_wheel_odometry_and_imu': PYTHONPATH=/home/tee/ros2_fyp/build/r2_wheel_odometry_and_imu/prefix_override:/usr/lib/python3/dist-packages/colcon_core/task/python/colcon_distutils_commands:/home/tee/ros2_fyp/install/r2_wheel_odometry_and_imu/lib/python3.10/site-packages:${PYTHONPATH} /usr/bin/python3 -W ignore:setup.py install is deprecated -W ignore:easy_install command is deprecated setup.py egg_info --egg-base ../../build/r2_wheel_odometry_and_imu build --build-base /home/tee/ros2_fyp/build/r2_wheel_odometry_and_imu/build install --record /home/tee/ros2_fyp/build/r2_wheel_odometry_and_imu/install.log --single-version-externally-managed install_data
[7.658s] DEBUG:colcon.colcon_core.event_handler.log_command:Invoked command in '/home/tee/ros2_fyp/src/r2_wheel_odometry_and_imu' returned '0': PYTHONPATH=/home/tee/ros2_fyp/build/r2_wheel_odometry_and_imu/prefix_override:/usr/lib/python3/dist-packages/colcon_core/task/python/colcon_distutils_commands:/home/tee/ros2_fyp/install/r2_wheel_odometry_and_imu/lib/python3.10/site-packages:${PYTHONPATH} /usr/bin/python3 -W ignore:setup.py install is deprecated -W ignore:easy_install command is deprecated setup.py egg_info --egg-base ../../build/r2_wheel_odometry_and_imu build --build-base /home/tee/ros2_fyp/build/r2_wheel_odometry_and_imu/build install --record /home/tee/ros2_fyp/build/r2_wheel_odometry_and_imu/install.log --single-version-externally-managed install_data
[7.670s] Level 1:colcon.colcon_core.environment:checking '/home/tee/ros2_fyp/install/r2_wheel_odometry_and_imu' for CMake module files
[7.673s] Level 1:colcon.colcon_core.environment:checking '/home/tee/ros2_fyp/install/r2_wheel_odometry_and_imu' for CMake config files
[7.680s] Level 1:colcon.colcon_core.environment:checking '/home/tee/ros2_fyp/install/r2_wheel_odometry_and_imu/lib'
[7.682s] Level 1:colcon.colcon_core.environment:checking '/home/tee/ros2_fyp/install/r2_wheel_odometry_and_imu/bin'
[7.682s] Level 1:colcon.colcon_core.environment:checking '/home/tee/ros2_fyp/install/r2_wheel_odometry_and_imu/lib/pkgconfig/r2_wheel_odometry_and_imu.pc'
[7.683s] Level 1:colcon.colcon_core.environment:checking '/home/tee/ros2_fyp/install/r2_wheel_odometry_and_imu/lib/python3.10/site-packages'
[7.684s] Level 1:colcon.colcon_core.shell:create_environment_hook('r2_wheel_odometry_and_imu', 'pythonpath')
[7.685s] INFO:colcon.colcon_core.shell:Creating environment hook '/home/tee/ros2_fyp/install/r2_wheel_odometry_and_imu/share/r2_wheel_odometry_and_imu/hook/pythonpath.ps1'
[7.709s] INFO:colcon.colcon_core.shell:Creating environment descriptor '/home/tee/ros2_fyp/install/r2_wheel_odometry_and_imu/share/r2_wheel_odometry_and_imu/hook/pythonpath.dsv'
[7.743s] INFO:colcon.colcon_core.shell:Creating environment hook '/home/tee/ros2_fyp/install/r2_wheel_odometry_and_imu/share/r2_wheel_odometry_and_imu/hook/pythonpath.sh'
[7.786s] Level 1:colcon.colcon_core.environment:checking '/home/tee/ros2_fyp/install/r2_wheel_odometry_and_imu/bin'
[7.786s] Level 1:colcon.colcon_core.environment:create_environment_scripts_only(r2_wheel_odometry_and_imu)
[7.788s] INFO:colcon.colcon_core.shell:Creating package script '/home/tee/ros2_fyp/install/r2_wheel_odometry_and_imu/share/r2_wheel_odometry_and_imu/package.ps1'
[7.889s] INFO:colcon.colcon_core.shell:Creating package descriptor '/home/tee/ros2_fyp/install/r2_wheel_odometry_and_imu/share/r2_wheel_odometry_and_imu/package.dsv'
[7.896s] INFO:colcon.colcon_core.shell:Creating package script '/home/tee/ros2_fyp/install/r2_wheel_odometry_and_imu/share/r2_wheel_odometry_and_imu/package.sh'
[7.993s] INFO:colcon.colcon_core.shell:Creating package script '/home/tee/ros2_fyp/install/r2_wheel_odometry_and_imu/share/r2_wheel_odometry_and_imu/package.bash'
[8.191s] INFO:colcon.colcon_core.shell:Creating package script '/home/tee/ros2_fyp/install/r2_wheel_odometry_and_imu/share/r2_wheel_odometry_and_imu/package.zsh'
[8.201s] Level 1:colcon.colcon_core.environment:create_file_with_runtime_dependencies(/home/tee/ros2_fyp/install/r2_wheel_odometry_and_imu/share/colcon-core/packages/r2_wheel_odometry_and_imu)
[8.460s] DEBUG:colcon.colcon_core.event_handler.log_command:Invoked command in '/home/tee/ros2_fyp/build/r2_localization' returned '0': CMAKE_PREFIX_PATH=${CMAKE_PREFIX_PATH}:/home/tee/ros2_fyp/install/r2_wheel_odometry:/home/tee/ros2_fyp/install/r2_driver:/home/tee/ros2_fyp/install/r2_cloud_accumulator:/opt/ros/humble /usr/bin/cmake /home/tee/ros2_fyp/src/r2_localization -DCMAKE_INSTALL_PREFIX=/home/tee/ros2_fyp/install/r2_localization
[8.476s] DEBUG:colcon.colcon_core.event_handler.log_command:Invoking command in '/home/tee/ros2_fyp/build/r2_localization': CMAKE_PREFIX_PATH=${CMAKE_PREFIX_PATH}:/home/tee/ros2_fyp/install/r2_wheel_odometry:/home/tee/ros2_fyp/install/r2_driver:/home/tee/ros2_fyp/install/r2_cloud_accumulator:/opt/ros/humble /usr/bin/cmake --build /home/tee/ros2_fyp/build/r2_localization -- -j4 -l4
[8.631s] DEBUG:colcon.colcon_core.event_handler.log_command:Invoked command in '/home/tee/ros2_fyp/build/r2_localization' returned '0': CMAKE_PREFIX_PATH=${CMAKE_PREFIX_PATH}:/home/tee/ros2_fyp/install/r2_wheel_odometry:/home/tee/ros2_fyp/install/r2_driver:/home/tee/ros2_fyp/install/r2_cloud_accumulator:/opt/ros/humble /usr/bin/cmake --build /home/tee/ros2_fyp/build/r2_localization -- -j4 -l4
[8.676s] DEBUG:colcon.colcon_core.event_handler.log_command:Invoking command in '/home/tee/ros2_fyp/build/r2_localization': CMAKE_PREFIX_PATH=${CMAKE_PREFIX_PATH}:/home/tee/ros2_fyp/install/r2_wheel_odometry:/home/tee/ros2_fyp/install/r2_driver:/home/tee/ros2_fyp/install/r2_cloud_accumulator:/opt/ros/humble /usr/bin/cmake --install /home/tee/ros2_fyp/build/r2_localization
[8.738s] Level 1:colcon.colcon_core.environment:create_environment_scripts_only(r2_localization)
[8.740s] Level 1:colcon.colcon_core.environment:checking '/home/tee/ros2_fyp/install/r2_localization' for CMake module files
[8.741s] DEBUG:colcon.colcon_core.event_handler.log_command:Invoked command in '/home/tee/ros2_fyp/build/r2_localization' returned '0': CMAKE_PREFIX_PATH=${CMAKE_PREFIX_PATH}:/home/tee/ros2_fyp/install/r2_wheel_odometry:/home/tee/ros2_fyp/install/r2_driver:/home/tee/ros2_fyp/install/r2_cloud_accumulator:/opt/ros/humble /usr/bin/cmake --install /home/tee/ros2_fyp/build/r2_localization
[8.744s] Level 1:colcon.colcon_core.environment:checking '/home/tee/ros2_fyp/install/r2_localization' for CMake config files
[8.745s] Level 1:colcon.colcon_core.shell:create_environment_hook('r2_localization', 'cmake_prefix_path')
[8.746s] INFO:colcon.colcon_core.shell:Creating environment hook '/home/tee/ros2_fyp/install/r2_localization/share/r2_localization/hook/cmake_prefix_path.ps1'
[8.748s] INFO:colcon.colcon_core.shell:Creating environment descriptor '/home/tee/ros2_fyp/install/r2_localization/share/r2_localization/hook/cmake_prefix_path.dsv'
[8.750s] INFO:colcon.colcon_core.shell:Creating environment hook '/home/tee/ros2_fyp/install/r2_localization/share/r2_localization/hook/cmake_prefix_path.sh'
[8.753s] Level 1:colcon.colcon_core.environment:checking '/home/tee/ros2_fyp/install/r2_localization/bin'
[8.753s] Level 1:colcon.colcon_core.environment:checking '/home/tee/ros2_fyp/install/r2_localization/lib/pkgconfig/r2_localization.pc'
[8.754s] Level 1:colcon.colcon_core.environment:checking '/home/tee/ros2_fyp/install/r2_localization/lib/python3.10/site-packages'
[8.756s] Level 1:colcon.colcon_core.environment:checking '/home/tee/ros2_fyp/install/r2_localization/bin'
[8.757s] INFO:colcon.colcon_core.shell:Creating package script '/home/tee/ros2_fyp/install/r2_localization/share/r2_localization/package.ps1'
[8.759s] INFO:colcon.colcon_core.shell:Creating package descriptor '/home/tee/ros2_fyp/install/r2_localization/share/r2_localization/package.dsv'
[8.761s] INFO:colcon.colcon_core.shell:Creating package script '/home/tee/ros2_fyp/install/r2_localization/share/r2_localization/package.sh'
[8.763s] INFO:colcon.colcon_core.shell:Creating package script '/home/tee/ros2_fyp/install/r2_localization/share/r2_localization/package.bash'
[8.765s] INFO:colcon.colcon_core.shell:Creating package script '/home/tee/ros2_fyp/install/r2_localization/share/r2_localization/package.zsh'
[8.766s] Level 1:colcon.colcon_core.environment:create_file_with_runtime_dependencies(/home/tee/ros2_fyp/install/r2_localization/share/colcon-core/packages/r2_localization)
[8.769s] Level 1:colcon.colcon_core.environment:create_environment_scripts_only(r2_localization)
[8.770s] Level 1:colcon.colcon_core.environment:checking '/home/tee/ros2_fyp/install/r2_localization' for CMake module files
[8.773s] Level 1:colcon.colcon_core.environment:checking '/home/tee/ros2_fyp/install/r2_localization' for CMake config files
[8.774s] Level 1:colcon.colcon_core.shell:create_environment_hook('r2_localization', 'cmake_prefix_path')
[8.775s] INFO:colcon.colcon_core.shell:Creating environment hook '/home/tee/ros2_fyp/install/r2_localization/share/r2_localization/hook/cmake_prefix_path.ps1'
[8.777s] INFO:colcon.colcon_core.shell:Creating environment descriptor '/home/tee/ros2_fyp/install/r2_localization/share/r2_localization/hook/cmake_prefix_path.dsv'
[8.779s] INFO:colcon.colcon_core.shell:Creating environment hook '/home/tee/ros2_fyp/install/r2_localization/share/r2_localization/hook/cmake_prefix_path.sh'
[8.781s] Level 1:colcon.colcon_core.environment:checking '/home/tee/ros2_fyp/install/r2_localization/bin'
[8.782s] Level 1:colcon.colcon_core.environment:checking '/home/tee/ros2_fyp/install/r2_localization/lib/pkgconfig/r2_localization.pc'
[8.783s] Level 1:colcon.colcon_core.environment:checking '/home/tee/ros2_fyp/install/r2_localization/lib/python3.10/site-packages'
[8.784s] Level 1:colcon.colcon_core.environment:checking '/home/tee/ros2_fyp/install/r2_localization/bin'
[8.785s] INFO:colcon.colcon_core.shell:Creating package script '/home/tee/ros2_fyp/install/r2_localization/share/r2_localization/package.ps1'
[8.788s] INFO:colcon.colcon_core.shell:Creating package descriptor '/home/tee/ros2_fyp/install/r2_localization/share/r2_localization/package.dsv'
[8.790s] INFO:colcon.colcon_core.shell:Creating package script '/home/tee/ros2_fyp/install/r2_localization/share/r2_localization/package.sh'
[8.792s] INFO:colcon.colcon_core.shell:Creating package script '/home/tee/ros2_fyp/install/r2_localization/share/r2_localization/package.bash'
[8.794s] INFO:colcon.colcon_core.shell:Creating package script '/home/tee/ros2_fyp/install/r2_localization/share/r2_localization/package.zsh'
[8.796s] Level 1:colcon.colcon_core.environment:create_file_with_runtime_dependencies(/home/tee/ros2_fyp/install/r2_localization/share/colcon-core/packages/r2_localization)
[8.798s] DEBUG:colcon.colcon_parallel_executor.executor.parallel:closing loop
[8.799s] DEBUG:colcon.colcon_parallel_executor.executor.parallel:loop closed
[8.800s] DEBUG:colcon.colcon_parallel_executor.executor.parallel:run_until_complete finished with '0'
[8.800s] DEBUG:colcon.colcon_core.event_reactor:joining thread
[8.824s] INFO:colcon.colcon_core.plugin_system:Skipping extension 'colcon_notification.desktop_notification.terminal_notifier': Not used on non-Darwin systems
[8.825s] INFO:colcon.colcon_core.plugin_system:Skipping extension 'colcon_notification.desktop_notification.win32': Not used on non-Windows systems
[8.825s] INFO:colcon.colcon_notification.desktop_notification:Sending desktop notification using 'notify2'
[8.830s] DEBUG:colcon.colcon_notification.desktop_notification.notify2:Failed to initialize notify2: org.freedesktop.DBus.Error.ServiceUnknown: The name org.freedesktop.Notifications was not provided by any .service files
[8.830s] DEBUG:colcon.colcon_core.event_reactor:joined thread
[8.831s] INFO:colcon.colcon_core.shell:Creating prefix script '/home/tee/ros2_fyp/install/local_setup.ps1'
[8.835s] INFO:colcon.colcon_core.shell:Creating prefix util module '/home/tee/ros2_fyp/install/_local_setup_util_ps1.py'
[8.842s] INFO:colcon.colcon_core.shell:Creating prefix chain script '/home/tee/ros2_fyp/install/setup.ps1'
[8.850s] INFO:colcon.colcon_core.shell:Creating prefix script '/home/tee/ros2_fyp/install/local_setup.sh'
[8.853s] INFO:colcon.colcon_core.shell:Creating prefix util module '/home/tee/ros2_fyp/install/_local_setup_util_sh.py'
[8.856s] INFO:colcon.colcon_core.shell:Creating prefix chain script '/home/tee/ros2_fyp/install/setup.sh'
[8.862s] INFO:colcon.colcon_core.shell:Creating prefix script '/home/tee/ros2_fyp/install/local_setup.bash'
[8.865s] INFO:colcon.colcon_core.shell:Creating prefix chain script '/home/tee/ros2_fyp/install/setup.bash'
[8.873s] INFO:colcon.colcon_core.shell:Creating prefix script '/home/tee/ros2_fyp/install/local_setup.zsh'
[8.875s] INFO:colcon.colcon_core.shell:Creating prefix chain script '/home/tee/ros2_fyp/install/setup.zsh'
