[0.491s] DEBUG:colcon:Command line arguments: ['/usr/bin/colcon', 'build']
[0.491s] DEBUG:colcon:Parsed command line arguments: Namespace(log_base=None, log_level=None, verb_name='build', build_base='build', install_base='install', merge_install=False, symlink_install=False, test_result_base=None, continue_on_error=False, executor='parallel', parallel_workers=4, event_handlers=None, ignore_user_meta=False, metas=['./colcon.meta'], base_paths=['.'], packages_ignore=None, packages_ignore_regex=None, paths=None, packages_up_to=None, packages_up_to_regex=None, packages_above=None, packages_above_and_dependencies=None, packages_above_depth=None, packages_select_by_dep=None, packages_skip_by_dep=None, packages_skip_up_to=None, packages_select_build_failed=False, packages_skip_build_finished=False, packages_select_test_failures=False, packages_skip_test_passed=False, packages_select=None, packages_skip=None, packages_select_regex=None, packages_skip_regex=None, packages_start=None, packages_end=None, allow_overriding=[], cmake_args=None, cmake_target=None, cmake_target_skip_unavailable=False, cmake_clean_cache=False, cmake_clean_first=False, cmake_force_configure=False, ament_cmake_args=None, catkin_cmake_args=None, catkin_skip_building_tests=False, mixin_files=None, mixin=None, verb_parser=<colcon_mixin.mixin.mixin_argument.MixinArgumentDecorator object at 0xffff8e81bdf0>, verb_extension=<colcon_core.verb.build.BuildVerb object at 0xffff8e9fd780>, main=<bound method BuildVerb.main of <colcon_core.verb.build.BuildVerb object at 0xffff8e9fd780>>, mixin_verb=('build',))
[1.494s] Level 1:colcon.colcon_core.package_discovery:discover_packages(colcon_meta) check parameters
[1.495s] Level 1:colcon.colcon_core.package_discovery:discover_packages(recursive) check parameters
[1.495s] Level 1:colcon.colcon_core.package_discovery:discover_packages(ignore) check parameters
[1.495s] Level 1:colcon.colcon_core.package_discovery:discover_packages(path) check parameters
[1.496s] Level 1:colcon.colcon_core.package_discovery:discover_packages(colcon_meta) discover
[1.496s] Level 1:colcon.colcon_core.package_discovery:discover_packages(recursive) discover
[1.496s] INFO:colcon.colcon_core.package_discovery:Crawling recursively for packages in '/home/tee/ros2_fyp'
[1.497s] Level 1:colcon.colcon_core.package_identification:_identify(.) by extensions ['ignore', 'ignore_ament_install']
[1.497s] Level 1:colcon.colcon_core.package_identification:_identify(.) by extension 'ignore'
[1.497s] Level 1:colcon.colcon_core.package_identification:_identify(.) by extension 'ignore_ament_install'
[1.498s] Level 1:colcon.colcon_core.package_identification:_identify(.) by extensions ['colcon_pkg']
[1.498s] Level 1:colcon.colcon_core.package_identification:_identify(.) by extension 'colcon_pkg'
[1.498s] Level 1:colcon.colcon_core.package_identification:_identify(.) by extensions ['colcon_meta']
[1.498s] Level 1:colcon.colcon_core.package_identification:_identify(.) by extension 'colcon_meta'
[1.498s] Level 1:colcon.colcon_core.package_identification:_identify(.) by extensions ['ros']
[1.499s] Level 1:colcon.colcon_core.package_identification:_identify(.) by extension 'ros'
[1.542s] Level 1:colcon.colcon_core.package_identification:_identify(.) by extensions ['cmake', 'python']
[1.543s] Level 1:colcon.colcon_core.package_identification:_identify(.) by extension 'cmake'
[1.543s] Level 1:colcon.colcon_core.package_identification:_identify(.) by extension 'python'
[1.543s] Level 1:colcon.colcon_core.package_identification:_identify(.) by extensions ['python_setup_py']
[1.543s] Level 1:colcon.colcon_core.package_identification:_identify(.) by extension 'python_setup_py'
[1.544s] Level 1:colcon.colcon_core.package_identification:_identify(build) by extensions ['ignore', 'ignore_ament_install']
[1.549s] Level 1:colcon.colcon_core.package_identification:_identify(build) by extension 'ignore'
[1.550s] Level 1:colcon.colcon_core.package_identification:_identify(build) ignored
[1.551s] Level 1:colcon.colcon_core.package_identification:_identify(config) by extensions ['ignore', 'ignore_ament_install']
[1.551s] Level 1:colcon.colcon_core.package_identification:_identify(config) by extension 'ignore'
[1.552s] Level 1:colcon.colcon_core.package_identification:_identify(config) by extension 'ignore_ament_install'
[1.553s] Level 1:colcon.colcon_core.package_identification:_identify(config) by extensions ['colcon_pkg']
[1.553s] Level 1:colcon.colcon_core.package_identification:_identify(config) by extension 'colcon_pkg'
[1.553s] Level 1:colcon.colcon_core.package_identification:_identify(config) by extensions ['colcon_meta']
[1.553s] Level 1:colcon.colcon_core.package_identification:_identify(config) by extension 'colcon_meta'
[1.554s] Level 1:colcon.colcon_core.package_identification:_identify(config) by extensions ['ros']
[1.554s] Level 1:colcon.colcon_core.package_identification:_identify(config) by extension 'ros'
[1.554s] Level 1:colcon.colcon_core.package_identification:_identify(config) by extensions ['cmake', 'python']
[1.555s] Level 1:colcon.colcon_core.package_identification:_identify(config) by extension 'cmake'
[1.555s] Level 1:colcon.colcon_core.package_identification:_identify(config) by extension 'python'
[1.556s] Level 1:colcon.colcon_core.package_identification:_identify(config) by extensions ['python_setup_py']
[1.556s] Level 1:colcon.colcon_core.package_identification:_identify(config) by extension 'python_setup_py'
[1.556s] Level 1:colcon.colcon_core.package_identification:_identify(install) by extensions ['ignore', 'ignore_ament_install']
[1.557s] Level 1:colcon.colcon_core.package_identification:_identify(install) by extension 'ignore'
[1.557s] Level 1:colcon.colcon_core.package_identification:_identify(install) ignored
[1.558s] Level 1:colcon.colcon_core.package_identification:_identify(log) by extensions ['ignore', 'ignore_ament_install']
[1.558s] Level 1:colcon.colcon_core.package_identification:_identify(log) by extension 'ignore'
[1.558s] Level 1:colcon.colcon_core.package_identification:_identify(log) ignored
[1.559s] Level 1:colcon.colcon_core.package_identification:_identify(src) by extensions ['ignore', 'ignore_ament_install']
[1.559s] Level 1:colcon.colcon_core.package_identification:_identify(src) by extension 'ignore'
[1.559s] Level 1:colcon.colcon_core.package_identification:_identify(src) by extension 'ignore_ament_install'
[1.560s] Level 1:colcon.colcon_core.package_identification:_identify(src) by extensions ['colcon_pkg']
[1.560s] Level 1:colcon.colcon_core.package_identification:_identify(src) by extension 'colcon_pkg'
[1.560s] Level 1:colcon.colcon_core.package_identification:_identify(src) by extensions ['colcon_meta']
[1.560s] Level 1:colcon.colcon_core.package_identification:_identify(src) by extension 'colcon_meta'
[1.560s] Level 1:colcon.colcon_core.package_identification:_identify(src) by extensions ['ros']
[1.560s] Level 1:colcon.colcon_core.package_identification:_identify(src) by extension 'ros'
[1.561s] Level 1:colcon.colcon_core.package_identification:_identify(src) by extensions ['cmake', 'python']
[1.561s] Level 1:colcon.colcon_core.package_identification:_identify(src) by extension 'cmake'
[1.561s] Level 1:colcon.colcon_core.package_identification:_identify(src) by extension 'python'
[1.561s] Level 1:colcon.colcon_core.package_identification:_identify(src) by extensions ['python_setup_py']
[1.561s] Level 1:colcon.colcon_core.package_identification:_identify(src) by extension 'python_setup_py'
[1.562s] Level 1:colcon.colcon_core.package_identification:_identify(src/r2_bringup) by extensions ['ignore', 'ignore_ament_install']
[1.562s] Level 1:colcon.colcon_core.package_identification:_identify(src/r2_bringup) by extension 'ignore'
[1.562s] Level 1:colcon.colcon_core.package_identification:_identify(src/r2_bringup) by extension 'ignore_ament_install'
[1.563s] Level 1:colcon.colcon_core.package_identification:_identify(src/r2_bringup) by extensions ['colcon_pkg']
[1.563s] Level 1:colcon.colcon_core.package_identification:_identify(src/r2_bringup) by extension 'colcon_pkg'
[1.563s] Level 1:colcon.colcon_core.package_identification:_identify(src/r2_bringup) by extensions ['colcon_meta']
[1.563s] Level 1:colcon.colcon_core.package_identification:_identify(src/r2_bringup) by extension 'colcon_meta'
[1.564s] Level 1:colcon.colcon_core.package_identification:_identify(src/r2_bringup) by extensions ['ros']
[1.564s] Level 1:colcon.colcon_core.package_identification:_identify(src/r2_bringup) by extension 'ros'
[1.572s] DEBUG:colcon.colcon_core.package_identification:Package 'src/r2_bringup' with type 'ros.ament_cmake' and name 'r2_bringup'
[1.572s] Level 1:colcon.colcon_core.package_identification:_identify(src/r2_description) by extensions ['ignore', 'ignore_ament_install']
[1.573s] Level 1:colcon.colcon_core.package_identification:_identify(src/r2_description) by extension 'ignore'
[1.573s] Level 1:colcon.colcon_core.package_identification:_identify(src/r2_description) by extension 'ignore_ament_install'
[1.573s] Level 1:colcon.colcon_core.package_identification:_identify(src/r2_description) by extensions ['colcon_pkg']
[1.574s] Level 1:colcon.colcon_core.package_identification:_identify(src/r2_description) by extension 'colcon_pkg'
[1.574s] Level 1:colcon.colcon_core.package_identification:_identify(src/r2_description) by extensions ['colcon_meta']
[1.574s] Level 1:colcon.colcon_core.package_identification:_identify(src/r2_description) by extension 'colcon_meta'
[1.574s] Level 1:colcon.colcon_core.package_identification:_identify(src/r2_description) by extensions ['ros']
[1.574s] Level 1:colcon.colcon_core.package_identification:_identify(src/r2_description) by extension 'ros'
[1.576s] DEBUG:colcon.colcon_core.package_identification:Package 'src/r2_description' with type 'ros.ament_cmake' and name 'r2_description'
[1.577s] Level 1:colcon.colcon_core.package_identification:_identify(src/r2_driver) by extensions ['ignore', 'ignore_ament_install']
[1.577s] Level 1:colcon.colcon_core.package_identification:_identify(src/r2_driver) by extension 'ignore'
[1.578s] Level 1:colcon.colcon_core.package_identification:_identify(src/r2_driver) by extension 'ignore_ament_install'
[1.578s] Level 1:colcon.colcon_core.package_identification:_identify(src/r2_driver) by extensions ['colcon_pkg']
[1.578s] Level 1:colcon.colcon_core.package_identification:_identify(src/r2_driver) by extension 'colcon_pkg'
[1.578s] Level 1:colcon.colcon_core.package_identification:_identify(src/r2_driver) by extensions ['colcon_meta']
[1.578s] Level 1:colcon.colcon_core.package_identification:_identify(src/r2_driver) by extension 'colcon_meta'
[1.579s] Level 1:colcon.colcon_core.package_identification:_identify(src/r2_driver) by extensions ['ros']
[1.579s] Level 1:colcon.colcon_core.package_identification:_identify(src/r2_driver) by extension 'ros'
[1.581s] DEBUG:colcon.colcon_core.package_identification:Package 'src/r2_driver' with type 'ros.ament_python' and name 'r2_driver'
[1.582s] Level 1:colcon.colcon_core.package_identification:_identify(src/r2_wheel_odometry) by extensions ['ignore', 'ignore_ament_install']
[1.582s] Level 1:colcon.colcon_core.package_identification:_identify(src/r2_wheel_odometry) by extension 'ignore'
[1.582s] Level 1:colcon.colcon_core.package_identification:_identify(src/r2_wheel_odometry) by extension 'ignore_ament_install'
[1.583s] Level 1:colcon.colcon_core.package_identification:_identify(src/r2_wheel_odometry) by extensions ['colcon_pkg']
[1.583s] Level 1:colcon.colcon_core.package_identification:_identify(src/r2_wheel_odometry) by extension 'colcon_pkg'
[1.583s] Level 1:colcon.colcon_core.package_identification:_identify(src/r2_wheel_odometry) by extensions ['colcon_meta']
[1.583s] Level 1:colcon.colcon_core.package_identification:_identify(src/r2_wheel_odometry) by extension 'colcon_meta'
[1.583s] Level 1:colcon.colcon_core.package_identification:_identify(src/r2_wheel_odometry) by extensions ['ros']
[1.584s] Level 1:colcon.colcon_core.package_identification:_identify(src/r2_wheel_odometry) by extension 'ros'
[1.622s] DEBUG:colcon.colcon_core.package_identification:Package 'src/r2_wheel_odometry' with type 'ros.ament_python' and name 'r2_wheel_odometry'
[1.622s] Level 1:colcon.colcon_core.package_identification:_identify(src/ros2_astra_camera) by extensions ['ignore', 'ignore_ament_install']
[1.623s] Level 1:colcon.colcon_core.package_identification:_identify(src/ros2_astra_camera) by extension 'ignore'
[1.623s] Level 1:colcon.colcon_core.package_identification:_identify(src/ros2_astra_camera) by extension 'ignore_ament_install'
[1.623s] Level 1:colcon.colcon_core.package_identification:_identify(src/ros2_astra_camera) by extensions ['colcon_pkg']
[1.624s] Level 1:colcon.colcon_core.package_identification:_identify(src/ros2_astra_camera) by extension 'colcon_pkg'
[1.624s] Level 1:colcon.colcon_core.package_identification:_identify(src/ros2_astra_camera) by extensions ['colcon_meta']
[1.624s] Level 1:colcon.colcon_core.package_identification:_identify(src/ros2_astra_camera) by extension 'colcon_meta'
[1.624s] Level 1:colcon.colcon_core.package_identification:_identify(src/ros2_astra_camera) by extensions ['ros']
[1.624s] Level 1:colcon.colcon_core.package_identification:_identify(src/ros2_astra_camera) by extension 'ros'
[1.625s] Level 1:colcon.colcon_core.package_identification:_identify(src/ros2_astra_camera) by extensions ['cmake', 'python']
[1.625s] Level 1:colcon.colcon_core.package_identification:_identify(src/ros2_astra_camera) by extension 'cmake'
[1.625s] Level 1:colcon.colcon_core.package_identification:_identify(src/ros2_astra_camera) by extension 'python'
[1.625s] Level 1:colcon.colcon_core.package_identification:_identify(src/ros2_astra_camera) by extensions ['python_setup_py']
[1.625s] Level 1:colcon.colcon_core.package_identification:_identify(src/ros2_astra_camera) by extension 'python_setup_py'
[1.626s] Level 1:colcon.colcon_core.package_identification:_identify(src/ros2_astra_camera/astra_camera) by extensions ['ignore', 'ignore_ament_install']
[1.626s] Level 1:colcon.colcon_core.package_identification:_identify(src/ros2_astra_camera/astra_camera) by extension 'ignore'
[1.627s] Level 1:colcon.colcon_core.package_identification:_identify(src/ros2_astra_camera/astra_camera) by extension 'ignore_ament_install'
[1.627s] Level 1:colcon.colcon_core.package_identification:_identify(src/ros2_astra_camera/astra_camera) by extensions ['colcon_pkg']
[1.627s] Level 1:colcon.colcon_core.package_identification:_identify(src/ros2_astra_camera/astra_camera) by extension 'colcon_pkg'
[1.627s] Level 1:colcon.colcon_core.package_identification:_identify(src/ros2_astra_camera/astra_camera) by extensions ['colcon_meta']
[1.627s] Level 1:colcon.colcon_core.package_identification:_identify(src/ros2_astra_camera/astra_camera) by extension 'colcon_meta'
[1.628s] Level 1:colcon.colcon_core.package_identification:_identify(src/ros2_astra_camera/astra_camera) by extensions ['ros']
[1.628s] Level 1:colcon.colcon_core.package_identification:_identify(src/ros2_astra_camera/astra_camera) by extension 'ros'
[1.635s] DEBUG:colcon.colcon_core.package_identification:Package 'src/ros2_astra_camera/astra_camera' with type 'ros.ament_cmake' and name 'astra_camera'
[1.636s] Level 1:colcon.colcon_core.package_identification:_identify(src/ros2_astra_camera/astra_camera_msgs) by extensions ['ignore', 'ignore_ament_install']
[1.636s] Level 1:colcon.colcon_core.package_identification:_identify(src/ros2_astra_camera/astra_camera_msgs) by extension 'ignore'
[1.637s] Level 1:colcon.colcon_core.package_identification:_identify(src/ros2_astra_camera/astra_camera_msgs) by extension 'ignore_ament_install'
[1.637s] Level 1:colcon.colcon_core.package_identification:_identify(src/ros2_astra_camera/astra_camera_msgs) by extensions ['colcon_pkg']
[1.637s] Level 1:colcon.colcon_core.package_identification:_identify(src/ros2_astra_camera/astra_camera_msgs) by extension 'colcon_pkg'
[1.637s] Level 1:colcon.colcon_core.package_identification:_identify(src/ros2_astra_camera/astra_camera_msgs) by extensions ['colcon_meta']
[1.637s] Level 1:colcon.colcon_core.package_identification:_identify(src/ros2_astra_camera/astra_camera_msgs) by extension 'colcon_meta'
[1.638s] Level 1:colcon.colcon_core.package_identification:_identify(src/ros2_astra_camera/astra_camera_msgs) by extensions ['ros']
[1.638s] Level 1:colcon.colcon_core.package_identification:_identify(src/ros2_astra_camera/astra_camera_msgs) by extension 'ros'
[1.640s] DEBUG:colcon.colcon_core.package_identification:Package 'src/ros2_astra_camera/astra_camera_msgs' with type 'ros.ament_cmake' and name 'astra_camera_msgs'
[1.641s] Level 1:colcon.colcon_core.package_identification:_identify(src/rplidar_ros) by extensions ['ignore', 'ignore_ament_install']
[1.641s] Level 1:colcon.colcon_core.package_identification:_identify(src/rplidar_ros) by extension 'ignore'
[1.642s] Level 1:colcon.colcon_core.package_identification:_identify(src/rplidar_ros) by extension 'ignore_ament_install'
[1.642s] Level 1:colcon.colcon_core.package_identification:_identify(src/rplidar_ros) by extensions ['colcon_pkg']
[1.642s] Level 1:colcon.colcon_core.package_identification:_identify(src/rplidar_ros) by extension 'colcon_pkg'
[1.642s] Level 1:colcon.colcon_core.package_identification:_identify(src/rplidar_ros) by extensions ['colcon_meta']
[1.642s] Level 1:colcon.colcon_core.package_identification:_identify(src/rplidar_ros) by extension 'colcon_meta'
[1.642s] Level 1:colcon.colcon_core.package_identification:_identify(src/rplidar_ros) by extensions ['ros']
[1.643s] Level 1:colcon.colcon_core.package_identification:_identify(src/rplidar_ros) by extension 'ros'
[1.645s] DEBUG:colcon.colcon_core.package_identification:Package 'src/rplidar_ros' with type 'ros.ament_cmake' and name 'rplidar_ros'
[1.645s] Level 1:colcon.colcon_core.package_discovery:discover_packages(recursive) using defaults
[1.646s] Level 1:colcon.colcon_core.package_discovery:discover_packages(ignore) discover
[1.646s] Level 1:colcon.colcon_core.package_discovery:discover_packages(ignore) using defaults
[1.646s] Level 1:colcon.colcon_core.package_discovery:discover_packages(path) discover
[1.646s] Level 1:colcon.colcon_core.package_discovery:discover_packages(path) using defaults
[1.731s] Level 1:colcon.colcon_core.package_discovery:discover_packages(prefix_path) check parameters
[1.732s] Level 1:colcon.colcon_core.package_discovery:discover_packages(prefix_path) discover
[1.743s] DEBUG:colcon.colcon_installed_package_information.package_discovery:Found 7 installed packages in /home/tee/ros2_fyp/install
[1.754s] DEBUG:colcon.colcon_installed_package_information.package_discovery:Found 372 installed packages in /opt/ros/humble
[1.765s] Level 1:colcon.colcon_core.package_discovery:discover_packages(prefix_path) using defaults
[1.984s] Level 5:colcon.colcon_core.verb:set package 'astra_camera_msgs' build argument 'cmake_args' from command line to 'None'
[1.984s] Level 5:colcon.colcon_core.verb:set package 'astra_camera_msgs' build argument 'cmake_target' from command line to 'None'
[1.984s] Level 5:colcon.colcon_core.verb:set package 'astra_camera_msgs' build argument 'cmake_target_skip_unavailable' from command line to 'False'
[1.984s] Level 5:colcon.colcon_core.verb:set package 'astra_camera_msgs' build argument 'cmake_clean_cache' from command line to 'False'
[1.984s] Level 5:colcon.colcon_core.verb:set package 'astra_camera_msgs' build argument 'cmake_clean_first' from command line to 'False'
[1.985s] Level 5:colcon.colcon_core.verb:set package 'astra_camera_msgs' build argument 'cmake_force_configure' from command line to 'False'
[1.985s] Level 5:colcon.colcon_core.verb:set package 'astra_camera_msgs' build argument 'ament_cmake_args' from command line to 'None'
[1.985s] Level 5:colcon.colcon_core.verb:set package 'astra_camera_msgs' build argument 'catkin_cmake_args' from command line to 'None'
[1.985s] Level 5:colcon.colcon_core.verb:set package 'astra_camera_msgs' build argument 'catkin_skip_building_tests' from command line to 'False'
[1.985s] DEBUG:colcon.colcon_core.verb:Building package 'astra_camera_msgs' with the following arguments: {'ament_cmake_args': None, 'build_base': '/home/tee/ros2_fyp/build/astra_camera_msgs', 'catkin_cmake_args': None, 'catkin_skip_building_tests': False, 'cmake_args': None, 'cmake_clean_cache': False, 'cmake_clean_first': False, 'cmake_force_configure': False, 'cmake_target': None, 'cmake_target_skip_unavailable': False, 'install_base': '/home/tee/ros2_fyp/install/astra_camera_msgs', 'merge_install': False, 'path': '/home/tee/ros2_fyp/src/ros2_astra_camera/astra_camera_msgs', 'symlink_install': False, 'test_result_base': None}
[1.987s] Level 5:colcon.colcon_core.verb:set package 'r2_bringup' build argument 'cmake_args' from command line to 'None'
[1.987s] Level 5:colcon.colcon_core.verb:set package 'r2_bringup' build argument 'cmake_target' from command line to 'None'
[1.987s] Level 5:colcon.colcon_core.verb:set package 'r2_bringup' build argument 'cmake_target_skip_unavailable' from command line to 'False'
[1.987s] Level 5:colcon.colcon_core.verb:set package 'r2_bringup' build argument 'cmake_clean_cache' from command line to 'False'
[1.987s] Level 5:colcon.colcon_core.verb:set package 'r2_bringup' build argument 'cmake_clean_first' from command line to 'False'
[1.987s] Level 5:colcon.colcon_core.verb:set package 'r2_bringup' build argument 'cmake_force_configure' from command line to 'False'
[1.987s] Level 5:colcon.colcon_core.verb:set package 'r2_bringup' build argument 'ament_cmake_args' from command line to 'None'
[1.988s] Level 5:colcon.colcon_core.verb:set package 'r2_bringup' build argument 'catkin_cmake_args' from command line to 'None'
[1.988s] Level 5:colcon.colcon_core.verb:set package 'r2_bringup' build argument 'catkin_skip_building_tests' from command line to 'False'
[1.988s] DEBUG:colcon.colcon_core.verb:Building package 'r2_bringup' with the following arguments: {'ament_cmake_args': None, 'build_base': '/home/tee/ros2_fyp/build/r2_bringup', 'catkin_cmake_args': None, 'catkin_skip_building_tests': False, 'cmake_args': None, 'cmake_clean_cache': False, 'cmake_clean_first': False, 'cmake_force_configure': False, 'cmake_target': None, 'cmake_target_skip_unavailable': False, 'install_base': '/home/tee/ros2_fyp/install/r2_bringup', 'merge_install': False, 'path': '/home/tee/ros2_fyp/src/r2_bringup', 'symlink_install': False, 'test_result_base': None}
[1.989s] Level 5:colcon.colcon_core.verb:set package 'r2_description' build argument 'cmake_args' from command line to 'None'
[1.989s] Level 5:colcon.colcon_core.verb:set package 'r2_description' build argument 'cmake_target' from command line to 'None'
[1.990s] Level 5:colcon.colcon_core.verb:set package 'r2_description' build argument 'cmake_target_skip_unavailable' from command line to 'False'
[1.990s] Level 5:colcon.colcon_core.verb:set package 'r2_description' build argument 'cmake_clean_cache' from command line to 'False'
[1.990s] Level 5:colcon.colcon_core.verb:set package 'r2_description' build argument 'cmake_clean_first' from command line to 'False'
[1.990s] Level 5:colcon.colcon_core.verb:set package 'r2_description' build argument 'cmake_force_configure' from command line to 'False'
[1.990s] Level 5:colcon.colcon_core.verb:set package 'r2_description' build argument 'ament_cmake_args' from command line to 'None'
[1.990s] Level 5:colcon.colcon_core.verb:set package 'r2_description' build argument 'catkin_cmake_args' from command line to 'None'
[1.990s] Level 5:colcon.colcon_core.verb:set package 'r2_description' build argument 'catkin_skip_building_tests' from command line to 'False'
[1.990s] DEBUG:colcon.colcon_core.verb:Building package 'r2_description' with the following arguments: {'ament_cmake_args': None, 'build_base': '/home/tee/ros2_fyp/build/r2_description', 'catkin_cmake_args': None, 'catkin_skip_building_tests': False, 'cmake_args': None, 'cmake_clean_cache': False, 'cmake_clean_first': False, 'cmake_force_configure': False, 'cmake_target': None, 'cmake_target_skip_unavailable': False, 'install_base': '/home/tee/ros2_fyp/install/r2_description', 'merge_install': False, 'path': '/home/tee/ros2_fyp/src/r2_description', 'symlink_install': False, 'test_result_base': None}
[1.992s] Level 5:colcon.colcon_core.verb:set package 'r2_driver' build argument 'cmake_args' from command line to 'None'
[1.992s] Level 5:colcon.colcon_core.verb:set package 'r2_driver' build argument 'cmake_target' from command line to 'None'
[1.992s] Level 5:colcon.colcon_core.verb:set package 'r2_driver' build argument 'cmake_target_skip_unavailable' from command line to 'False'
[1.992s] Level 5:colcon.colcon_core.verb:set package 'r2_driver' build argument 'cmake_clean_cache' from command line to 'False'
[1.992s] Level 5:colcon.colcon_core.verb:set package 'r2_driver' build argument 'cmake_clean_first' from command line to 'False'
[1.992s] Level 5:colcon.colcon_core.verb:set package 'r2_driver' build argument 'cmake_force_configure' from command line to 'False'
[1.993s] Level 5:colcon.colcon_core.verb:set package 'r2_driver' build argument 'ament_cmake_args' from command line to 'None'
[1.993s] Level 5:colcon.colcon_core.verb:set package 'r2_driver' build argument 'catkin_cmake_args' from command line to 'None'
[1.993s] Level 5:colcon.colcon_core.verb:set package 'r2_driver' build argument 'catkin_skip_building_tests' from command line to 'False'
[1.993s] DEBUG:colcon.colcon_core.verb:Building package 'r2_driver' with the following arguments: {'ament_cmake_args': None, 'build_base': '/home/tee/ros2_fyp/build/r2_driver', 'catkin_cmake_args': None, 'catkin_skip_building_tests': False, 'cmake_args': None, 'cmake_clean_cache': False, 'cmake_clean_first': False, 'cmake_force_configure': False, 'cmake_target': None, 'cmake_target_skip_unavailable': False, 'install_base': '/home/tee/ros2_fyp/install/r2_driver', 'merge_install': False, 'path': '/home/tee/ros2_fyp/src/r2_driver', 'symlink_install': False, 'test_result_base': None}
[1.994s] Level 5:colcon.colcon_core.verb:set package 'r2_wheel_odometry' build argument 'cmake_args' from command line to 'None'
[1.995s] Level 5:colcon.colcon_core.verb:set package 'r2_wheel_odometry' build argument 'cmake_target' from command line to 'None'
[1.995s] Level 5:colcon.colcon_core.verb:set package 'r2_wheel_odometry' build argument 'cmake_target_skip_unavailable' from command line to 'False'
[1.995s] Level 5:colcon.colcon_core.verb:set package 'r2_wheel_odometry' build argument 'cmake_clean_cache' from command line to 'False'
[1.995s] Level 5:colcon.colcon_core.verb:set package 'r2_wheel_odometry' build argument 'cmake_clean_first' from command line to 'False'
[1.995s] Level 5:colcon.colcon_core.verb:set package 'r2_wheel_odometry' build argument 'cmake_force_configure' from command line to 'False'
[1.995s] Level 5:colcon.colcon_core.verb:set package 'r2_wheel_odometry' build argument 'ament_cmake_args' from command line to 'None'
[1.995s] Level 5:colcon.colcon_core.verb:set package 'r2_wheel_odometry' build argument 'catkin_cmake_args' from command line to 'None'
[1.995s] Level 5:colcon.colcon_core.verb:set package 'r2_wheel_odometry' build argument 'catkin_skip_building_tests' from command line to 'False'
[1.995s] DEBUG:colcon.colcon_core.verb:Building package 'r2_wheel_odometry' with the following arguments: {'ament_cmake_args': None, 'build_base': '/home/tee/ros2_fyp/build/r2_wheel_odometry', 'catkin_cmake_args': None, 'catkin_skip_building_tests': False, 'cmake_args': None, 'cmake_clean_cache': False, 'cmake_clean_first': False, 'cmake_force_configure': False, 'cmake_target': None, 'cmake_target_skip_unavailable': False, 'install_base': '/home/tee/ros2_fyp/install/r2_wheel_odometry', 'merge_install': False, 'path': '/home/tee/ros2_fyp/src/r2_wheel_odometry', 'symlink_install': False, 'test_result_base': None}
[1.997s] Level 5:colcon.colcon_core.verb:set package 'rplidar_ros' build argument 'cmake_args' from command line to 'None'
[1.997s] Level 5:colcon.colcon_core.verb:set package 'rplidar_ros' build argument 'cmake_target' from command line to 'None'
[1.997s] Level 5:colcon.colcon_core.verb:set package 'rplidar_ros' build argument 'cmake_target_skip_unavailable' from command line to 'False'
[1.997s] Level 5:colcon.colcon_core.verb:set package 'rplidar_ros' build argument 'cmake_clean_cache' from command line to 'False'
[1.997s] Level 5:colcon.colcon_core.verb:set package 'rplidar_ros' build argument 'cmake_clean_first' from command line to 'False'
[1.998s] Level 5:colcon.colcon_core.verb:set package 'rplidar_ros' build argument 'cmake_force_configure' from command line to 'False'
[1.998s] Level 5:colcon.colcon_core.verb:set package 'rplidar_ros' build argument 'ament_cmake_args' from command line to 'None'
[1.998s] Level 5:colcon.colcon_core.verb:set package 'rplidar_ros' build argument 'catkin_cmake_args' from command line to 'None'
[1.998s] Level 5:colcon.colcon_core.verb:set package 'rplidar_ros' build argument 'catkin_skip_building_tests' from command line to 'False'
[1.998s] DEBUG:colcon.colcon_core.verb:Building package 'rplidar_ros' with the following arguments: {'ament_cmake_args': None, 'build_base': '/home/tee/ros2_fyp/build/rplidar_ros', 'catkin_cmake_args': None, 'catkin_skip_building_tests': False, 'cmake_args': None, 'cmake_clean_cache': False, 'cmake_clean_first': False, 'cmake_force_configure': False, 'cmake_target': None, 'cmake_target_skip_unavailable': False, 'install_base': '/home/tee/ros2_fyp/install/rplidar_ros', 'merge_install': False, 'path': '/home/tee/ros2_fyp/src/rplidar_ros', 'symlink_install': False, 'test_result_base': None}
[1.999s] Level 5:colcon.colcon_core.verb:set package 'astra_camera' build argument 'cmake_args' from command line to 'None'
[2.000s] Level 5:colcon.colcon_core.verb:set package 'astra_camera' build argument 'cmake_target' from command line to 'None'
[2.000s] Level 5:colcon.colcon_core.verb:set package 'astra_camera' build argument 'cmake_target_skip_unavailable' from command line to 'False'
[2.000s] Level 5:colcon.colcon_core.verb:set package 'astra_camera' build argument 'cmake_clean_cache' from command line to 'False'
[2.000s] Level 5:colcon.colcon_core.verb:set package 'astra_camera' build argument 'cmake_clean_first' from command line to 'False'
[2.000s] Level 5:colcon.colcon_core.verb:set package 'astra_camera' build argument 'cmake_force_configure' from command line to 'False'
[2.000s] Level 5:colcon.colcon_core.verb:set package 'astra_camera' build argument 'ament_cmake_args' from command line to 'None'
[2.000s] Level 5:colcon.colcon_core.verb:set package 'astra_camera' build argument 'catkin_cmake_args' from command line to 'None'
[2.000s] Level 5:colcon.colcon_core.verb:set package 'astra_camera' build argument 'catkin_skip_building_tests' from command line to 'False'
[2.001s] DEBUG:colcon.colcon_core.verb:Building package 'astra_camera' with the following arguments: {'ament_cmake_args': None, 'build_base': '/home/tee/ros2_fyp/build/astra_camera', 'catkin_cmake_args': None, 'catkin_skip_building_tests': False, 'cmake_args': None, 'cmake_clean_cache': False, 'cmake_clean_first': False, 'cmake_force_configure': False, 'cmake_target': None, 'cmake_target_skip_unavailable': False, 'install_base': '/home/tee/ros2_fyp/install/astra_camera', 'merge_install': False, 'path': '/home/tee/ros2_fyp/src/ros2_astra_camera/astra_camera', 'symlink_install': False, 'test_result_base': None}
[2.001s] INFO:colcon.colcon_core.executor:Executing jobs using 'parallel' executor
[2.004s] DEBUG:colcon.colcon_parallel_executor.executor.parallel:run_until_complete
[2.006s] INFO:colcon.colcon_ros.task.ament_cmake.build:Building ROS package in '/home/tee/ros2_fyp/src/ros2_astra_camera/astra_camera_msgs' with build type 'ament_cmake'
[2.007s] INFO:colcon.colcon_cmake.task.cmake.build:Building CMake package in '/home/tee/ros2_fyp/src/ros2_astra_camera/astra_camera_msgs'
[2.018s] INFO:colcon.colcon_core.plugin_system:Skipping extension 'colcon_core.shell.bat': Not used on non-Windows systems
[2.019s] INFO:colcon.colcon_core.shell:Skip shell extension 'powershell' for command environment: Not usable outside of PowerShell
[2.019s] DEBUG:colcon.colcon_core.shell:Skip shell extension 'dsv' for command environment
[2.045s] INFO:colcon.colcon_ros.task.ament_cmake.build:Building ROS package in '/home/tee/ros2_fyp/src/r2_bringup' with build type 'ament_cmake'
[2.045s] INFO:colcon.colcon_cmake.task.cmake.build:Building CMake package in '/home/tee/ros2_fyp/src/r2_bringup'
[2.046s] INFO:colcon.colcon_core.shell:Skip shell extension 'powershell' for command environment: Not usable outside of PowerShell
[2.047s] DEBUG:colcon.colcon_core.shell:Skip shell extension 'dsv' for command environment
[2.072s] INFO:colcon.colcon_ros.task.ament_cmake.build:Building ROS package in '/home/tee/ros2_fyp/src/r2_description' with build type 'ament_cmake'
[2.073s] INFO:colcon.colcon_cmake.task.cmake.build:Building CMake package in '/home/tee/ros2_fyp/src/r2_description'
[2.074s] INFO:colcon.colcon_core.shell:Skip shell extension 'powershell' for command environment: Not usable outside of PowerShell
[2.075s] DEBUG:colcon.colcon_core.shell:Skip shell extension 'dsv' for command environment
[2.100s] INFO:colcon.colcon_ros.task.ament_python.build:Building ROS package in '/home/tee/ros2_fyp/src/r2_driver' with build type 'ament_python'
[2.101s] Level 1:colcon.colcon_core.shell:create_environment_hook('r2_driver', 'ament_prefix_path')
[2.103s] INFO:colcon.colcon_core.shell:Creating environment hook '/home/tee/ros2_fyp/install/r2_driver/share/r2_driver/hook/ament_prefix_path.ps1'
[2.107s] INFO:colcon.colcon_core.shell:Creating environment descriptor '/home/tee/ros2_fyp/install/r2_driver/share/r2_driver/hook/ament_prefix_path.dsv'
[2.109s] INFO:colcon.colcon_core.shell:Creating environment hook '/home/tee/ros2_fyp/install/r2_driver/share/r2_driver/hook/ament_prefix_path.sh'
[2.114s] INFO:colcon.colcon_core.shell:Skip shell extension 'powershell' for command environment: Not usable outside of PowerShell
[2.114s] DEBUG:colcon.colcon_core.shell:Skip shell extension 'dsv' for command environment
[2.151s] DEBUG:colcon.colcon_core.event_handler.log_command:Invoking command in '/home/tee/ros2_fyp/build/astra_camera_msgs': CMAKE_PREFIX_PATH=${CMAKE_PREFIX_PATH}:/home/tee/ros2_fyp/install/r2_wheel_odometry:/home/tee/ros2_fyp/install/r2_driver:/opt/ros/humble /usr/bin/cmake /home/tee/ros2_fyp/src/ros2_astra_camera/astra_camera_msgs -DCMAKE_INSTALL_PREFIX=/home/tee/ros2_fyp/install/astra_camera_msgs
[2.189s] DEBUG:colcon.colcon_core.event_handler.log_command:Invoking command in '/home/tee/ros2_fyp/build/r2_bringup': CMAKE_PREFIX_PATH=${CMAKE_PREFIX_PATH}:/home/tee/ros2_fyp/install/r2_wheel_odometry:/home/tee/ros2_fyp/install/r2_driver:/opt/ros/humble /usr/bin/cmake /home/tee/ros2_fyp/src/r2_bringup -DCMAKE_INSTALL_PREFIX=/home/tee/ros2_fyp/install/r2_bringup
[2.200s] DEBUG:colcon.colcon_core.event_handler.log_command:Invoking command in '/home/tee/ros2_fyp/build/r2_description': CMAKE_PREFIX_PATH=${CMAKE_PREFIX_PATH}:/home/tee/ros2_fyp/install/r2_wheel_odometry:/home/tee/ros2_fyp/install/r2_driver:/opt/ros/humble /usr/bin/cmake /home/tee/ros2_fyp/src/r2_description -DCMAKE_INSTALL_PREFIX=/home/tee/ros2_fyp/install/r2_description
[4.348s] INFO:colcon.colcon_core.task.python.build:Building Python package in '/home/tee/ros2_fyp/src/r2_driver'
[4.349s] INFO:colcon.colcon_core.shell:Skip shell extension 'powershell' for command environment: Not usable outside of PowerShell
[4.350s] DEBUG:colcon.colcon_core.shell:Skip shell extension 'dsv' for command environment
[4.398s] DEBUG:colcon.colcon_core.event_handler.log_command:Invoked command in '/home/tee/ros2_fyp/build/r2_bringup' returned '0': CMAKE_PREFIX_PATH=${CMAKE_PREFIX_PATH}:/home/tee/ros2_fyp/install/r2_wheel_odometry:/home/tee/ros2_fyp/install/r2_driver:/opt/ros/humble /usr/bin/cmake /home/tee/ros2_fyp/src/r2_bringup -DCMAKE_INSTALL_PREFIX=/home/tee/ros2_fyp/install/r2_bringup
[4.401s] DEBUG:colcon.colcon_core.event_handler.log_command:Invoking command in '/home/tee/ros2_fyp/build/r2_bringup': CMAKE_PREFIX_PATH=${CMAKE_PREFIX_PATH}:/home/tee/ros2_fyp/install/r2_wheel_odometry:/home/tee/ros2_fyp/install/r2_driver:/opt/ros/humble /usr/bin/cmake --build /home/tee/ros2_fyp/build/r2_bringup -- -j4 -l4
[4.407s] DEBUG:colcon.colcon_core.event_handler.log_command:Invoked command in '/home/tee/ros2_fyp/build/r2_description' returned '0': CMAKE_PREFIX_PATH=${CMAKE_PREFIX_PATH}:/home/tee/ros2_fyp/install/r2_wheel_odometry:/home/tee/ros2_fyp/install/r2_driver:/opt/ros/humble /usr/bin/cmake /home/tee/ros2_fyp/src/r2_description -DCMAKE_INSTALL_PREFIX=/home/tee/ros2_fyp/install/r2_description
[4.422s] DEBUG:colcon.colcon_core.event_handler.log_command:Invoking command in '/home/tee/ros2_fyp/build/r2_description': CMAKE_PREFIX_PATH=${CMAKE_PREFIX_PATH}:/home/tee/ros2_fyp/install/r2_wheel_odometry:/home/tee/ros2_fyp/install/r2_driver:/opt/ros/humble /usr/bin/cmake --build /home/tee/ros2_fyp/build/r2_description -- -j4 -l4
[4.678s] DEBUG:colcon.colcon_core.event_handler.log_command:Invoked command in '/home/tee/ros2_fyp/build/r2_description' returned '0': CMAKE_PREFIX_PATH=${CMAKE_PREFIX_PATH}:/home/tee/ros2_fyp/install/r2_wheel_odometry:/home/tee/ros2_fyp/install/r2_driver:/opt/ros/humble /usr/bin/cmake --build /home/tee/ros2_fyp/build/r2_description -- -j4 -l4
[4.734s] DEBUG:colcon.colcon_core.event_handler.log_command:Invoking command in '/home/tee/ros2_fyp/build/r2_description': CMAKE_PREFIX_PATH=${CMAKE_PREFIX_PATH}:/home/tee/ros2_fyp/install/r2_wheel_odometry:/home/tee/ros2_fyp/install/r2_driver:/opt/ros/humble /usr/bin/cmake --install /home/tee/ros2_fyp/build/r2_description
[4.745s] DEBUG:colcon.colcon_core.event_handler.log_command:Invoked command in '/home/tee/ros2_fyp/build/r2_bringup' returned '0': CMAKE_PREFIX_PATH=${CMAKE_PREFIX_PATH}:/home/tee/ros2_fyp/install/r2_wheel_odometry:/home/tee/ros2_fyp/install/r2_driver:/opt/ros/humble /usr/bin/cmake --build /home/tee/ros2_fyp/build/r2_bringup -- -j4 -l4
[4.758s] DEBUG:colcon.colcon_core.event_handler.log_command:Invoking command in '/home/tee/ros2_fyp/build/r2_bringup': CMAKE_PREFIX_PATH=${CMAKE_PREFIX_PATH}:/home/tee/ros2_fyp/install/r2_wheel_odometry:/home/tee/ros2_fyp/install/r2_driver:/opt/ros/humble /usr/bin/cmake --install /home/tee/ros2_fyp/build/r2_bringup
[4.896s] Level 1:colcon.colcon_core.environment:create_environment_scripts_only(r2_description)
[4.919s] DEBUG:colcon.colcon_core.event_handler.log_command:Invoked command in '/home/tee/ros2_fyp/build/r2_description' returned '0': CMAKE_PREFIX_PATH=${CMAKE_PREFIX_PATH}:/home/tee/ros2_fyp/install/r2_wheel_odometry:/home/tee/ros2_fyp/install/r2_driver:/opt/ros/humble /usr/bin/cmake --install /home/tee/ros2_fyp/build/r2_description
[4.924s] Level 1:colcon.colcon_core.environment:checking '/home/tee/ros2_fyp/install/r2_description' for CMake module files
[4.928s] Level 1:colcon.colcon_core.environment:checking '/home/tee/ros2_fyp/install/r2_description' for CMake config files
[4.931s] Level 1:colcon.colcon_core.shell:create_environment_hook('r2_description', 'cmake_prefix_path')
[4.933s] INFO:colcon.colcon_core.shell:Creating environment hook '/home/tee/ros2_fyp/install/r2_description/share/r2_description/hook/cmake_prefix_path.ps1'
[4.936s] INFO:colcon.colcon_core.shell:Creating environment descriptor '/home/tee/ros2_fyp/install/r2_description/share/r2_description/hook/cmake_prefix_path.dsv'
[4.941s] INFO:colcon.colcon_core.shell:Creating environment hook '/home/tee/ros2_fyp/install/r2_description/share/r2_description/hook/cmake_prefix_path.sh'
[4.947s] Level 1:colcon.colcon_core.environment:checking '/home/tee/ros2_fyp/install/r2_description/bin'
[4.949s] Level 1:colcon.colcon_core.environment:checking '/home/tee/ros2_fyp/install/r2_description/lib/pkgconfig/r2_description.pc'
[4.951s] Level 1:colcon.colcon_core.environment:checking '/home/tee/ros2_fyp/install/r2_description/lib/python3.10/site-packages'
[4.956s] Level 1:colcon.colcon_core.environment:checking '/home/tee/ros2_fyp/install/r2_description/bin'
[4.958s] INFO:colcon.colcon_core.shell:Creating package script '/home/tee/ros2_fyp/install/r2_description/share/r2_description/package.ps1'
[4.965s] INFO:colcon.colcon_core.shell:Creating package descriptor '/home/tee/ros2_fyp/install/r2_description/share/r2_description/package.dsv'
[4.970s] INFO:colcon.colcon_core.shell:Creating package script '/home/tee/ros2_fyp/install/r2_description/share/r2_description/package.sh'
[4.975s] INFO:colcon.colcon_core.shell:Creating package script '/home/tee/ros2_fyp/install/r2_description/share/r2_description/package.bash'
[4.981s] INFO:colcon.colcon_core.shell:Creating package script '/home/tee/ros2_fyp/install/r2_description/share/r2_description/package.zsh'
[4.985s] Level 1:colcon.colcon_core.environment:create_file_with_runtime_dependencies(/home/tee/ros2_fyp/install/r2_description/share/colcon-core/packages/r2_description)
[4.990s] Level 1:colcon.colcon_core.environment:create_environment_scripts_only(r2_description)
[4.992s] Level 1:colcon.colcon_core.environment:checking '/home/tee/ros2_fyp/install/r2_description' for CMake module files
[4.996s] Level 1:colcon.colcon_core.environment:checking '/home/tee/ros2_fyp/install/r2_description' for CMake config files
[4.999s] Level 1:colcon.colcon_core.shell:create_environment_hook('r2_description', 'cmake_prefix_path')
[5.000s] INFO:colcon.colcon_core.shell:Creating environment hook '/home/tee/ros2_fyp/install/r2_description/share/r2_description/hook/cmake_prefix_path.ps1'
[5.005s] INFO:colcon.colcon_core.shell:Creating environment descriptor '/home/tee/ros2_fyp/install/r2_description/share/r2_description/hook/cmake_prefix_path.dsv'
[5.009s] INFO:colcon.colcon_core.shell:Creating environment hook '/home/tee/ros2_fyp/install/r2_description/share/r2_description/hook/cmake_prefix_path.sh'
[5.014s] Level 1:colcon.colcon_core.environment:checking '/home/tee/ros2_fyp/install/r2_description/bin'
[5.016s] Level 1:colcon.colcon_core.environment:checking '/home/tee/ros2_fyp/install/r2_description/lib/pkgconfig/r2_description.pc'
[5.021s] Level 1:colcon.colcon_core.environment:checking '/home/tee/ros2_fyp/install/r2_description/lib/python3.10/site-packages'
[5.023s] Level 1:colcon.colcon_core.environment:checking '/home/tee/ros2_fyp/install/r2_description/bin'
[5.025s] INFO:colcon.colcon_core.shell:Creating package script '/home/tee/ros2_fyp/install/r2_description/share/r2_description/package.ps1'
[5.029s] INFO:colcon.colcon_core.shell:Creating package descriptor '/home/tee/ros2_fyp/install/r2_description/share/r2_description/package.dsv'
[5.062s] INFO:colcon.colcon_core.shell:Creating package script '/home/tee/ros2_fyp/install/r2_description/share/r2_description/package.sh'
[5.069s] INFO:colcon.colcon_core.shell:Creating package script '/home/tee/ros2_fyp/install/r2_description/share/r2_description/package.bash'
[5.073s] INFO:colcon.colcon_core.shell:Creating package script '/home/tee/ros2_fyp/install/r2_description/share/r2_description/package.zsh'
[5.076s] Level 1:colcon.colcon_core.environment:create_file_with_runtime_dependencies(/home/tee/ros2_fyp/install/r2_description/share/colcon-core/packages/r2_description)
[5.088s] INFO:colcon.colcon_ros.task.ament_python.build:Building ROS package in '/home/tee/ros2_fyp/src/r2_wheel_odometry' with build type 'ament_python'
[5.096s] Level 1:colcon.colcon_core.shell:create_environment_hook('r2_wheel_odometry', 'ament_prefix_path')
[5.098s] INFO:colcon.colcon_core.shell:Creating environment hook '/home/tee/ros2_fyp/install/r2_wheel_odometry/share/r2_wheel_odometry/hook/ament_prefix_path.ps1'
[5.105s] INFO:colcon.colcon_core.shell:Creating environment descriptor '/home/tee/ros2_fyp/install/r2_wheel_odometry/share/r2_wheel_odometry/hook/ament_prefix_path.dsv'
[5.109s] INFO:colcon.colcon_core.shell:Creating environment hook '/home/tee/ros2_fyp/install/r2_wheel_odometry/share/r2_wheel_odometry/hook/ament_prefix_path.sh'
[5.114s] INFO:colcon.colcon_core.shell:Skip shell extension 'powershell' for command environment: Not usable outside of PowerShell
[5.115s] DEBUG:colcon.colcon_core.shell:Skip shell extension 'dsv' for command environment
[5.146s] Level 1:colcon.colcon_core.environment:create_environment_scripts_only(r2_bringup)
[5.150s] Level 1:colcon.colcon_core.environment:checking '/home/tee/ros2_fyp/install/r2_bringup' for CMake module files
[5.149s] DEBUG:colcon.colcon_core.event_handler.log_command:Invoked command in '/home/tee/ros2_fyp/build/r2_bringup' returned '0': CMAKE_PREFIX_PATH=${CMAKE_PREFIX_PATH}:/home/tee/ros2_fyp/install/r2_wheel_odometry:/home/tee/ros2_fyp/install/r2_driver:/opt/ros/humble /usr/bin/cmake --install /home/tee/ros2_fyp/build/r2_bringup
[5.154s] Level 1:colcon.colcon_core.environment:checking '/home/tee/ros2_fyp/install/r2_bringup' for CMake config files
[5.158s] Level 1:colcon.colcon_core.shell:create_environment_hook('r2_bringup', 'cmake_prefix_path')
[5.160s] INFO:colcon.colcon_core.shell:Creating environment hook '/home/tee/ros2_fyp/install/r2_bringup/share/r2_bringup/hook/cmake_prefix_path.ps1'
[5.162s] INFO:colcon.colcon_core.shell:Creating environment descriptor '/home/tee/ros2_fyp/install/r2_bringup/share/r2_bringup/hook/cmake_prefix_path.dsv'
[5.165s] INFO:colcon.colcon_core.shell:Creating environment hook '/home/tee/ros2_fyp/install/r2_bringup/share/r2_bringup/hook/cmake_prefix_path.sh'
[5.168s] Level 1:colcon.colcon_core.environment:checking '/home/tee/ros2_fyp/install/r2_bringup/bin'
[5.169s] Level 1:colcon.colcon_core.environment:checking '/home/tee/ros2_fyp/install/r2_bringup/lib/pkgconfig/r2_bringup.pc'
[5.170s] Level 1:colcon.colcon_core.environment:checking '/home/tee/ros2_fyp/install/r2_bringup/lib/python3.10/site-packages'
[5.172s] Level 1:colcon.colcon_core.environment:checking '/home/tee/ros2_fyp/install/r2_bringup/bin'
[5.174s] INFO:colcon.colcon_core.shell:Creating package script '/home/tee/ros2_fyp/install/r2_bringup/share/r2_bringup/package.ps1'
[5.177s] INFO:colcon.colcon_core.shell:Creating package descriptor '/home/tee/ros2_fyp/install/r2_bringup/share/r2_bringup/package.dsv'
[5.180s] INFO:colcon.colcon_core.shell:Creating package script '/home/tee/ros2_fyp/install/r2_bringup/share/r2_bringup/package.sh'
[5.183s] INFO:colcon.colcon_core.shell:Creating package script '/home/tee/ros2_fyp/install/r2_bringup/share/r2_bringup/package.bash'
[5.185s] INFO:colcon.colcon_core.shell:Creating package script '/home/tee/ros2_fyp/install/r2_bringup/share/r2_bringup/package.zsh'
[5.187s] Level 1:colcon.colcon_core.environment:create_file_with_runtime_dependencies(/home/tee/ros2_fyp/install/r2_bringup/share/colcon-core/packages/r2_bringup)
[5.190s] Level 1:colcon.colcon_core.environment:create_environment_scripts_only(r2_bringup)
[5.191s] Level 1:colcon.colcon_core.environment:checking '/home/tee/ros2_fyp/install/r2_bringup' for CMake module files
[5.194s] Level 1:colcon.colcon_core.environment:checking '/home/tee/ros2_fyp/install/r2_bringup' for CMake config files
[5.197s] Level 1:colcon.colcon_core.shell:create_environment_hook('r2_bringup', 'cmake_prefix_path')
[5.198s] INFO:colcon.colcon_core.shell:Creating environment hook '/home/tee/ros2_fyp/install/r2_bringup/share/r2_bringup/hook/cmake_prefix_path.ps1'
[5.200s] INFO:colcon.colcon_core.shell:Creating environment descriptor '/home/tee/ros2_fyp/install/r2_bringup/share/r2_bringup/hook/cmake_prefix_path.dsv'
[5.203s] INFO:colcon.colcon_core.shell:Creating environment hook '/home/tee/ros2_fyp/install/r2_bringup/share/r2_bringup/hook/cmake_prefix_path.sh'
[5.206s] Level 1:colcon.colcon_core.environment:checking '/home/tee/ros2_fyp/install/r2_bringup/bin'
[5.207s] Level 1:colcon.colcon_core.environment:checking '/home/tee/ros2_fyp/install/r2_bringup/lib/pkgconfig/r2_bringup.pc'
[5.208s] Level 1:colcon.colcon_core.environment:checking '/home/tee/ros2_fyp/install/r2_bringup/lib/python3.10/site-packages'
[5.210s] Level 1:colcon.colcon_core.environment:checking '/home/tee/ros2_fyp/install/r2_bringup/bin'
[5.212s] INFO:colcon.colcon_core.shell:Creating package script '/home/tee/ros2_fyp/install/r2_bringup/share/r2_bringup/package.ps1'
[5.218s] INFO:colcon.colcon_core.shell:Creating package descriptor '/home/tee/ros2_fyp/install/r2_bringup/share/r2_bringup/package.dsv'
[5.221s] INFO:colcon.colcon_core.shell:Creating package script '/home/tee/ros2_fyp/install/r2_bringup/share/r2_bringup/package.sh'
[5.223s] INFO:colcon.colcon_core.shell:Creating package script '/home/tee/ros2_fyp/install/r2_bringup/share/r2_bringup/package.bash'
[5.226s] INFO:colcon.colcon_core.shell:Creating package script '/home/tee/ros2_fyp/install/r2_bringup/share/r2_bringup/package.zsh'
[5.230s] Level 1:colcon.colcon_core.environment:create_file_with_runtime_dependencies(/home/tee/ros2_fyp/install/r2_bringup/share/colcon-core/packages/r2_bringup)
[5.233s] INFO:colcon.colcon_ros.task.ament_cmake.build:Building ROS package in '/home/tee/ros2_fyp/src/rplidar_ros' with build type 'ament_cmake'
[5.234s] INFO:colcon.colcon_cmake.task.cmake.build:Building CMake package in '/home/tee/ros2_fyp/src/rplidar_ros'
[5.236s] INFO:colcon.colcon_core.shell:Skip shell extension 'powershell' for command environment: Not usable outside of PowerShell
[5.236s] DEBUG:colcon.colcon_core.shell:Skip shell extension 'dsv' for command environment
[7.152s] INFO:colcon.colcon_core.task.python.build:Building Python package in '/home/tee/ros2_fyp/src/r2_wheel_odometry'
[7.153s] INFO:colcon.colcon_core.shell:Skip shell extension 'powershell' for command environment: Not usable outside of PowerShell
[7.154s] DEBUG:colcon.colcon_core.shell:Skip shell extension 'dsv' for command environment
[7.213s] DEBUG:colcon.colcon_core.event_handler.log_command:Invoking command in '/home/tee/ros2_fyp/build/rplidar_ros': CMAKE_PREFIX_PATH=${CMAKE_PREFIX_PATH}:/home/tee/ros2_fyp/install/r2_wheel_odometry:/home/tee/ros2_fyp/install/r2_driver:/opt/ros/humble /usr/bin/cmake /home/tee/ros2_fyp/src/rplidar_ros -DCMAKE_INSTALL_PREFIX=/home/tee/ros2_fyp/install/rplidar_ros
[7.241s] DEBUG:colcon.colcon_core.event_handler.log_command:Invoking command in '/home/tee/ros2_fyp/build/r2_driver': PYTHONPATH=/home/tee/ros2_fyp/build/r2_driver/prefix_override:/usr/lib/python3/dist-packages/colcon_core/task/python/colcon_distutils_commands:/home/tee/ros2_fyp/install/r2_driver/lib/python3.10/site-packages:${PYTHONPATH} /usr/bin/python3 -W ignore:setup.py install is deprecated -W ignore:easy_install command is deprecated setup.py develop --uninstall --editable --build-directory /home/tee/ros2_fyp/build/r2_driver/build
[10.094s] DEBUG:colcon.colcon_core.event_handler.log_command:Invoking command in '/home/tee/ros2_fyp/build/r2_wheel_odometry': PYTHONPATH=/home/tee/ros2_fyp/build/r2_wheel_odometry/prefix_override:/usr/lib/python3/dist-packages/colcon_core/task/python/colcon_distutils_commands:/home/tee/ros2_fyp/install/r2_wheel_odometry/lib/python3.10/site-packages:${PYTHONPATH} /usr/bin/python3 -W ignore:setup.py install is deprecated -W ignore:easy_install command is deprecated setup.py develop --uninstall --editable --build-directory /home/tee/ros2_fyp/build/r2_wheel_odometry/build
[11.187s] DEBUG:colcon.colcon_core.event_handler.log_command:Invoked command in '/home/tee/ros2_fyp/build/rplidar_ros' returned '0': CMAKE_PREFIX_PATH=${CMAKE_PREFIX_PATH}:/home/tee/ros2_fyp/install/r2_wheel_odometry:/home/tee/ros2_fyp/install/r2_driver:/opt/ros/humble /usr/bin/cmake /home/tee/ros2_fyp/src/rplidar_ros -DCMAKE_INSTALL_PREFIX=/home/tee/ros2_fyp/install/rplidar_ros
[11.189s] DEBUG:colcon.colcon_core.event_handler.log_command:Invoking command in '/home/tee/ros2_fyp/build/rplidar_ros': CMAKE_PREFIX_PATH=${CMAKE_PREFIX_PATH}:/home/tee/ros2_fyp/install/r2_wheel_odometry:/home/tee/ros2_fyp/install/r2_driver:/opt/ros/humble /usr/bin/cmake --build /home/tee/ros2_fyp/build/rplidar_ros -- -j4 -l4
[11.489s] DEBUG:colcon.colcon_core.event_handler.log_command:Invoked command in '/home/tee/ros2_fyp/build/r2_driver' returned '0': PYTHONPATH=/home/tee/ros2_fyp/build/r2_driver/prefix_override:/usr/lib/python3/dist-packages/colcon_core/task/python/colcon_distutils_commands:/home/tee/ros2_fyp/install/r2_driver/lib/python3.10/site-packages:${PYTHONPATH} /usr/bin/python3 -W ignore:setup.py install is deprecated -W ignore:easy_install command is deprecated setup.py develop --uninstall --editable --build-directory /home/tee/ros2_fyp/build/r2_driver/build
[11.499s] DEBUG:colcon.colcon_core.event_handler.log_command:Invoking command in '/home/tee/ros2_fyp/src/r2_driver': PYTHONPATH=/home/tee/ros2_fyp/build/r2_driver/prefix_override:/usr/lib/python3/dist-packages/colcon_core/task/python/colcon_distutils_commands:/home/tee/ros2_fyp/install/r2_driver/lib/python3.10/site-packages:${PYTHONPATH} /usr/bin/python3 -W ignore:setup.py install is deprecated -W ignore:easy_install command is deprecated setup.py egg_info --egg-base ../../build/r2_driver build --build-base /home/tee/ros2_fyp/build/r2_driver/build install --record /home/tee/ros2_fyp/build/r2_driver/install.log --single-version-externally-managed install_data --force
[12.255s] DEBUG:colcon.colcon_core.event_handler.log_command:Invoked command in '/home/tee/ros2_fyp/build/rplidar_ros' returned '0': CMAKE_PREFIX_PATH=${CMAKE_PREFIX_PATH}:/home/tee/ros2_fyp/install/r2_wheel_odometry:/home/tee/ros2_fyp/install/r2_driver:/opt/ros/humble /usr/bin/cmake --build /home/tee/ros2_fyp/build/rplidar_ros -- -j4 -l4
[12.257s] DEBUG:colcon.colcon_core.event_handler.log_command:Invoking command in '/home/tee/ros2_fyp/build/rplidar_ros': CMAKE_PREFIX_PATH=${CMAKE_PREFIX_PATH}:/home/tee/ros2_fyp/install/r2_wheel_odometry:/home/tee/ros2_fyp/install/r2_driver:/opt/ros/humble /usr/bin/cmake --install /home/tee/ros2_fyp/build/rplidar_ros
[12.513s] Level 1:colcon.colcon_core.environment:create_environment_scripts_only(rplidar_ros)
[12.514s] Level 1:colcon.colcon_core.environment:checking '/home/tee/ros2_fyp/install/rplidar_ros' for CMake module files
[12.517s] Level 1:colcon.colcon_core.environment:checking '/home/tee/ros2_fyp/install/rplidar_ros' for CMake config files
[12.522s] Level 1:colcon.colcon_core.shell:create_environment_hook('rplidar_ros', 'cmake_prefix_path')
[12.523s] INFO:colcon.colcon_core.shell:Creating environment hook '/home/tee/ros2_fyp/install/rplidar_ros/share/rplidar_ros/hook/cmake_prefix_path.ps1'
[12.529s] DEBUG:colcon.colcon_core.event_handler.log_command:Invoked command in '/home/tee/ros2_fyp/build/rplidar_ros' returned '0': CMAKE_PREFIX_PATH=${CMAKE_PREFIX_PATH}:/home/tee/ros2_fyp/install/r2_wheel_odometry:/home/tee/ros2_fyp/install/r2_driver:/opt/ros/humble /usr/bin/cmake --install /home/tee/ros2_fyp/build/rplidar_ros
[12.531s] INFO:colcon.colcon_core.shell:Creating environment descriptor '/home/tee/ros2_fyp/install/rplidar_ros/share/rplidar_ros/hook/cmake_prefix_path.dsv'
[12.534s] INFO:colcon.colcon_core.shell:Creating environment hook '/home/tee/ros2_fyp/install/rplidar_ros/share/rplidar_ros/hook/cmake_prefix_path.sh'
[12.538s] Level 1:colcon.colcon_core.environment:checking '/home/tee/ros2_fyp/install/rplidar_ros/lib'
[12.539s] Level 1:colcon.colcon_core.environment:checking '/home/tee/ros2_fyp/install/rplidar_ros/bin'
[12.540s] Level 1:colcon.colcon_core.environment:checking '/home/tee/ros2_fyp/install/rplidar_ros/lib/pkgconfig/rplidar_ros.pc'
[12.541s] Level 1:colcon.colcon_core.environment:checking '/home/tee/ros2_fyp/install/rplidar_ros/lib/python3.10/site-packages'
[12.543s] Level 1:colcon.colcon_core.environment:checking '/home/tee/ros2_fyp/install/rplidar_ros/bin'
[12.545s] INFO:colcon.colcon_core.shell:Creating package script '/home/tee/ros2_fyp/install/rplidar_ros/share/rplidar_ros/package.ps1'
[12.547s] INFO:colcon.colcon_core.shell:Creating package descriptor '/home/tee/ros2_fyp/install/rplidar_ros/share/rplidar_ros/package.dsv'
[12.550s] INFO:colcon.colcon_core.shell:Creating package script '/home/tee/ros2_fyp/install/rplidar_ros/share/rplidar_ros/package.sh'
[12.552s] INFO:colcon.colcon_core.shell:Creating package script '/home/tee/ros2_fyp/install/rplidar_ros/share/rplidar_ros/package.bash'
[12.555s] INFO:colcon.colcon_core.shell:Creating package script '/home/tee/ros2_fyp/install/rplidar_ros/share/rplidar_ros/package.zsh'
[12.558s] Level 1:colcon.colcon_core.environment:create_file_with_runtime_dependencies(/home/tee/ros2_fyp/install/rplidar_ros/share/colcon-core/packages/rplidar_ros)
[12.562s] Level 1:colcon.colcon_core.environment:create_environment_scripts_only(rplidar_ros)
[12.563s] Level 1:colcon.colcon_core.environment:checking '/home/tee/ros2_fyp/install/rplidar_ros' for CMake module files
[12.567s] Level 1:colcon.colcon_core.environment:checking '/home/tee/ros2_fyp/install/rplidar_ros' for CMake config files
[12.572s] Level 1:colcon.colcon_core.shell:create_environment_hook('rplidar_ros', 'cmake_prefix_path')
[12.574s] INFO:colcon.colcon_core.shell:Creating environment hook '/home/tee/ros2_fyp/install/rplidar_ros/share/rplidar_ros/hook/cmake_prefix_path.ps1'
[12.588s] INFO:colcon.colcon_core.shell:Creating environment descriptor '/home/tee/ros2_fyp/install/rplidar_ros/share/rplidar_ros/hook/cmake_prefix_path.dsv'
[12.592s] INFO:colcon.colcon_core.shell:Creating environment hook '/home/tee/ros2_fyp/install/rplidar_ros/share/rplidar_ros/hook/cmake_prefix_path.sh'
[12.595s] Level 1:colcon.colcon_core.environment:checking '/home/tee/ros2_fyp/install/rplidar_ros/lib'
[12.596s] Level 1:colcon.colcon_core.environment:checking '/home/tee/ros2_fyp/install/rplidar_ros/bin'
[12.597s] Level 1:colcon.colcon_core.environment:checking '/home/tee/ros2_fyp/install/rplidar_ros/lib/pkgconfig/rplidar_ros.pc'
[12.606s] Level 1:colcon.colcon_core.environment:checking '/home/tee/ros2_fyp/install/rplidar_ros/lib/python3.10/site-packages'
[12.608s] Level 1:colcon.colcon_core.environment:checking '/home/tee/ros2_fyp/install/rplidar_ros/bin'
[12.610s] INFO:colcon.colcon_core.shell:Creating package script '/home/tee/ros2_fyp/install/rplidar_ros/share/rplidar_ros/package.ps1'
[12.615s] INFO:colcon.colcon_core.shell:Creating package descriptor '/home/tee/ros2_fyp/install/rplidar_ros/share/rplidar_ros/package.dsv'
[12.625s] INFO:colcon.colcon_core.shell:Creating package script '/home/tee/ros2_fyp/install/rplidar_ros/share/rplidar_ros/package.sh'
[12.627s] INFO:colcon.colcon_core.shell:Creating package script '/home/tee/ros2_fyp/install/rplidar_ros/share/rplidar_ros/package.bash'
[12.640s] INFO:colcon.colcon_core.shell:Creating package script '/home/tee/ros2_fyp/install/rplidar_ros/share/rplidar_ros/package.zsh'
[12.643s] Level 1:colcon.colcon_core.environment:create_file_with_runtime_dependencies(/home/tee/ros2_fyp/install/rplidar_ros/share/colcon-core/packages/rplidar_ros)
[13.853s] DEBUG:colcon.colcon_core.event_handler.log_command:Invoked command in '/home/tee/ros2_fyp/build/astra_camera_msgs' returned '0': CMAKE_PREFIX_PATH=${CMAKE_PREFIX_PATH}:/home/tee/ros2_fyp/install/r2_wheel_odometry:/home/tee/ros2_fyp/install/r2_driver:/opt/ros/humble /usr/bin/cmake /home/tee/ros2_fyp/src/ros2_astra_camera/astra_camera_msgs -DCMAKE_INSTALL_PREFIX=/home/tee/ros2_fyp/install/astra_camera_msgs
[13.873s] DEBUG:colcon.colcon_core.event_handler.log_command:Invoking command in '/home/tee/ros2_fyp/build/astra_camera_msgs': CMAKE_PREFIX_PATH=${CMAKE_PREFIX_PATH}:/home/tee/ros2_fyp/install/r2_wheel_odometry:/home/tee/ros2_fyp/install/r2_driver:/opt/ros/humble /usr/bin/cmake --build /home/tee/ros2_fyp/build/astra_camera_msgs -- -j4 -l4
[13.938s] DEBUG:colcon.colcon_core.event_handler.log_command:Invoked command in '/home/tee/ros2_fyp/build/r2_wheel_odometry' returned '0': PYTHONPATH=/home/tee/ros2_fyp/build/r2_wheel_odometry/prefix_override:/usr/lib/python3/dist-packages/colcon_core/task/python/colcon_distutils_commands:/home/tee/ros2_fyp/install/r2_wheel_odometry/lib/python3.10/site-packages:${PYTHONPATH} /usr/bin/python3 -W ignore:setup.py install is deprecated -W ignore:easy_install command is deprecated setup.py develop --uninstall --editable --build-directory /home/tee/ros2_fyp/build/r2_wheel_odometry/build
[13.949s] DEBUG:colcon.colcon_core.event_handler.log_command:Invoking command in '/home/tee/ros2_fyp/src/r2_wheel_odometry': PYTHONPATH=/home/tee/ros2_fyp/build/r2_wheel_odometry/prefix_override:/usr/lib/python3/dist-packages/colcon_core/task/python/colcon_distutils_commands:/home/tee/ros2_fyp/install/r2_wheel_odometry/lib/python3.10/site-packages:${PYTHONPATH} /usr/bin/python3 -W ignore:setup.py install is deprecated -W ignore:easy_install command is deprecated setup.py egg_info --egg-base ../../build/r2_wheel_odometry build --build-base /home/tee/ros2_fyp/build/r2_wheel_odometry/build install --record /home/tee/ros2_fyp/build/r2_wheel_odometry/install.log --single-version-externally-managed install_data --force
[14.182s] Level 1:colcon.colcon_core.environment:checking '/home/tee/ros2_fyp/install/r2_driver' for CMake module files
[14.187s] DEBUG:colcon.colcon_core.event_handler.log_command:Invoked command in '/home/tee/ros2_fyp/src/r2_driver' returned '0': PYTHONPATH=/home/tee/ros2_fyp/build/r2_driver/prefix_override:/usr/lib/python3/dist-packages/colcon_core/task/python/colcon_distutils_commands:/home/tee/ros2_fyp/install/r2_driver/lib/python3.10/site-packages:${PYTHONPATH} /usr/bin/python3 -W ignore:setup.py install is deprecated -W ignore:easy_install command is deprecated setup.py egg_info --egg-base ../../build/r2_driver build --build-base /home/tee/ros2_fyp/build/r2_driver/build install --record /home/tee/ros2_fyp/build/r2_driver/install.log --single-version-externally-managed install_data --force
[14.192s] Level 1:colcon.colcon_core.environment:checking '/home/tee/ros2_fyp/install/r2_driver' for CMake config files
[14.203s] Level 1:colcon.colcon_core.environment:checking '/home/tee/ros2_fyp/install/r2_driver/lib'
[14.205s] Level 1:colcon.colcon_core.environment:checking '/home/tee/ros2_fyp/install/r2_driver/bin'
[14.206s] Level 1:colcon.colcon_core.environment:checking '/home/tee/ros2_fyp/install/r2_driver/lib/pkgconfig/r2_driver.pc'
[14.209s] Level 1:colcon.colcon_core.environment:checking '/home/tee/ros2_fyp/install/r2_driver/lib/python3.10/site-packages'
[14.210s] Level 1:colcon.colcon_core.shell:create_environment_hook('r2_driver', 'pythonpath')
[14.212s] INFO:colcon.colcon_core.shell:Creating environment hook '/home/tee/ros2_fyp/install/r2_driver/share/r2_driver/hook/pythonpath.ps1'
[14.223s] INFO:colcon.colcon_core.shell:Creating environment descriptor '/home/tee/ros2_fyp/install/r2_driver/share/r2_driver/hook/pythonpath.dsv'
[14.231s] INFO:colcon.colcon_core.shell:Creating environment hook '/home/tee/ros2_fyp/install/r2_driver/share/r2_driver/hook/pythonpath.sh'
[14.239s] Level 1:colcon.colcon_core.environment:checking '/home/tee/ros2_fyp/install/r2_driver/bin'
[14.248s] Level 1:colcon.colcon_core.environment:create_environment_scripts_only(r2_driver)
[14.250s] INFO:colcon.colcon_core.shell:Creating package script '/home/tee/ros2_fyp/install/r2_driver/share/r2_driver/package.ps1'
[14.257s] INFO:colcon.colcon_core.shell:Creating package descriptor '/home/tee/ros2_fyp/install/r2_driver/share/r2_driver/package.dsv'
[14.261s] INFO:colcon.colcon_core.shell:Creating package script '/home/tee/ros2_fyp/install/r2_driver/share/r2_driver/package.sh'
[14.266s] INFO:colcon.colcon_core.shell:Creating package script '/home/tee/ros2_fyp/install/r2_driver/share/r2_driver/package.bash'
[14.271s] INFO:colcon.colcon_core.shell:Creating package script '/home/tee/ros2_fyp/install/r2_driver/share/r2_driver/package.zsh'
[14.274s] Level 1:colcon.colcon_core.environment:create_file_with_runtime_dependencies(/home/tee/ros2_fyp/install/r2_driver/share/colcon-core/packages/r2_driver)
[16.436s] Level 1:colcon.colcon_core.environment:checking '/home/tee/ros2_fyp/install/r2_wheel_odometry' for CMake module files
[16.439s] DEBUG:colcon.colcon_core.event_handler.log_command:Invoked command in '/home/tee/ros2_fyp/src/r2_wheel_odometry' returned '0': PYTHONPATH=/home/tee/ros2_fyp/build/r2_wheel_odometry/prefix_override:/usr/lib/python3/dist-packages/colcon_core/task/python/colcon_distutils_commands:/home/tee/ros2_fyp/install/r2_wheel_odometry/lib/python3.10/site-packages:${PYTHONPATH} /usr/bin/python3 -W ignore:setup.py install is deprecated -W ignore:easy_install command is deprecated setup.py egg_info --egg-base ../../build/r2_wheel_odometry build --build-base /home/tee/ros2_fyp/build/r2_wheel_odometry/build install --record /home/tee/ros2_fyp/build/r2_wheel_odometry/install.log --single-version-externally-managed install_data --force
[16.442s] Level 1:colcon.colcon_core.environment:checking '/home/tee/ros2_fyp/install/r2_wheel_odometry' for CMake config files
[16.445s] Level 1:colcon.colcon_core.environment:checking '/home/tee/ros2_fyp/install/r2_wheel_odometry/lib'
[16.446s] Level 1:colcon.colcon_core.environment:checking '/home/tee/ros2_fyp/install/r2_wheel_odometry/bin'
[16.446s] Level 1:colcon.colcon_core.environment:checking '/home/tee/ros2_fyp/install/r2_wheel_odometry/lib/pkgconfig/r2_wheel_odometry.pc'
[16.447s] Level 1:colcon.colcon_core.environment:checking '/home/tee/ros2_fyp/install/r2_wheel_odometry/lib/python3.10/site-packages'
[16.448s] Level 1:colcon.colcon_core.shell:create_environment_hook('r2_wheel_odometry', 'pythonpath')
[16.449s] INFO:colcon.colcon_core.shell:Creating environment hook '/home/tee/ros2_fyp/install/r2_wheel_odometry/share/r2_wheel_odometry/hook/pythonpath.ps1'
[16.451s] INFO:colcon.colcon_core.shell:Creating environment descriptor '/home/tee/ros2_fyp/install/r2_wheel_odometry/share/r2_wheel_odometry/hook/pythonpath.dsv'
[16.454s] INFO:colcon.colcon_core.shell:Creating environment hook '/home/tee/ros2_fyp/install/r2_wheel_odometry/share/r2_wheel_odometry/hook/pythonpath.sh'
[16.457s] Level 1:colcon.colcon_core.environment:checking '/home/tee/ros2_fyp/install/r2_wheel_odometry/bin'
[16.458s] Level 1:colcon.colcon_core.environment:create_environment_scripts_only(r2_wheel_odometry)
[16.459s] INFO:colcon.colcon_core.shell:Creating package script '/home/tee/ros2_fyp/install/r2_wheel_odometry/share/r2_wheel_odometry/package.ps1'
[16.462s] INFO:colcon.colcon_core.shell:Creating package descriptor '/home/tee/ros2_fyp/install/r2_wheel_odometry/share/r2_wheel_odometry/package.dsv'
[16.464s] INFO:colcon.colcon_core.shell:Creating package script '/home/tee/ros2_fyp/install/r2_wheel_odometry/share/r2_wheel_odometry/package.sh'
[16.466s] INFO:colcon.colcon_core.shell:Creating package script '/home/tee/ros2_fyp/install/r2_wheel_odometry/share/r2_wheel_odometry/package.bash'
[16.469s] INFO:colcon.colcon_core.shell:Creating package script '/home/tee/ros2_fyp/install/r2_wheel_odometry/share/r2_wheel_odometry/package.zsh'
[16.471s] Level 1:colcon.colcon_core.environment:create_file_with_runtime_dependencies(/home/tee/ros2_fyp/install/r2_wheel_odometry/share/colcon-core/packages/r2_wheel_odometry)
[16.764s] DEBUG:colcon.colcon_core.event_handler.log_command:Invoked command in '/home/tee/ros2_fyp/build/astra_camera_msgs' returned '0': CMAKE_PREFIX_PATH=${CMAKE_PREFIX_PATH}:/home/tee/ros2_fyp/install/r2_wheel_odometry:/home/tee/ros2_fyp/install/r2_driver:/opt/ros/humble /usr/bin/cmake --build /home/tee/ros2_fyp/build/astra_camera_msgs -- -j4 -l4
[16.776s] DEBUG:colcon.colcon_core.event_handler.log_command:Invoking command in '/home/tee/ros2_fyp/build/astra_camera_msgs': CMAKE_PREFIX_PATH=${CMAKE_PREFIX_PATH}:/home/tee/ros2_fyp/install/r2_wheel_odometry:/home/tee/ros2_fyp/install/r2_driver:/opt/ros/humble /usr/bin/cmake --install /home/tee/ros2_fyp/build/astra_camera_msgs
[17.321s] Level 1:colcon.colcon_core.environment:create_environment_scripts_only(astra_camera_msgs)
[17.322s] Level 1:colcon.colcon_core.environment:checking '/home/tee/ros2_fyp/install/astra_camera_msgs' for CMake module files
[17.324s] DEBUG:colcon.colcon_core.event_handler.log_command:Invoked command in '/home/tee/ros2_fyp/build/astra_camera_msgs' returned '0': CMAKE_PREFIX_PATH=${CMAKE_PREFIX_PATH}:/home/tee/ros2_fyp/install/r2_wheel_odometry:/home/tee/ros2_fyp/install/r2_driver:/opt/ros/humble /usr/bin/cmake --install /home/tee/ros2_fyp/build/astra_camera_msgs
[17.328s] Level 1:colcon.colcon_core.environment:checking '/home/tee/ros2_fyp/install/astra_camera_msgs' for CMake config files
[17.345s] Level 1:colcon.colcon_core.shell:create_environment_hook('astra_camera_msgs', 'cmake_prefix_path')
[17.346s] INFO:colcon.colcon_core.shell:Creating environment hook '/home/tee/ros2_fyp/install/astra_camera_msgs/share/astra_camera_msgs/hook/cmake_prefix_path.ps1'
[17.348s] INFO:colcon.colcon_core.shell:Creating environment descriptor '/home/tee/ros2_fyp/install/astra_camera_msgs/share/astra_camera_msgs/hook/cmake_prefix_path.dsv'
[17.350s] INFO:colcon.colcon_core.shell:Creating environment hook '/home/tee/ros2_fyp/install/astra_camera_msgs/share/astra_camera_msgs/hook/cmake_prefix_path.sh'
[17.353s] Level 1:colcon.colcon_core.environment:checking '/home/tee/ros2_fyp/install/astra_camera_msgs/lib'
[17.353s] Level 1:colcon.colcon_core.shell:create_environment_hook('astra_camera_msgs', 'ld_library_path_lib')
[17.354s] INFO:colcon.colcon_core.shell:Creating environment hook '/home/tee/ros2_fyp/install/astra_camera_msgs/share/astra_camera_msgs/hook/ld_library_path_lib.ps1'
[17.356s] INFO:colcon.colcon_core.shell:Creating environment descriptor '/home/tee/ros2_fyp/install/astra_camera_msgs/share/astra_camera_msgs/hook/ld_library_path_lib.dsv'
[17.359s] INFO:colcon.colcon_core.shell:Creating environment hook '/home/tee/ros2_fyp/install/astra_camera_msgs/share/astra_camera_msgs/hook/ld_library_path_lib.sh'
[17.361s] Level 1:colcon.colcon_core.environment:checking '/home/tee/ros2_fyp/install/astra_camera_msgs/bin'
[17.361s] Level 1:colcon.colcon_core.environment:checking '/home/tee/ros2_fyp/install/astra_camera_msgs/lib/pkgconfig/astra_camera_msgs.pc'
[17.362s] Level 1:colcon.colcon_core.environment:checking '/home/tee/ros2_fyp/install/astra_camera_msgs/lib/python3.10/site-packages'
[17.363s] Level 1:colcon.colcon_core.environment:checking '/home/tee/ros2_fyp/install/astra_camera_msgs/bin'
[17.365s] INFO:colcon.colcon_core.shell:Creating package script '/home/tee/ros2_fyp/install/astra_camera_msgs/share/astra_camera_msgs/package.ps1'
[17.367s] INFO:colcon.colcon_core.shell:Creating package descriptor '/home/tee/ros2_fyp/install/astra_camera_msgs/share/astra_camera_msgs/package.dsv'
[17.370s] INFO:colcon.colcon_core.shell:Creating package script '/home/tee/ros2_fyp/install/astra_camera_msgs/share/astra_camera_msgs/package.sh'
[17.373s] INFO:colcon.colcon_core.shell:Creating package script '/home/tee/ros2_fyp/install/astra_camera_msgs/share/astra_camera_msgs/package.bash'
[17.375s] INFO:colcon.colcon_core.shell:Creating package script '/home/tee/ros2_fyp/install/astra_camera_msgs/share/astra_camera_msgs/package.zsh'
[17.377s] Level 1:colcon.colcon_core.environment:create_file_with_runtime_dependencies(/home/tee/ros2_fyp/install/astra_camera_msgs/share/colcon-core/packages/astra_camera_msgs)
[17.381s] Level 1:colcon.colcon_core.environment:create_environment_scripts_only(astra_camera_msgs)
[17.382s] Level 1:colcon.colcon_core.environment:checking '/home/tee/ros2_fyp/install/astra_camera_msgs' for CMake module files
[17.386s] Level 1:colcon.colcon_core.environment:checking '/home/tee/ros2_fyp/install/astra_camera_msgs' for CMake config files
[17.402s] Level 1:colcon.colcon_core.shell:create_environment_hook('astra_camera_msgs', 'cmake_prefix_path')
[17.404s] INFO:colcon.colcon_core.shell:Creating environment hook '/home/tee/ros2_fyp/install/astra_camera_msgs/share/astra_camera_msgs/hook/cmake_prefix_path.ps1'
[17.406s] INFO:colcon.colcon_core.shell:Creating environment descriptor '/home/tee/ros2_fyp/install/astra_camera_msgs/share/astra_camera_msgs/hook/cmake_prefix_path.dsv'
[17.407s] INFO:colcon.colcon_core.shell:Creating environment hook '/home/tee/ros2_fyp/install/astra_camera_msgs/share/astra_camera_msgs/hook/cmake_prefix_path.sh'
[17.410s] Level 1:colcon.colcon_core.environment:checking '/home/tee/ros2_fyp/install/astra_camera_msgs/lib'
[17.411s] Level 1:colcon.colcon_core.shell:create_environment_hook('astra_camera_msgs', 'ld_library_path_lib')
[17.412s] INFO:colcon.colcon_core.shell:Creating environment hook '/home/tee/ros2_fyp/install/astra_camera_msgs/share/astra_camera_msgs/hook/ld_library_path_lib.ps1'
[17.414s] INFO:colcon.colcon_core.shell:Creating environment descriptor '/home/tee/ros2_fyp/install/astra_camera_msgs/share/astra_camera_msgs/hook/ld_library_path_lib.dsv'
[17.416s] INFO:colcon.colcon_core.shell:Creating environment hook '/home/tee/ros2_fyp/install/astra_camera_msgs/share/astra_camera_msgs/hook/ld_library_path_lib.sh'
[17.418s] Level 1:colcon.colcon_core.environment:checking '/home/tee/ros2_fyp/install/astra_camera_msgs/bin'
[17.418s] Level 1:colcon.colcon_core.environment:checking '/home/tee/ros2_fyp/install/astra_camera_msgs/lib/pkgconfig/astra_camera_msgs.pc'
[17.419s] Level 1:colcon.colcon_core.environment:checking '/home/tee/ros2_fyp/install/astra_camera_msgs/lib/python3.10/site-packages'
[17.421s] Level 1:colcon.colcon_core.environment:checking '/home/tee/ros2_fyp/install/astra_camera_msgs/bin'
[17.422s] INFO:colcon.colcon_core.shell:Creating package script '/home/tee/ros2_fyp/install/astra_camera_msgs/share/astra_camera_msgs/package.ps1'
[17.425s] INFO:colcon.colcon_core.shell:Creating package descriptor '/home/tee/ros2_fyp/install/astra_camera_msgs/share/astra_camera_msgs/package.dsv'
[17.427s] INFO:colcon.colcon_core.shell:Creating package script '/home/tee/ros2_fyp/install/astra_camera_msgs/share/astra_camera_msgs/package.sh'
[17.430s] INFO:colcon.colcon_core.shell:Creating package script '/home/tee/ros2_fyp/install/astra_camera_msgs/share/astra_camera_msgs/package.bash'
[17.432s] INFO:colcon.colcon_core.shell:Creating package script '/home/tee/ros2_fyp/install/astra_camera_msgs/share/astra_camera_msgs/package.zsh'
[17.434s] Level 1:colcon.colcon_core.environment:create_file_with_runtime_dependencies(/home/tee/ros2_fyp/install/astra_camera_msgs/share/colcon-core/packages/astra_camera_msgs)
[17.435s] INFO:colcon.colcon_ros.task.ament_cmake.build:Building ROS package in '/home/tee/ros2_fyp/src/ros2_astra_camera/astra_camera' with build type 'ament_cmake'
[17.436s] INFO:colcon.colcon_cmake.task.cmake.build:Building CMake package in '/home/tee/ros2_fyp/src/ros2_astra_camera/astra_camera'
[17.437s] INFO:colcon.colcon_core.shell:Skip shell extension 'powershell' for command environment: Not usable outside of PowerShell
[17.438s] DEBUG:colcon.colcon_core.shell:Skip shell extension 'dsv' for command environment
[17.503s] DEBUG:colcon.colcon_core.event_handler.log_command:Invoking command in '/home/tee/ros2_fyp/build/astra_camera': CMAKE_PREFIX_PATH=/home/tee/ros2_fyp/install/astra_camera_msgs:/home/tee/ros2_fyp/install/rplidar_ros:/home/tee/ros2_fyp/install/r2_description:/home/tee/ros2_fyp/install/r2_bringup:/home/tee/ros2_fyp/install/astra_camera:/home/tee/ros2_fyp/install/r2_wheel_odometry:/home/tee/ros2_fyp/install/r2_driver:/opt/ros/humble LD_LIBRARY_PATH=/home/tee/ros2_fyp/install/astra_camera_msgs/lib:/home/tee/ros2_fyp/install/astra_camera/lib:/opt/ros/humble/opt/rviz_ogre_vendor/lib:/opt/ros/humble/lib/aarch64-linux-gnu:/opt/ros/humble/lib /usr/bin/cmake /home/tee/ros2_fyp/src/ros2_astra_camera/astra_camera -DCMAKE_INSTALL_PREFIX=/home/tee/ros2_fyp/install/astra_camera
[21.725s] DEBUG:colcon.colcon_core.event_handler.log_command:Invoked command in '/home/tee/ros2_fyp/build/astra_camera' returned '0': CMAKE_PREFIX_PATH=/home/tee/ros2_fyp/install/astra_camera_msgs:/home/tee/ros2_fyp/install/rplidar_ros:/home/tee/ros2_fyp/install/r2_description:/home/tee/ros2_fyp/install/r2_bringup:/home/tee/ros2_fyp/install/astra_camera:/home/tee/ros2_fyp/install/r2_wheel_odometry:/home/tee/ros2_fyp/install/r2_driver:/opt/ros/humble LD_LIBRARY_PATH=/home/tee/ros2_fyp/install/astra_camera_msgs/lib:/home/tee/ros2_fyp/install/astra_camera/lib:/opt/ros/humble/opt/rviz_ogre_vendor/lib:/opt/ros/humble/lib/aarch64-linux-gnu:/opt/ros/humble/lib /usr/bin/cmake /home/tee/ros2_fyp/src/ros2_astra_camera/astra_camera -DCMAKE_INSTALL_PREFIX=/home/tee/ros2_fyp/install/astra_camera
[21.734s] DEBUG:colcon.colcon_core.event_handler.log_command:Invoking command in '/home/tee/ros2_fyp/build/astra_camera': CMAKE_PREFIX_PATH=/home/tee/ros2_fyp/install/astra_camera_msgs:/home/tee/ros2_fyp/install/rplidar_ros:/home/tee/ros2_fyp/install/r2_description:/home/tee/ros2_fyp/install/r2_bringup:/home/tee/ros2_fyp/install/astra_camera:/home/tee/ros2_fyp/install/r2_wheel_odometry:/home/tee/ros2_fyp/install/r2_driver:/opt/ros/humble LD_LIBRARY_PATH=/home/tee/ros2_fyp/install/astra_camera_msgs/lib:/home/tee/ros2_fyp/install/astra_camera/lib:/opt/ros/humble/opt/rviz_ogre_vendor/lib:/opt/ros/humble/lib/aarch64-linux-gnu:/opt/ros/humble/lib /usr/bin/cmake --build /home/tee/ros2_fyp/build/astra_camera -- -j4 -l4
[22.538s] DEBUG:colcon.colcon_core.event_handler.log_command:Invoked command in '/home/tee/ros2_fyp/build/astra_camera' returned '0': CMAKE_PREFIX_PATH=/home/tee/ros2_fyp/install/astra_camera_msgs:/home/tee/ros2_fyp/install/rplidar_ros:/home/tee/ros2_fyp/install/r2_description:/home/tee/ros2_fyp/install/r2_bringup:/home/tee/ros2_fyp/install/astra_camera:/home/tee/ros2_fyp/install/r2_wheel_odometry:/home/tee/ros2_fyp/install/r2_driver:/opt/ros/humble LD_LIBRARY_PATH=/home/tee/ros2_fyp/install/astra_camera_msgs/lib:/home/tee/ros2_fyp/install/astra_camera/lib:/opt/ros/humble/opt/rviz_ogre_vendor/lib:/opt/ros/humble/lib/aarch64-linux-gnu:/opt/ros/humble/lib /usr/bin/cmake --build /home/tee/ros2_fyp/build/astra_camera -- -j4 -l4
[22.548s] DEBUG:colcon.colcon_core.event_handler.log_command:Invoking command in '/home/tee/ros2_fyp/build/astra_camera': CMAKE_PREFIX_PATH=/home/tee/ros2_fyp/install/astra_camera_msgs:/home/tee/ros2_fyp/install/rplidar_ros:/home/tee/ros2_fyp/install/r2_description:/home/tee/ros2_fyp/install/r2_bringup:/home/tee/ros2_fyp/install/astra_camera:/home/tee/ros2_fyp/install/r2_wheel_odometry:/home/tee/ros2_fyp/install/r2_driver:/opt/ros/humble LD_LIBRARY_PATH=/home/tee/ros2_fyp/install/astra_camera_msgs/lib:/home/tee/ros2_fyp/install/astra_camera/lib:/opt/ros/humble/opt/rviz_ogre_vendor/lib:/opt/ros/humble/lib/aarch64-linux-gnu:/opt/ros/humble/lib /usr/bin/cmake --install /home/tee/ros2_fyp/build/astra_camera
[22.731s] Level 1:colcon.colcon_core.environment:create_environment_scripts_only(astra_camera)
[22.733s] Level 1:colcon.colcon_core.environment:checking '/home/tee/ros2_fyp/install/astra_camera' for CMake module files
[22.735s] DEBUG:colcon.colcon_core.event_handler.log_command:Invoked command in '/home/tee/ros2_fyp/build/astra_camera' returned '0': CMAKE_PREFIX_PATH=/home/tee/ros2_fyp/install/astra_camera_msgs:/home/tee/ros2_fyp/install/rplidar_ros:/home/tee/ros2_fyp/install/r2_description:/home/tee/ros2_fyp/install/r2_bringup:/home/tee/ros2_fyp/install/astra_camera:/home/tee/ros2_fyp/install/r2_wheel_odometry:/home/tee/ros2_fyp/install/r2_driver:/opt/ros/humble LD_LIBRARY_PATH=/home/tee/ros2_fyp/install/astra_camera_msgs/lib:/home/tee/ros2_fyp/install/astra_camera/lib:/opt/ros/humble/opt/rviz_ogre_vendor/lib:/opt/ros/humble/lib/aarch64-linux-gnu:/opt/ros/humble/lib /usr/bin/cmake --install /home/tee/ros2_fyp/build/astra_camera
[22.738s] Level 1:colcon.colcon_core.environment:checking '/home/tee/ros2_fyp/install/astra_camera' for CMake config files
[22.750s] Level 1:colcon.colcon_core.shell:create_environment_hook('astra_camera', 'cmake_prefix_path')
[22.751s] INFO:colcon.colcon_core.shell:Creating environment hook '/home/tee/ros2_fyp/install/astra_camera/share/astra_camera/hook/cmake_prefix_path.ps1'
[22.753s] INFO:colcon.colcon_core.shell:Creating environment descriptor '/home/tee/ros2_fyp/install/astra_camera/share/astra_camera/hook/cmake_prefix_path.dsv'
[22.755s] INFO:colcon.colcon_core.shell:Creating environment hook '/home/tee/ros2_fyp/install/astra_camera/share/astra_camera/hook/cmake_prefix_path.sh'
[22.758s] Level 1:colcon.colcon_core.environment:checking '/home/tee/ros2_fyp/install/astra_camera/lib'
[22.758s] Level 1:colcon.colcon_core.shell:create_environment_hook('astra_camera', 'ld_library_path_lib')
[22.759s] INFO:colcon.colcon_core.shell:Creating environment hook '/home/tee/ros2_fyp/install/astra_camera/share/astra_camera/hook/ld_library_path_lib.ps1'
[22.761s] INFO:colcon.colcon_core.shell:Creating environment descriptor '/home/tee/ros2_fyp/install/astra_camera/share/astra_camera/hook/ld_library_path_lib.dsv'
[22.763s] INFO:colcon.colcon_core.shell:Creating environment hook '/home/tee/ros2_fyp/install/astra_camera/share/astra_camera/hook/ld_library_path_lib.sh'
[22.765s] Level 1:colcon.colcon_core.environment:checking '/home/tee/ros2_fyp/install/astra_camera/bin'
[22.766s] Level 1:colcon.colcon_core.environment:checking '/home/tee/ros2_fyp/install/astra_camera/lib/pkgconfig/astra_camera.pc'
[22.767s] Level 1:colcon.colcon_core.environment:checking '/home/tee/ros2_fyp/install/astra_camera/lib/python3.10/site-packages'
[22.768s] Level 1:colcon.colcon_core.environment:checking '/home/tee/ros2_fyp/install/astra_camera/bin'
[22.769s] INFO:colcon.colcon_core.shell:Creating package script '/home/tee/ros2_fyp/install/astra_camera/share/astra_camera/package.ps1'
[22.772s] INFO:colcon.colcon_core.shell:Creating package descriptor '/home/tee/ros2_fyp/install/astra_camera/share/astra_camera/package.dsv'
[22.774s] INFO:colcon.colcon_core.shell:Creating package script '/home/tee/ros2_fyp/install/astra_camera/share/astra_camera/package.sh'
[22.776s] INFO:colcon.colcon_core.shell:Creating package script '/home/tee/ros2_fyp/install/astra_camera/share/astra_camera/package.bash'
[22.779s] INFO:colcon.colcon_core.shell:Creating package script '/home/tee/ros2_fyp/install/astra_camera/share/astra_camera/package.zsh'
[22.781s] Level 1:colcon.colcon_core.environment:create_file_with_runtime_dependencies(/home/tee/ros2_fyp/install/astra_camera/share/colcon-core/packages/astra_camera)
[22.784s] Level 1:colcon.colcon_core.environment:create_environment_scripts_only(astra_camera)
[22.785s] Level 1:colcon.colcon_core.environment:checking '/home/tee/ros2_fyp/install/astra_camera' for CMake module files
[22.788s] Level 1:colcon.colcon_core.environment:checking '/home/tee/ros2_fyp/install/astra_camera' for CMake config files
[22.799s] Level 1:colcon.colcon_core.shell:create_environment_hook('astra_camera', 'cmake_prefix_path')
[22.800s] INFO:colcon.colcon_core.shell:Creating environment hook '/home/tee/ros2_fyp/install/astra_camera/share/astra_camera/hook/cmake_prefix_path.ps1'
[22.802s] INFO:colcon.colcon_core.shell:Creating environment descriptor '/home/tee/ros2_fyp/install/astra_camera/share/astra_camera/hook/cmake_prefix_path.dsv'
[22.804s] INFO:colcon.colcon_core.shell:Creating environment hook '/home/tee/ros2_fyp/install/astra_camera/share/astra_camera/hook/cmake_prefix_path.sh'
[22.806s] Level 1:colcon.colcon_core.environment:checking '/home/tee/ros2_fyp/install/astra_camera/lib'
[22.807s] Level 1:colcon.colcon_core.shell:create_environment_hook('astra_camera', 'ld_library_path_lib')
[22.808s] INFO:colcon.colcon_core.shell:Creating environment hook '/home/tee/ros2_fyp/install/astra_camera/share/astra_camera/hook/ld_library_path_lib.ps1'
[22.811s] INFO:colcon.colcon_core.shell:Creating environment descriptor '/home/tee/ros2_fyp/install/astra_camera/share/astra_camera/hook/ld_library_path_lib.dsv'
[22.813s] INFO:colcon.colcon_core.shell:Creating environment hook '/home/tee/ros2_fyp/install/astra_camera/share/astra_camera/hook/ld_library_path_lib.sh'
[22.816s] Level 1:colcon.colcon_core.environment:checking '/home/tee/ros2_fyp/install/astra_camera/bin'
[22.816s] Level 1:colcon.colcon_core.environment:checking '/home/tee/ros2_fyp/install/astra_camera/lib/pkgconfig/astra_camera.pc'
[22.817s] Level 1:colcon.colcon_core.environment:checking '/home/tee/ros2_fyp/install/astra_camera/lib/python3.10/site-packages'
[22.819s] Level 1:colcon.colcon_core.environment:checking '/home/tee/ros2_fyp/install/astra_camera/bin'
[22.820s] INFO:colcon.colcon_core.shell:Creating package script '/home/tee/ros2_fyp/install/astra_camera/share/astra_camera/package.ps1'
[22.823s] INFO:colcon.colcon_core.shell:Creating package descriptor '/home/tee/ros2_fyp/install/astra_camera/share/astra_camera/package.dsv'
[22.826s] INFO:colcon.colcon_core.shell:Creating package script '/home/tee/ros2_fyp/install/astra_camera/share/astra_camera/package.sh'
[22.828s] INFO:colcon.colcon_core.shell:Creating package script '/home/tee/ros2_fyp/install/astra_camera/share/astra_camera/package.bash'
[22.830s] INFO:colcon.colcon_core.shell:Creating package script '/home/tee/ros2_fyp/install/astra_camera/share/astra_camera/package.zsh'
[22.833s] Level 1:colcon.colcon_core.environment:create_file_with_runtime_dependencies(/home/tee/ros2_fyp/install/astra_camera/share/colcon-core/packages/astra_camera)
[22.834s] DEBUG:colcon.colcon_parallel_executor.executor.parallel:closing loop
[22.836s] DEBUG:colcon.colcon_parallel_executor.executor.parallel:loop closed
[22.836s] DEBUG:colcon.colcon_parallel_executor.executor.parallel:run_until_complete finished with '0'
[22.837s] DEBUG:colcon.colcon_core.event_reactor:joining thread
[22.862s] INFO:colcon.colcon_core.plugin_system:Skipping extension 'colcon_notification.desktop_notification.terminal_notifier': Not used on non-Darwin systems
[22.863s] INFO:colcon.colcon_core.plugin_system:Skipping extension 'colcon_notification.desktop_notification.win32': Not used on non-Windows systems
[22.863s] INFO:colcon.colcon_notification.desktop_notification:Sending desktop notification using 'notify2'
[22.868s] DEBUG:colcon.colcon_notification.desktop_notification.notify2:Failed to initialize notify2: org.freedesktop.DBus.Error.ServiceUnknown: The name org.freedesktop.Notifications was not provided by any .service files
[22.869s] DEBUG:colcon.colcon_core.event_reactor:joined thread
[22.870s] INFO:colcon.colcon_core.shell:Creating prefix script '/home/tee/ros2_fyp/install/local_setup.ps1'
[22.874s] INFO:colcon.colcon_core.shell:Creating prefix util module '/home/tee/ros2_fyp/install/_local_setup_util_ps1.py'
[22.881s] INFO:colcon.colcon_core.shell:Creating prefix chain script '/home/tee/ros2_fyp/install/setup.ps1'
[22.888s] INFO:colcon.colcon_core.shell:Creating prefix script '/home/tee/ros2_fyp/install/local_setup.sh'
[22.891s] INFO:colcon.colcon_core.shell:Creating prefix util module '/home/tee/ros2_fyp/install/_local_setup_util_sh.py'
[22.894s] INFO:colcon.colcon_core.shell:Creating prefix chain script '/home/tee/ros2_fyp/install/setup.sh'
[22.900s] INFO:colcon.colcon_core.shell:Creating prefix script '/home/tee/ros2_fyp/install/local_setup.bash'
[22.902s] INFO:colcon.colcon_core.shell:Creating prefix chain script '/home/tee/ros2_fyp/install/setup.bash'
[22.909s] INFO:colcon.colcon_core.shell:Creating prefix script '/home/tee/ros2_fyp/install/local_setup.zsh'
[22.912s] INFO:colcon.colcon_core.shell:Creating prefix chain script '/home/tee/ros2_fyp/install/setup.zsh'
