[5.572s] Invoking command in '/home/tee/ros2_fyp/src/r2_cloud_accumulator': PYTHONPATH=/home/tee/ros2_fyp/build/r2_cloud_accumulator/prefix_override:/usr/lib/python3/dist-packages/colcon_core/task/python/colcon_distutils_commands:/home/tee/ros2_fyp/install/r2_cloud_accumulator/lib/python3.10/site-packages:${PYTHONPATH} /usr/bin/python3 -W ignore:setup.py install is deprecated -W ignore:easy_install command is deprecated setup.py egg_info --egg-base ../../build/r2_cloud_accumulator build --build-base /home/tee/ros2_fyp/build/r2_cloud_accumulator/build install --record /home/tee/ros2_fyp/build/r2_cloud_accumulator/install.log --single-version-externally-managed install_data
[7.892s] running egg_info
[7.904s] writing ../../build/r2_cloud_accumulator/r2_cloud_accumulator.egg-info/PKG-INFO
[7.915s] writing dependency_links to ../../build/r2_cloud_accumulator/r2_cloud_accumulator.egg-info/dependency_links.txt
[7.915s] writing entry points to ../../build/r2_cloud_accumulator/r2_cloud_accumulator.egg-info/entry_points.txt
[7.916s] writing requirements to ../../build/r2_cloud_accumulator/r2_cloud_accumulator.egg-info/requires.txt
[7.916s] writing top-level names to ../../build/r2_cloud_accumulator/r2_cloud_accumulator.egg-info/top_level.txt
[7.929s] reading manifest file '../../build/r2_cloud_accumulator/r2_cloud_accumulator.egg-info/SOURCES.txt'
[7.933s] writing manifest file '../../build/r2_cloud_accumulator/r2_cloud_accumulator.egg-info/SOURCES.txt'
[7.941s] running build
[7.943s] running build_py
[7.944s] copying r2_cloud_accumulator/cloud_accumulator.py -> /home/tee/ros2_fyp/build/r2_cloud_accumulator/build/lib/r2_cloud_accumulator
[7.944s] running install
[7.945s] running install_lib
[7.946s] copying /home/tee/ros2_fyp/build/r2_cloud_accumulator/build/lib/r2_cloud_accumulator/cloud_accumulator.py -> /home/tee/ros2_fyp/install/r2_cloud_accumulator/lib/python3.10/site-packages/r2_cloud_accumulator
[7.960s] byte-compiling /home/tee/ros2_fyp/install/r2_cloud_accumulator/lib/python3.10/site-packages/r2_cloud_accumulator/cloud_accumulator.py to cloud_accumulator.cpython-310.pyc
[7.960s] running install_data
[7.961s] running install_egg_info
[7.964s] removing '/home/tee/ros2_fyp/install/r2_cloud_accumulator/lib/python3.10/site-packages/r2_cloud_accumulator-0.1.0-py3.10.egg-info' (and everything under it)
[7.972s] Copying ../../build/r2_cloud_accumulator/r2_cloud_accumulator.egg-info to /home/tee/ros2_fyp/install/r2_cloud_accumulator/lib/python3.10/site-packages/r2_cloud_accumulator-0.1.0-py3.10.egg-info
[7.979s] running install_scripts
[8.112s] Installing cloud_accumulator script to /home/tee/ros2_fyp/install/r2_cloud_accumulator/lib/r2_cloud_accumulator
[8.117s] writing list of installed files to '/home/tee/ros2_fyp/build/r2_cloud_accumulator/install.log'
[8.296s] Invoked command in '/home/tee/ros2_fyp/src/r2_cloud_accumulator' returned '0': PYTHONPATH=/home/tee/ros2_fyp/build/r2_cloud_accumulator/prefix_override:/usr/lib/python3/dist-packages/colcon_core/task/python/colcon_distutils_commands:/home/tee/ros2_fyp/install/r2_cloud_accumulator/lib/python3.10/site-packages:${PYTHONPATH} /usr/bin/python3 -W ignore:setup.py install is deprecated -W ignore:easy_install command is deprecated setup.py egg_info --egg-base ../../build/r2_cloud_accumulator build --build-base /home/tee/ros2_fyp/build/r2_cloud_accumulator/build install --record /home/tee/ros2_fyp/build/r2_cloud_accumulator/install.log --single-version-externally-managed install_data
