[3.468s] Invoking command in '/home/tee/ros2_fyp/src/r2_cloud_accumulator': PYTHONPATH=/home/tee/ros2_fyp/build/r2_cloud_accumulator/prefix_override:/usr/lib/python3/dist-packages/colcon_core/task/python/colcon_distutils_commands:/home/tee/ros2_fyp/install/r2_cloud_accumulator/lib/python3.10/site-packages:${PYTHONPATH} /usr/bin/python3 -W ignore:setup.py install is deprecated -W ignore:easy_install command is deprecated setup.py egg_info --egg-base ../../build/r2_cloud_accumulator build --build-base /home/tee/ros2_fyp/build/r2_cloud_accumulator/build install --record /home/tee/ros2_fyp/build/r2_cloud_accumulator/install.log --single-version-externally-managed install_data
[4.789s] running egg_info
[4.791s] creating ../../build/r2_cloud_accumulator/r2_cloud_accumulator.egg-info
[4.792s] writing ../../build/r2_cloud_accumulator/r2_cloud_accumulator.egg-info/PKG-INFO
[4.793s] writing dependency_links to ../../build/r2_cloud_accumulator/r2_cloud_accumulator.egg-info/dependency_links.txt
[4.793s] writing entry points to ../../build/r2_cloud_accumulator/r2_cloud_accumulator.egg-info/entry_points.txt
[4.794s] writing requirements to ../../build/r2_cloud_accumulator/r2_cloud_accumulator.egg-info/requires.txt
[4.795s] writing top-level names to ../../build/r2_cloud_accumulator/r2_cloud_accumulator.egg-info/top_level.txt
[4.796s] writing manifest file '../../build/r2_cloud_accumulator/r2_cloud_accumulator.egg-info/SOURCES.txt'
[4.802s] reading manifest file '../../build/r2_cloud_accumulator/r2_cloud_accumulator.egg-info/SOURCES.txt'
[4.805s] writing manifest file '../../build/r2_cloud_accumulator/r2_cloud_accumulator.egg-info/SOURCES.txt'
[4.806s] running build
[4.806s] running build_py
[4.807s] creating /home/tee/ros2_fyp/build/r2_cloud_accumulator/build
[4.808s] creating /home/tee/ros2_fyp/build/r2_cloud_accumulator/build/lib
[4.808s] creating /home/tee/ros2_fyp/build/r2_cloud_accumulator/build/lib/r2_cloud_accumulator
[4.809s] copying r2_cloud_accumulator/__init__.py -> /home/tee/ros2_fyp/build/r2_cloud_accumulator/build/lib/r2_cloud_accumulator
[4.809s] copying r2_cloud_accumulator/cloud_accumulator.py -> /home/tee/ros2_fyp/build/r2_cloud_accumulator/build/lib/r2_cloud_accumulator
[4.810s] running install
[4.811s] running install_lib
[4.814s] creating /home/tee/ros2_fyp/install/r2_cloud_accumulator/lib/python3.10/site-packages/r2_cloud_accumulator
[4.815s] copying /home/tee/ros2_fyp/build/r2_cloud_accumulator/build/lib/r2_cloud_accumulator/__init__.py -> /home/tee/ros2_fyp/install/r2_cloud_accumulator/lib/python3.10/site-packages/r2_cloud_accumulator
[4.815s] copying /home/tee/ros2_fyp/build/r2_cloud_accumulator/build/lib/r2_cloud_accumulator/cloud_accumulator.py -> /home/tee/ros2_fyp/install/r2_cloud_accumulator/lib/python3.10/site-packages/r2_cloud_accumulator
[4.819s] byte-compiling /home/tee/ros2_fyp/install/r2_cloud_accumulator/lib/python3.10/site-packages/r2_cloud_accumulator/__init__.py to __init__.cpython-310.pyc
[4.820s] byte-compiling /home/tee/ros2_fyp/install/r2_cloud_accumulator/lib/python3.10/site-packages/r2_cloud_accumulator/cloud_accumulator.py to cloud_accumulator.cpython-310.pyc
[4.826s] running install_data
[4.827s] creating /home/tee/ros2_fyp/install/r2_cloud_accumulator/share/ament_index
[4.828s] creating /home/tee/ros2_fyp/install/r2_cloud_accumulator/share/ament_index/resource_index
[4.828s] creating /home/tee/ros2_fyp/install/r2_cloud_accumulator/share/ament_index/resource_index/packages
[4.829s] copying resource/r2_cloud_accumulator -> /home/tee/ros2_fyp/install/r2_cloud_accumulator/share/ament_index/resource_index/packages
[4.829s] copying package.xml -> /home/tee/ros2_fyp/install/r2_cloud_accumulator/share/r2_cloud_accumulator
[4.830s] creating /home/tee/ros2_fyp/install/r2_cloud_accumulator/share/r2_cloud_accumulator/launch
[4.831s] copying launch/cloud_accumulator.launch.py -> /home/tee/ros2_fyp/install/r2_cloud_accumulator/share/r2_cloud_accumulator/launch
[4.832s] running install_egg_info
[4.838s] Copying ../../build/r2_cloud_accumulator/r2_cloud_accumulator.egg-info to /home/tee/ros2_fyp/install/r2_cloud_accumulator/lib/python3.10/site-packages/r2_cloud_accumulator-0.1.0-py3.10.egg-info
[4.846s] running install_scripts
[4.933s] Installing cloud_accumulator script to /home/tee/ros2_fyp/install/r2_cloud_accumulator/lib/r2_cloud_accumulator
[4.935s] writing list of installed files to '/home/tee/ros2_fyp/build/r2_cloud_accumulator/install.log'
[5.069s] Invoked command in '/home/tee/ros2_fyp/src/r2_cloud_accumulator' returned '0': PYTHONPATH=/home/tee/ros2_fyp/build/r2_cloud_accumulator/prefix_override:/usr/lib/python3/dist-packages/colcon_core/task/python/colcon_distutils_commands:/home/tee/ros2_fyp/install/r2_cloud_accumulator/lib/python3.10/site-packages:${PYTHONPATH} /usr/bin/python3 -W ignore:setup.py install is deprecated -W ignore:easy_install command is deprecated setup.py egg_info --egg-base ../../build/r2_cloud_accumulator build --build-base /home/tee/ros2_fyp/build/r2_cloud_accumulator/build install --record /home/tee/ros2_fyp/build/r2_cloud_accumulator/install.log --single-version-externally-managed install_data
