running egg_info
writing ../../build/r2_wheel_odometry_and_imu/r2_wheel_odometry_and_imu.egg-info/PKG-INFO
writing dependency_links to ../../build/r2_wheel_odometry_and_imu/r2_wheel_odometry_and_imu.egg-info/dependency_links.txt
writing entry points to ../../build/r2_wheel_odometry_and_imu/r2_wheel_odometry_and_imu.egg-info/entry_points.txt
writing requirements to ../../build/r2_wheel_odometry_and_imu/r2_wheel_odometry_and_imu.egg-info/requires.txt
writing top-level names to ../../build/r2_wheel_odometry_and_imu/r2_wheel_odometry_and_imu.egg-info/top_level.txt
reading manifest file '../../build/r2_wheel_odometry_and_imu/r2_wheel_odometry_and_imu.egg-info/SOURCES.txt'
writing manifest file '../../build/r2_wheel_odometry_and_imu/r2_wheel_odometry_and_imu.egg-info/SOURCES.txt'
running build
running build_py
copying r2_wheel_odometry_and_imu/wheel_odom_and_imu.py -> /home/tee/ros2_fyp/build/r2_wheel_odometry_and_imu/build/lib/r2_wheel_odometry_and_imu
running install
running install_lib
copying /home/tee/ros2_fyp/build/r2_wheel_odometry_and_imu/build/lib/r2_wheel_odometry_and_imu/wheel_odom_and_imu.py -> /home/tee/ros2_fyp/install/r2_wheel_odometry_and_imu/lib/python3.10/site-packages/r2_wheel_odometry_and_imu
byte-compiling /home/tee/ros2_fyp/install/r2_wheel_odometry_and_imu/lib/python3.10/site-packages/r2_wheel_odometry_and_imu/wheel_odom_and_imu.py to wheel_odom_and_imu.cpython-310.pyc
running install_data
running install_egg_info
removing '/home/tee/ros2_fyp/install/r2_wheel_odometry_and_imu/lib/python3.10/site-packages/r2_wheel_odometry_and_imu-0.1.0-py3.10.egg-info' (and everything under it)
Copying ../../build/r2_wheel_odometry_and_imu/r2_wheel_odometry_and_imu.egg-info to /home/tee/ros2_fyp/install/r2_wheel_odometry_and_imu/lib/python3.10/site-packages/r2_wheel_odometry_and_imu-0.1.0-py3.10.egg-info
running install_scripts
Installing wheel_odom_and_imu script to /home/tee/ros2_fyp/install/r2_wheel_odometry_and_imu/lib/r2_wheel_odometry_and_imu
writing list of installed files to '/home/tee/ros2_fyp/build/r2_wheel_odometry_and_imu/install.log'
