[0.054s] Invoking command in '/home/tee/ros2_fyp/build/r2_rtabmap': CMAKE_PREFIX_PATH=${CMAKE_PREFIX_PATH}:/home/tee/ros2_fyp/install/r2_wheel_odometry:/home/tee/ros2_fyp/install/r2_driver:/opt/ros/humble /usr/bin/cmake /home/tee/ros2_fyp/src/r2_rtabmap -DCMAKE_INSTALL_PREFIX=/home/tee/ros2_fyp/install/r2_rtabmap
[0.340s] -- The C compiler identification is GNU 11.4.0
[0.606s] -- The CXX compiler identification is GNU 11.4.0
[0.637s] -- Detecting C compiler ABI info
[0.979s] -- Detecting C compiler ABI info - done
[1.009s] -- Check for working C compiler: /usr/bin/cc - skipped
[1.009s] -- Detecting C compile features
[1.011s] -- Detecting C compile features - done
[1.023s] -- Detecting CXX compiler ABI info
[1.395s] -- Detecting CXX compiler ABI info - done
[1.425s] -- Check for working CXX compiler: /usr/bin/c++ - skipped
[1.426s] -- Detecting CXX compile features
[1.427s] -- Detecting CXX compile features - done
[1.473s] -- Found ament_cmake: 1.3.12 (/opt/ros/humble/share/ament_cmake/cmake)
[2.328s] -- Found Python3: /usr/bin/python3 (found version "3.10.12") found components: Interpreter 
[3.176s] -- Found ament_lint_auto: 0.12.14 (/opt/ros/humble/share/ament_lint_auto/cmake)
[3.847s] -- Added test 'copyright' to check source files copyright and LICENSE
[3.867s] -- Added test 'flake8' to check Python code syntax and style conventions
[3.872s] -- Added test 'lint_cmake' to check CMake code style
[3.876s] -- Added test 'pep257' to check Python code against some of the docstring style conventions in PEP 257
[3.885s] -- Added test 'xmllint' to check XML markup files
[3.895s] -- Configuring done
[3.919s] -- Generating done
[3.930s] -- Build files have been written to: /home/tee/ros2_fyp/build/r2_rtabmap
[3.947s] Invoked command in '/home/tee/ros2_fyp/build/r2_rtabmap' returned '0': CMAKE_PREFIX_PATH=${CMAKE_PREFIX_PATH}:/home/tee/ros2_fyp/install/r2_wheel_odometry:/home/tee/ros2_fyp/install/r2_driver:/opt/ros/humble /usr/bin/cmake /home/tee/ros2_fyp/src/r2_rtabmap -DCMAKE_INSTALL_PREFIX=/home/tee/ros2_fyp/install/r2_rtabmap
[3.957s] Invoking command in '/home/tee/ros2_fyp/build/r2_rtabmap': CMAKE_PREFIX_PATH=${CMAKE_PREFIX_PATH}:/home/tee/ros2_fyp/install/r2_wheel_odometry:/home/tee/ros2_fyp/install/r2_driver:/opt/ros/humble /usr/bin/cmake --build /home/tee/ros2_fyp/build/r2_rtabmap -- -j4 -l4
[4.113s] Invoked command in '/home/tee/ros2_fyp/build/r2_rtabmap' returned '0': CMAKE_PREFIX_PATH=${CMAKE_PREFIX_PATH}:/home/tee/ros2_fyp/install/r2_wheel_odometry:/home/tee/ros2_fyp/install/r2_driver:/opt/ros/humble /usr/bin/cmake --build /home/tee/ros2_fyp/build/r2_rtabmap -- -j4 -l4
[4.161s] Invoking command in '/home/tee/ros2_fyp/build/r2_rtabmap': CMAKE_PREFIX_PATH=${CMAKE_PREFIX_PATH}:/home/tee/ros2_fyp/install/r2_wheel_odometry:/home/tee/ros2_fyp/install/r2_driver:/opt/ros/humble /usr/bin/cmake --install /home/tee/ros2_fyp/build/r2_rtabmap
[4.191s] -- Install configuration: ""
[4.191s] -- Installing: /home/tee/ros2_fyp/install/r2_rtabmap/share/r2_rtabmap//launch
[4.192s] -- Installing: /home/tee/ros2_fyp/install/r2_rtabmap/share/r2_rtabmap//launch/rtabmap_mapping.launch.py
[4.193s] -- Installing: /home/tee/ros2_fyp/install/r2_rtabmap/share/r2_rtabmap//launch/rtabmap_with_config.launch.py
[4.194s] -- Installing: /home/tee/ros2_fyp/install/r2_rtabmap/share/r2_rtabmap//launch/rtabmap_simple.launch.py
[4.195s] -- Installing: /home/tee/ros2_fyp/install/r2_rtabmap/share/r2_rtabmap//launch/rtabmap_full_system.launch.py
[4.196s] -- Installing: /home/tee/ros2_fyp/install/r2_rtabmap/share/r2_rtabmap//config
[4.196s] -- Installing: /home/tee/ros2_fyp/install/r2_rtabmap/share/r2_rtabmap//config/rtabmap_config.yaml
[4.198s] -- Installing: /home/tee/ros2_fyp/install/r2_rtabmap/share/ament_index/resource_index/package_run_dependencies/r2_rtabmap
[4.199s] -- Installing: /home/tee/ros2_fyp/install/r2_rtabmap/share/ament_index/resource_index/parent_prefix_path/r2_rtabmap
[4.201s] -- Installing: /home/tee/ros2_fyp/install/r2_rtabmap/share/r2_rtabmap/environment/ament_prefix_path.sh
[4.202s] -- Installing: /home/tee/ros2_fyp/install/r2_rtabmap/share/r2_rtabmap/environment/ament_prefix_path.dsv
[4.204s] -- Installing: /home/tee/ros2_fyp/install/r2_rtabmap/share/r2_rtabmap/environment/path.sh
[4.205s] -- Installing: /home/tee/ros2_fyp/install/r2_rtabmap/share/r2_rtabmap/environment/path.dsv
[4.206s] -- Installing: /home/tee/ros2_fyp/install/r2_rtabmap/share/r2_rtabmap/local_setup.bash
[4.207s] -- Installing: /home/tee/ros2_fyp/install/r2_rtabmap/share/r2_rtabmap/local_setup.sh
[4.208s] -- Installing: /home/tee/ros2_fyp/install/r2_rtabmap/share/r2_rtabmap/local_setup.zsh
[4.209s] -- Installing: /home/tee/ros2_fyp/install/r2_rtabmap/share/r2_rtabmap/local_setup.dsv
[4.210s] -- Installing: /home/tee/ros2_fyp/install/r2_rtabmap/share/r2_rtabmap/package.dsv
[4.212s] -- Installing: /home/tee/ros2_fyp/install/r2_rtabmap/share/ament_index/resource_index/packages/r2_rtabmap
[4.213s] -- Installing: /home/tee/ros2_fyp/install/r2_rtabmap/share/r2_rtabmap/cmake/r2_rtabmapConfig.cmake
[4.214s] -- Installing: /home/tee/ros2_fyp/install/r2_rtabmap/share/r2_rtabmap/cmake/r2_rtabmapConfig-version.cmake
[4.215s] -- Installing: /home/tee/ros2_fyp/install/r2_rtabmap/share/r2_rtabmap/package.xml
[4.222s] Invoked command in '/home/tee/ros2_fyp/build/r2_rtabmap' returned '0': CMAKE_PREFIX_PATH=${CMAKE_PREFIX_PATH}:/home/tee/ros2_fyp/install/r2_wheel_odometry:/home/tee/ros2_fyp/install/r2_driver:/opt/ros/humble /usr/bin/cmake --install /home/tee/ros2_fyp/build/r2_rtabmap
