[1.382s] DEBUG:colcon:Command line arguments: ['/usr/bin/colcon', 'build', '--packages-select', 'r2_cloud_accumulator']
[1.382s] DEBUG:colcon:Parsed command line arguments: Namespace(log_base=None, log_level=None, verb_name='build', build_base='build', install_base='install', merge_install=False, symlink_install=False, test_result_base=None, continue_on_error=False, executor='parallel', parallel_workers=4, event_handlers=None, ignore_user_meta=False, metas=['./colcon.meta'], base_paths=['.'], packages_ignore=None, packages_ignore_regex=None, paths=None, packages_up_to=None, packages_up_to_regex=None, packages_above=None, packages_above_and_dependencies=None, packages_above_depth=None, packages_select_by_dep=None, packages_skip_by_dep=None, packages_skip_up_to=None, packages_select_build_failed=False, packages_skip_build_finished=False, packages_select_test_failures=False, packages_skip_test_passed=False, packages_select=['r2_cloud_accumulator'], packages_skip=None, packages_select_regex=None, packages_skip_regex=None, packages_start=None, packages_end=None, allow_overriding=[], cmake_args=None, cmake_target=None, cmake_target_skip_unavailable=False, cmake_clean_cache=False, cmake_clean_first=False, cmake_force_configure=False, ament_cmake_args=None, catkin_cmake_args=None, catkin_skip_building_tests=False, mixin_files=None, mixin=None, verb_parser=<colcon_mixin.mixin.mixin_argument.MixinArgumentDecorator object at 0xffff8e2fbe20>, verb_extension=<colcon_core.verb.build.BuildVerb object at 0xffff8e4d9810>, main=<bound method BuildVerb.main of <colcon_core.verb.build.BuildVerb object at 0xffff8e4d9810>>, mixin_verb=('build',))
[2.907s] Level 1:colcon.colcon_core.package_discovery:discover_packages(colcon_meta) check parameters
[2.908s] Level 1:colcon.colcon_core.package_discovery:discover_packages(recursive) check parameters
[2.908s] Level 1:colcon.colcon_core.package_discovery:discover_packages(ignore) check parameters
[2.908s] Level 1:colcon.colcon_core.package_discovery:discover_packages(path) check parameters
[2.909s] Level 1:colcon.colcon_core.package_discovery:discover_packages(colcon_meta) discover
[2.909s] Level 1:colcon.colcon_core.package_discovery:discover_packages(recursive) discover
[2.909s] INFO:colcon.colcon_core.package_discovery:Crawling recursively for packages in '/home/tee/ros2_fyp'
[2.910s] Level 1:colcon.colcon_core.package_identification:_identify(.) by extensions ['ignore', 'ignore_ament_install']
[2.910s] Level 1:colcon.colcon_core.package_identification:_identify(.) by extension 'ignore'
[2.911s] Level 1:colcon.colcon_core.package_identification:_identify(.) by extension 'ignore_ament_install'
[2.911s] Level 1:colcon.colcon_core.package_identification:_identify(.) by extensions ['colcon_pkg']
[2.911s] Level 1:colcon.colcon_core.package_identification:_identify(.) by extension 'colcon_pkg'
[2.912s] Level 1:colcon.colcon_core.package_identification:_identify(.) by extensions ['colcon_meta']
[2.912s] Level 1:colcon.colcon_core.package_identification:_identify(.) by extension 'colcon_meta'
[2.912s] Level 1:colcon.colcon_core.package_identification:_identify(.) by extensions ['ros']
[2.912s] Level 1:colcon.colcon_core.package_identification:_identify(.) by extension 'ros'
[2.986s] Level 1:colcon.colcon_core.package_identification:_identify(.) by extensions ['cmake', 'python']
[2.987s] Level 1:colcon.colcon_core.package_identification:_identify(.) by extension 'cmake'
[2.987s] Level 1:colcon.colcon_core.package_identification:_identify(.) by extension 'python'
[2.987s] Level 1:colcon.colcon_core.package_identification:_identify(.) by extensions ['python_setup_py']
[2.987s] Level 1:colcon.colcon_core.package_identification:_identify(.) by extension 'python_setup_py'
[2.988s] Level 1:colcon.colcon_core.package_identification:_identify(build) by extensions ['ignore', 'ignore_ament_install']
[2.988s] Level 1:colcon.colcon_core.package_identification:_identify(build) by extension 'ignore'
[2.989s] Level 1:colcon.colcon_core.package_identification:_identify(build) ignored
[2.989s] Level 1:colcon.colcon_core.package_identification:_identify(config) by extensions ['ignore', 'ignore_ament_install']
[2.990s] Level 1:colcon.colcon_core.package_identification:_identify(config) by extension 'ignore'
[2.990s] Level 1:colcon.colcon_core.package_identification:_identify(config) by extension 'ignore_ament_install'
[2.990s] Level 1:colcon.colcon_core.package_identification:_identify(config) by extensions ['colcon_pkg']
[2.990s] Level 1:colcon.colcon_core.package_identification:_identify(config) by extension 'colcon_pkg'
[2.991s] Level 1:colcon.colcon_core.package_identification:_identify(config) by extensions ['colcon_meta']
[2.991s] Level 1:colcon.colcon_core.package_identification:_identify(config) by extension 'colcon_meta'
[2.991s] Level 1:colcon.colcon_core.package_identification:_identify(config) by extensions ['ros']
[2.991s] Level 1:colcon.colcon_core.package_identification:_identify(config) by extension 'ros'
[2.991s] Level 1:colcon.colcon_core.package_identification:_identify(config) by extensions ['cmake', 'python']
[2.992s] Level 1:colcon.colcon_core.package_identification:_identify(config) by extension 'cmake'
[2.992s] Level 1:colcon.colcon_core.package_identification:_identify(config) by extension 'python'
[2.992s] Level 1:colcon.colcon_core.package_identification:_identify(config) by extensions ['python_setup_py']
[2.992s] Level 1:colcon.colcon_core.package_identification:_identify(config) by extension 'python_setup_py'
[2.993s] Level 1:colcon.colcon_core.package_identification:_identify(install) by extensions ['ignore', 'ignore_ament_install']
[2.993s] Level 1:colcon.colcon_core.package_identification:_identify(install) by extension 'ignore'
[2.993s] Level 1:colcon.colcon_core.package_identification:_identify(install) ignored
[2.994s] Level 1:colcon.colcon_core.package_identification:_identify(log) by extensions ['ignore', 'ignore_ament_install']
[2.995s] Level 1:colcon.colcon_core.package_identification:_identify(log) by extension 'ignore'
[2.995s] Level 1:colcon.colcon_core.package_identification:_identify(log) ignored
[2.995s] Level 1:colcon.colcon_core.package_identification:_identify(src) by extensions ['ignore', 'ignore_ament_install']
[2.996s] Level 1:colcon.colcon_core.package_identification:_identify(src) by extension 'ignore'
[2.996s] Level 1:colcon.colcon_core.package_identification:_identify(src) by extension 'ignore_ament_install'
[2.996s] Level 1:colcon.colcon_core.package_identification:_identify(src) by extensions ['colcon_pkg']
[2.996s] Level 1:colcon.colcon_core.package_identification:_identify(src) by extension 'colcon_pkg'
[2.996s] Level 1:colcon.colcon_core.package_identification:_identify(src) by extensions ['colcon_meta']
[2.997s] Level 1:colcon.colcon_core.package_identification:_identify(src) by extension 'colcon_meta'
[2.997s] Level 1:colcon.colcon_core.package_identification:_identify(src) by extensions ['ros']
[2.997s] Level 1:colcon.colcon_core.package_identification:_identify(src) by extension 'ros'
[2.997s] Level 1:colcon.colcon_core.package_identification:_identify(src) by extensions ['cmake', 'python']
[2.998s] Level 1:colcon.colcon_core.package_identification:_identify(src) by extension 'cmake'
[2.998s] Level 1:colcon.colcon_core.package_identification:_identify(src) by extension 'python'
[2.998s] Level 1:colcon.colcon_core.package_identification:_identify(src) by extensions ['python_setup_py']
[2.998s] Level 1:colcon.colcon_core.package_identification:_identify(src) by extension 'python_setup_py'
[2.999s] Level 1:colcon.colcon_core.package_identification:_identify(src/r2_bringup) by extensions ['ignore', 'ignore_ament_install']
[2.999s] Level 1:colcon.colcon_core.package_identification:_identify(src/r2_bringup) by extension 'ignore'
[2.999s] Level 1:colcon.colcon_core.package_identification:_identify(src/r2_bringup) by extension 'ignore_ament_install'
[2.999s] Level 1:colcon.colcon_core.package_identification:_identify(src/r2_bringup) by extensions ['colcon_pkg']
[3.000s] Level 1:colcon.colcon_core.package_identification:_identify(src/r2_bringup) by extension 'colcon_pkg'
[3.000s] Level 1:colcon.colcon_core.package_identification:_identify(src/r2_bringup) by extensions ['colcon_meta']
[3.000s] Level 1:colcon.colcon_core.package_identification:_identify(src/r2_bringup) by extension 'colcon_meta'
[3.000s] Level 1:colcon.colcon_core.package_identification:_identify(src/r2_bringup) by extensions ['ros']
[3.000s] Level 1:colcon.colcon_core.package_identification:_identify(src/r2_bringup) by extension 'ros'
[3.022s] DEBUG:colcon.colcon_core.package_identification:Package 'src/r2_bringup' with type 'ros.ament_cmake' and name 'r2_bringup'
[3.023s] Level 1:colcon.colcon_core.package_identification:_identify(src/r2_cloud_accumulator) by extensions ['ignore', 'ignore_ament_install']
[3.023s] Level 1:colcon.colcon_core.package_identification:_identify(src/r2_cloud_accumulator) by extension 'ignore'
[3.023s] Level 1:colcon.colcon_core.package_identification:_identify(src/r2_cloud_accumulator) by extension 'ignore_ament_install'
[3.024s] Level 1:colcon.colcon_core.package_identification:_identify(src/r2_cloud_accumulator) by extensions ['colcon_pkg']
[3.024s] Level 1:colcon.colcon_core.package_identification:_identify(src/r2_cloud_accumulator) by extension 'colcon_pkg'
[3.024s] Level 1:colcon.colcon_core.package_identification:_identify(src/r2_cloud_accumulator) by extensions ['colcon_meta']
[3.024s] Level 1:colcon.colcon_core.package_identification:_identify(src/r2_cloud_accumulator) by extension 'colcon_meta'
[3.024s] Level 1:colcon.colcon_core.package_identification:_identify(src/r2_cloud_accumulator) by extensions ['ros']
[3.025s] Level 1:colcon.colcon_core.package_identification:_identify(src/r2_cloud_accumulator) by extension 'ros'
[3.028s] DEBUG:colcon.colcon_core.package_identification:Package 'src/r2_cloud_accumulator' with type 'ros.ament_python' and name 'r2_cloud_accumulator'
[3.029s] Level 1:colcon.colcon_core.package_identification:_identify(src/r2_description) by extensions ['ignore', 'ignore_ament_install']
[3.029s] Level 1:colcon.colcon_core.package_identification:_identify(src/r2_description) by extension 'ignore'
[3.030s] Level 1:colcon.colcon_core.package_identification:_identify(src/r2_description) by extension 'ignore_ament_install'
[3.030s] Level 1:colcon.colcon_core.package_identification:_identify(src/r2_description) by extensions ['colcon_pkg']
[3.030s] Level 1:colcon.colcon_core.package_identification:_identify(src/r2_description) by extension 'colcon_pkg'
[3.030s] Level 1:colcon.colcon_core.package_identification:_identify(src/r2_description) by extensions ['colcon_meta']
[3.030s] Level 1:colcon.colcon_core.package_identification:_identify(src/r2_description) by extension 'colcon_meta'
[3.031s] Level 1:colcon.colcon_core.package_identification:_identify(src/r2_description) by extensions ['ros']
[3.031s] Level 1:colcon.colcon_core.package_identification:_identify(src/r2_description) by extension 'ros'
[3.034s] DEBUG:colcon.colcon_core.package_identification:Package 'src/r2_description' with type 'ros.ament_cmake' and name 'r2_description'
[3.035s] Level 1:colcon.colcon_core.package_identification:_identify(src/r2_driver) by extensions ['ignore', 'ignore_ament_install']
[3.035s] Level 1:colcon.colcon_core.package_identification:_identify(src/r2_driver) by extension 'ignore'
[3.035s] Level 1:colcon.colcon_core.package_identification:_identify(src/r2_driver) by extension 'ignore_ament_install'
[3.036s] Level 1:colcon.colcon_core.package_identification:_identify(src/r2_driver) by extensions ['colcon_pkg']
[3.036s] Level 1:colcon.colcon_core.package_identification:_identify(src/r2_driver) by extension 'colcon_pkg'
[3.036s] Level 1:colcon.colcon_core.package_identification:_identify(src/r2_driver) by extensions ['colcon_meta']
[3.036s] Level 1:colcon.colcon_core.package_identification:_identify(src/r2_driver) by extension 'colcon_meta'
[3.036s] Level 1:colcon.colcon_core.package_identification:_identify(src/r2_driver) by extensions ['ros']
[3.036s] Level 1:colcon.colcon_core.package_identification:_identify(src/r2_driver) by extension 'ros'
[3.040s] DEBUG:colcon.colcon_core.package_identification:Package 'src/r2_driver' with type 'ros.ament_python' and name 'r2_driver'
[3.041s] Level 1:colcon.colcon_core.package_identification:_identify(src/r2_localization) by extensions ['ignore', 'ignore_ament_install']
[3.042s] Level 1:colcon.colcon_core.package_identification:_identify(src/r2_localization) by extension 'ignore'
[3.042s] Level 1:colcon.colcon_core.package_identification:_identify(src/r2_localization) by extension 'ignore_ament_install'
[3.042s] Level 1:colcon.colcon_core.package_identification:_identify(src/r2_localization) by extensions ['colcon_pkg']
[3.042s] Level 1:colcon.colcon_core.package_identification:_identify(src/r2_localization) by extension 'colcon_pkg'
[3.043s] Level 1:colcon.colcon_core.package_identification:_identify(src/r2_localization) by extensions ['colcon_meta']
[3.043s] Level 1:colcon.colcon_core.package_identification:_identify(src/r2_localization) by extension 'colcon_meta'
[3.043s] Level 1:colcon.colcon_core.package_identification:_identify(src/r2_localization) by extensions ['ros']
[3.043s] Level 1:colcon.colcon_core.package_identification:_identify(src/r2_localization) by extension 'ros'
[3.083s] DEBUG:colcon.colcon_core.package_identification:Package 'src/r2_localization' with type 'ros.ament_cmake' and name 'r2_localization'
[3.083s] Level 1:colcon.colcon_core.package_identification:_identify(src/r2_rtabmap) by extensions ['ignore', 'ignore_ament_install']
[3.084s] Level 1:colcon.colcon_core.package_identification:_identify(src/r2_rtabmap) by extension 'ignore'
[3.084s] Level 1:colcon.colcon_core.package_identification:_identify(src/r2_rtabmap) by extension 'ignore_ament_install'
[3.084s] Level 1:colcon.colcon_core.package_identification:_identify(src/r2_rtabmap) by extensions ['colcon_pkg']
[3.084s] Level 1:colcon.colcon_core.package_identification:_identify(src/r2_rtabmap) by extension 'colcon_pkg'
[3.085s] Level 1:colcon.colcon_core.package_identification:_identify(src/r2_rtabmap) by extensions ['colcon_meta']
[3.085s] Level 1:colcon.colcon_core.package_identification:_identify(src/r2_rtabmap) by extension 'colcon_meta'
[3.085s] Level 1:colcon.colcon_core.package_identification:_identify(src/r2_rtabmap) by extensions ['ros']
[3.085s] Level 1:colcon.colcon_core.package_identification:_identify(src/r2_rtabmap) by extension 'ros'
[3.088s] DEBUG:colcon.colcon_core.package_identification:Package 'src/r2_rtabmap' with type 'ros.ament_cmake' and name 'r2_rtabmap'
[3.089s] Level 1:colcon.colcon_core.package_identification:_identify(src/r2_wheel_odometry) by extensions ['ignore', 'ignore_ament_install']
[3.089s] Level 1:colcon.colcon_core.package_identification:_identify(src/r2_wheel_odometry) by extension 'ignore'
[3.090s] Level 1:colcon.colcon_core.package_identification:_identify(src/r2_wheel_odometry) by extension 'ignore_ament_install'
[3.090s] Level 1:colcon.colcon_core.package_identification:_identify(src/r2_wheel_odometry) by extensions ['colcon_pkg']
[3.090s] Level 1:colcon.colcon_core.package_identification:_identify(src/r2_wheel_odometry) by extension 'colcon_pkg'
[3.090s] Level 1:colcon.colcon_core.package_identification:_identify(src/r2_wheel_odometry) by extensions ['colcon_meta']
[3.090s] Level 1:colcon.colcon_core.package_identification:_identify(src/r2_wheel_odometry) by extension 'colcon_meta'
[3.091s] Level 1:colcon.colcon_core.package_identification:_identify(src/r2_wheel_odometry) by extensions ['ros']
[3.091s] Level 1:colcon.colcon_core.package_identification:_identify(src/r2_wheel_odometry) by extension 'ros'
[3.095s] DEBUG:colcon.colcon_core.package_identification:Package 'src/r2_wheel_odometry' with type 'ros.ament_python' and name 'r2_wheel_odometry'
[3.096s] Level 1:colcon.colcon_core.package_identification:_identify(src/r2_wheel_odometry_and_imu) by extensions ['ignore', 'ignore_ament_install']
[3.096s] Level 1:colcon.colcon_core.package_identification:_identify(src/r2_wheel_odometry_and_imu) by extension 'ignore'
[3.096s] Level 1:colcon.colcon_core.package_identification:_identify(src/r2_wheel_odometry_and_imu) by extension 'ignore_ament_install'
[3.097s] Level 1:colcon.colcon_core.package_identification:_identify(src/r2_wheel_odometry_and_imu) by extensions ['colcon_pkg']
[3.097s] Level 1:colcon.colcon_core.package_identification:_identify(src/r2_wheel_odometry_and_imu) by extension 'colcon_pkg'
[3.097s] Level 1:colcon.colcon_core.package_identification:_identify(src/r2_wheel_odometry_and_imu) by extensions ['colcon_meta']
[3.097s] Level 1:colcon.colcon_core.package_identification:_identify(src/r2_wheel_odometry_and_imu) by extension 'colcon_meta'
[3.097s] Level 1:colcon.colcon_core.package_identification:_identify(src/r2_wheel_odometry_and_imu) by extensions ['ros']
[3.098s] Level 1:colcon.colcon_core.package_identification:_identify(src/r2_wheel_odometry_and_imu) by extension 'ros'
[3.102s] DEBUG:colcon.colcon_core.package_identification:Package 'src/r2_wheel_odometry_and_imu' with type 'ros.ament_python' and name 'r2_wheel_odometry_and_imu'
[3.103s] Level 1:colcon.colcon_core.package_identification:_identify(src/ros2_astra_camera) by extensions ['ignore', 'ignore_ament_install']
[3.103s] Level 1:colcon.colcon_core.package_identification:_identify(src/ros2_astra_camera) by extension 'ignore'
[3.104s] Level 1:colcon.colcon_core.package_identification:_identify(src/ros2_astra_camera) by extension 'ignore_ament_install'
[3.104s] Level 1:colcon.colcon_core.package_identification:_identify(src/ros2_astra_camera) by extensions ['colcon_pkg']
[3.104s] Level 1:colcon.colcon_core.package_identification:_identify(src/ros2_astra_camera) by extension 'colcon_pkg'
[3.104s] Level 1:colcon.colcon_core.package_identification:_identify(src/ros2_astra_camera) by extensions ['colcon_meta']
[3.104s] Level 1:colcon.colcon_core.package_identification:_identify(src/ros2_astra_camera) by extension 'colcon_meta'
[3.105s] Level 1:colcon.colcon_core.package_identification:_identify(src/ros2_astra_camera) by extensions ['ros']
[3.105s] Level 1:colcon.colcon_core.package_identification:_identify(src/ros2_astra_camera) by extension 'ros'
[3.105s] Level 1:colcon.colcon_core.package_identification:_identify(src/ros2_astra_camera) by extensions ['cmake', 'python']
[3.106s] Level 1:colcon.colcon_core.package_identification:_identify(src/ros2_astra_camera) by extension 'cmake'
[3.106s] Level 1:colcon.colcon_core.package_identification:_identify(src/ros2_astra_camera) by extension 'python'
[3.106s] Level 1:colcon.colcon_core.package_identification:_identify(src/ros2_astra_camera) by extensions ['python_setup_py']
[3.106s] Level 1:colcon.colcon_core.package_identification:_identify(src/ros2_astra_camera) by extension 'python_setup_py'
[3.107s] Level 1:colcon.colcon_core.package_identification:_identify(src/ros2_astra_camera/astra_camera) by extensions ['ignore', 'ignore_ament_install']
[3.107s] Level 1:colcon.colcon_core.package_identification:_identify(src/ros2_astra_camera/astra_camera) by extension 'ignore'
[3.107s] Level 1:colcon.colcon_core.package_identification:_identify(src/ros2_astra_camera/astra_camera) by extension 'ignore_ament_install'
[3.108s] Level 1:colcon.colcon_core.package_identification:_identify(src/ros2_astra_camera/astra_camera) by extensions ['colcon_pkg']
[3.108s] Level 1:colcon.colcon_core.package_identification:_identify(src/ros2_astra_camera/astra_camera) by extension 'colcon_pkg'
[3.108s] Level 1:colcon.colcon_core.package_identification:_identify(src/ros2_astra_camera/astra_camera) by extensions ['colcon_meta']
[3.108s] Level 1:colcon.colcon_core.package_identification:_identify(src/ros2_astra_camera/astra_camera) by extension 'colcon_meta'
[3.108s] Level 1:colcon.colcon_core.package_identification:_identify(src/ros2_astra_camera/astra_camera) by extensions ['ros']
[3.108s] Level 1:colcon.colcon_core.package_identification:_identify(src/ros2_astra_camera/astra_camera) by extension 'ros'
[3.118s] DEBUG:colcon.colcon_core.package_identification:Package 'src/ros2_astra_camera/astra_camera' with type 'ros.ament_cmake' and name 'astra_camera'
[3.119s] Level 1:colcon.colcon_core.package_identification:_identify(src/ros2_astra_camera/astra_camera_msgs) by extensions ['ignore', 'ignore_ament_install']
[3.119s] Level 1:colcon.colcon_core.package_identification:_identify(src/ros2_astra_camera/astra_camera_msgs) by extension 'ignore'
[3.119s] Level 1:colcon.colcon_core.package_identification:_identify(src/ros2_astra_camera/astra_camera_msgs) by extension 'ignore_ament_install'
[3.120s] Level 1:colcon.colcon_core.package_identification:_identify(src/ros2_astra_camera/astra_camera_msgs) by extensions ['colcon_pkg']
[3.120s] Level 1:colcon.colcon_core.package_identification:_identify(src/ros2_astra_camera/astra_camera_msgs) by extension 'colcon_pkg'
[3.120s] Level 1:colcon.colcon_core.package_identification:_identify(src/ros2_astra_camera/astra_camera_msgs) by extensions ['colcon_meta']
[3.120s] Level 1:colcon.colcon_core.package_identification:_identify(src/ros2_astra_camera/astra_camera_msgs) by extension 'colcon_meta'
[3.120s] Level 1:colcon.colcon_core.package_identification:_identify(src/ros2_astra_camera/astra_camera_msgs) by extensions ['ros']
[3.121s] Level 1:colcon.colcon_core.package_identification:_identify(src/ros2_astra_camera/astra_camera_msgs) by extension 'ros'
[3.124s] DEBUG:colcon.colcon_core.package_identification:Package 'src/ros2_astra_camera/astra_camera_msgs' with type 'ros.ament_cmake' and name 'astra_camera_msgs'
[3.125s] Level 1:colcon.colcon_core.package_identification:_identify(src/rplidar_ros) by extensions ['ignore', 'ignore_ament_install']
[3.125s] Level 1:colcon.colcon_core.package_identification:_identify(src/rplidar_ros) by extension 'ignore'
[3.126s] Level 1:colcon.colcon_core.package_identification:_identify(src/rplidar_ros) by extension 'ignore_ament_install'
[3.126s] Level 1:colcon.colcon_core.package_identification:_identify(src/rplidar_ros) by extensions ['colcon_pkg']
[3.126s] Level 1:colcon.colcon_core.package_identification:_identify(src/rplidar_ros) by extension 'colcon_pkg'
[3.126s] Level 1:colcon.colcon_core.package_identification:_identify(src/rplidar_ros) by extensions ['colcon_meta']
[3.126s] Level 1:colcon.colcon_core.package_identification:_identify(src/rplidar_ros) by extension 'colcon_meta'
[3.127s] Level 1:colcon.colcon_core.package_identification:_identify(src/rplidar_ros) by extensions ['ros']
[3.127s] Level 1:colcon.colcon_core.package_identification:_identify(src/rplidar_ros) by extension 'ros'
[3.129s] DEBUG:colcon.colcon_core.package_identification:Package 'src/rplidar_ros' with type 'ros.ament_cmake' and name 'rplidar_ros'
[3.130s] Level 1:colcon.colcon_core.package_discovery:discover_packages(recursive) using defaults
[3.130s] Level 1:colcon.colcon_core.package_discovery:discover_packages(ignore) discover
[3.130s] Level 1:colcon.colcon_core.package_discovery:discover_packages(ignore) using defaults
[3.130s] Level 1:colcon.colcon_core.package_discovery:discover_packages(path) discover
[3.130s] Level 1:colcon.colcon_core.package_discovery:discover_packages(path) using defaults
[3.295s] INFO:colcon.colcon_core.package_selection:Skipping not selected package 'astra_camera_msgs' in 'src/ros2_astra_camera/astra_camera_msgs'
[3.295s] INFO:colcon.colcon_core.package_selection:Skipping not selected package 'r2_bringup' in 'src/r2_bringup'
[3.295s] INFO:colcon.colcon_core.package_selection:Skipping not selected package 'r2_description' in 'src/r2_description'
[3.295s] INFO:colcon.colcon_core.package_selection:Skipping not selected package 'r2_driver' in 'src/r2_driver'
[3.295s] INFO:colcon.colcon_core.package_selection:Skipping not selected package 'r2_localization' in 'src/r2_localization'
[3.296s] INFO:colcon.colcon_core.package_selection:Skipping not selected package 'r2_rtabmap' in 'src/r2_rtabmap'
[3.296s] INFO:colcon.colcon_core.package_selection:Skipping not selected package 'r2_wheel_odometry' in 'src/r2_wheel_odometry'
[3.296s] INFO:colcon.colcon_core.package_selection:Skipping not selected package 'r2_wheel_odometry_and_imu' in 'src/r2_wheel_odometry_and_imu'
[3.296s] INFO:colcon.colcon_core.package_selection:Skipping not selected package 'rplidar_ros' in 'src/rplidar_ros'
[3.296s] INFO:colcon.colcon_core.package_selection:Skipping not selected package 'astra_camera' in 'src/ros2_astra_camera/astra_camera'
[3.299s] Level 1:colcon.colcon_core.package_discovery:discover_packages(prefix_path) check parameters
[3.299s] Level 1:colcon.colcon_core.package_discovery:discover_packages(prefix_path) discover
[3.320s] DEBUG:colcon.colcon_installed_package_information.package_discovery:Found 11 installed packages in /home/tee/ros2_fyp/install
[3.334s] DEBUG:colcon.colcon_installed_package_information.package_discovery:Found 375 installed packages in /opt/ros/humble
[3.346s] Level 1:colcon.colcon_core.package_discovery:discover_packages(prefix_path) using defaults
[3.582s] Level 5:colcon.colcon_core.verb:set package 'r2_cloud_accumulator' build argument 'cmake_args' from command line to 'None'
[3.582s] Level 5:colcon.colcon_core.verb:set package 'r2_cloud_accumulator' build argument 'cmake_target' from command line to 'None'
[3.582s] Level 5:colcon.colcon_core.verb:set package 'r2_cloud_accumulator' build argument 'cmake_target_skip_unavailable' from command line to 'False'
[3.582s] Level 5:colcon.colcon_core.verb:set package 'r2_cloud_accumulator' build argument 'cmake_clean_cache' from command line to 'False'
[3.582s] Level 5:colcon.colcon_core.verb:set package 'r2_cloud_accumulator' build argument 'cmake_clean_first' from command line to 'False'
[3.582s] Level 5:colcon.colcon_core.verb:set package 'r2_cloud_accumulator' build argument 'cmake_force_configure' from command line to 'False'
[3.582s] Level 5:colcon.colcon_core.verb:set package 'r2_cloud_accumulator' build argument 'ament_cmake_args' from command line to 'None'
[3.583s] Level 5:colcon.colcon_core.verb:set package 'r2_cloud_accumulator' build argument 'catkin_cmake_args' from command line to 'None'
[3.583s] Level 5:colcon.colcon_core.verb:set package 'r2_cloud_accumulator' build argument 'catkin_skip_building_tests' from command line to 'False'
[3.583s] DEBUG:colcon.colcon_core.verb:Building package 'r2_cloud_accumulator' with the following arguments: {'ament_cmake_args': None, 'build_base': '/home/tee/ros2_fyp/build/r2_cloud_accumulator', 'catkin_cmake_args': None, 'catkin_skip_building_tests': False, 'cmake_args': None, 'cmake_clean_cache': False, 'cmake_clean_first': False, 'cmake_force_configure': False, 'cmake_target': None, 'cmake_target_skip_unavailable': False, 'install_base': '/home/tee/ros2_fyp/install/r2_cloud_accumulator', 'merge_install': False, 'path': '/home/tee/ros2_fyp/src/r2_cloud_accumulator', 'symlink_install': False, 'test_result_base': None}
[3.583s] INFO:colcon.colcon_core.executor:Executing jobs using 'parallel' executor
[3.587s] DEBUG:colcon.colcon_parallel_executor.executor.parallel:run_until_complete
[3.588s] INFO:colcon.colcon_ros.task.ament_python.build:Building ROS package in '/home/tee/ros2_fyp/src/r2_cloud_accumulator' with build type 'ament_python'
[3.588s] Level 1:colcon.colcon_core.shell:create_environment_hook('r2_cloud_accumulator', 'ament_prefix_path')
[3.612s] INFO:colcon.colcon_core.plugin_system:Skipping extension 'colcon_core.shell.bat': Not used on non-Windows systems
[3.614s] INFO:colcon.colcon_core.shell:Creating environment hook '/home/tee/ros2_fyp/install/r2_cloud_accumulator/share/r2_cloud_accumulator/hook/ament_prefix_path.ps1'
[3.618s] INFO:colcon.colcon_core.shell:Creating environment descriptor '/home/tee/ros2_fyp/install/r2_cloud_accumulator/share/r2_cloud_accumulator/hook/ament_prefix_path.dsv'
[3.622s] INFO:colcon.colcon_core.shell:Creating environment hook '/home/tee/ros2_fyp/install/r2_cloud_accumulator/share/r2_cloud_accumulator/hook/ament_prefix_path.sh'
[3.626s] INFO:colcon.colcon_core.shell:Skip shell extension 'powershell' for command environment: Not usable outside of PowerShell
[3.627s] DEBUG:colcon.colcon_core.shell:Skip shell extension 'dsv' for command environment
[5.026s] INFO:colcon.colcon_core.task.python.build:Building Python package in '/home/tee/ros2_fyp/src/r2_cloud_accumulator'
[5.028s] INFO:colcon.colcon_core.shell:Skip shell extension 'powershell' for command environment: Not usable outside of PowerShell
[5.028s] DEBUG:colcon.colcon_core.shell:Skip shell extension 'dsv' for command environment
[7.471s] DEBUG:colcon.colcon_core.event_handler.log_command:Invoking command in '/home/tee/ros2_fyp/src/r2_cloud_accumulator': PYTHONPATH=/home/tee/ros2_fyp/build/r2_cloud_accumulator/prefix_override:/usr/lib/python3/dist-packages/colcon_core/task/python/colcon_distutils_commands:/home/tee/ros2_fyp/install/r2_cloud_accumulator/lib/python3.10/site-packages:${PYTHONPATH} /usr/bin/python3 -W ignore:setup.py install is deprecated -W ignore:easy_install command is deprecated setup.py egg_info --egg-base ../../build/r2_cloud_accumulator build --build-base /home/tee/ros2_fyp/build/r2_cloud_accumulator/build install --record /home/tee/ros2_fyp/build/r2_cloud_accumulator/install.log --single-version-externally-managed install_data
[9.036s] DEBUG:colcon.colcon_core.event_handler.log_command:Invoked command in '/home/tee/ros2_fyp/src/r2_cloud_accumulator' returned '0': PYTHONPATH=/home/tee/ros2_fyp/build/r2_cloud_accumulator/prefix_override:/usr/lib/python3/dist-packages/colcon_core/task/python/colcon_distutils_commands:/home/tee/ros2_fyp/install/r2_cloud_accumulator/lib/python3.10/site-packages:${PYTHONPATH} /usr/bin/python3 -W ignore:setup.py install is deprecated -W ignore:easy_install command is deprecated setup.py egg_info --egg-base ../../build/r2_cloud_accumulator build --build-base /home/tee/ros2_fyp/build/r2_cloud_accumulator/build install --record /home/tee/ros2_fyp/build/r2_cloud_accumulator/install.log --single-version-externally-managed install_data
[9.064s] Level 1:colcon.colcon_core.environment:checking '/home/tee/ros2_fyp/install/r2_cloud_accumulator' for CMake module files
[9.067s] Level 1:colcon.colcon_core.environment:checking '/home/tee/ros2_fyp/install/r2_cloud_accumulator' for CMake config files
[9.072s] Level 1:colcon.colcon_core.environment:checking '/home/tee/ros2_fyp/install/r2_cloud_accumulator/lib'
[9.073s] Level 1:colcon.colcon_core.environment:checking '/home/tee/ros2_fyp/install/r2_cloud_accumulator/bin'
[9.074s] Level 1:colcon.colcon_core.environment:checking '/home/tee/ros2_fyp/install/r2_cloud_accumulator/lib/pkgconfig/r2_cloud_accumulator.pc'
[9.075s] Level 1:colcon.colcon_core.environment:checking '/home/tee/ros2_fyp/install/r2_cloud_accumulator/lib/python3.10/site-packages'
[9.075s] Level 1:colcon.colcon_core.shell:create_environment_hook('r2_cloud_accumulator', 'pythonpath')
[9.076s] INFO:colcon.colcon_core.shell:Creating environment hook '/home/tee/ros2_fyp/install/r2_cloud_accumulator/share/r2_cloud_accumulator/hook/pythonpath.ps1'
[9.078s] INFO:colcon.colcon_core.shell:Creating environment descriptor '/home/tee/ros2_fyp/install/r2_cloud_accumulator/share/r2_cloud_accumulator/hook/pythonpath.dsv'
[9.080s] INFO:colcon.colcon_core.shell:Creating environment hook '/home/tee/ros2_fyp/install/r2_cloud_accumulator/share/r2_cloud_accumulator/hook/pythonpath.sh'
[9.084s] Level 1:colcon.colcon_core.environment:checking '/home/tee/ros2_fyp/install/r2_cloud_accumulator/bin'
[9.084s] Level 1:colcon.colcon_core.environment:create_environment_scripts_only(r2_cloud_accumulator)
[9.085s] INFO:colcon.colcon_core.shell:Creating package script '/home/tee/ros2_fyp/install/r2_cloud_accumulator/share/r2_cloud_accumulator/package.ps1'
[9.090s] INFO:colcon.colcon_core.shell:Creating package descriptor '/home/tee/ros2_fyp/install/r2_cloud_accumulator/share/r2_cloud_accumulator/package.dsv'
[9.094s] INFO:colcon.colcon_core.shell:Creating package script '/home/tee/ros2_fyp/install/r2_cloud_accumulator/share/r2_cloud_accumulator/package.sh'
[9.098s] INFO:colcon.colcon_core.shell:Creating package script '/home/tee/ros2_fyp/install/r2_cloud_accumulator/share/r2_cloud_accumulator/package.bash'
[9.103s] INFO:colcon.colcon_core.shell:Creating package script '/home/tee/ros2_fyp/install/r2_cloud_accumulator/share/r2_cloud_accumulator/package.zsh'
[9.108s] Level 1:colcon.colcon_core.environment:create_file_with_runtime_dependencies(/home/tee/ros2_fyp/install/r2_cloud_accumulator/share/colcon-core/packages/r2_cloud_accumulator)
[9.110s] DEBUG:colcon.colcon_parallel_executor.executor.parallel:closing loop
[9.112s] DEBUG:colcon.colcon_parallel_executor.executor.parallel:loop closed
[9.112s] DEBUG:colcon.colcon_parallel_executor.executor.parallel:run_until_complete finished with '0'
[9.113s] DEBUG:colcon.colcon_core.event_reactor:joining thread
[9.141s] INFO:colcon.colcon_core.plugin_system:Skipping extension 'colcon_notification.desktop_notification.terminal_notifier': Not used on non-Darwin systems
[9.141s] INFO:colcon.colcon_core.plugin_system:Skipping extension 'colcon_notification.desktop_notification.win32': Not used on non-Windows systems
[9.141s] INFO:colcon.colcon_notification.desktop_notification:Sending desktop notification using 'notify2'
[9.147s] DEBUG:colcon.colcon_notification.desktop_notification.notify2:Failed to initialize notify2: org.freedesktop.DBus.Error.ServiceUnknown: The name org.freedesktop.Notifications was not provided by any .service files
[9.147s] DEBUG:colcon.colcon_core.event_reactor:joined thread
[9.148s] INFO:colcon.colcon_core.shell:Creating prefix script '/home/tee/ros2_fyp/install/local_setup.ps1'
[9.153s] INFO:colcon.colcon_core.shell:Creating prefix util module '/home/tee/ros2_fyp/install/_local_setup_util_ps1.py'
[9.163s] INFO:colcon.colcon_core.shell:Creating prefix chain script '/home/tee/ros2_fyp/install/setup.ps1'
[9.173s] INFO:colcon.colcon_core.shell:Creating prefix script '/home/tee/ros2_fyp/install/local_setup.sh'
[9.177s] INFO:colcon.colcon_core.shell:Creating prefix util module '/home/tee/ros2_fyp/install/_local_setup_util_sh.py'
[9.181s] INFO:colcon.colcon_core.shell:Creating prefix chain script '/home/tee/ros2_fyp/install/setup.sh'
[9.190s] INFO:colcon.colcon_core.shell:Creating prefix script '/home/tee/ros2_fyp/install/local_setup.bash'
[9.193s] INFO:colcon.colcon_core.shell:Creating prefix chain script '/home/tee/ros2_fyp/install/setup.bash'
[9.201s] INFO:colcon.colcon_core.shell:Creating prefix script '/home/tee/ros2_fyp/install/local_setup.zsh'
[9.205s] INFO:colcon.colcon_core.shell:Creating prefix chain script '/home/tee/ros2_fyp/install/setup.zsh'
