[0.172s] Invoking command in '/home/tee/ros2_fyp/build/astra_camera': CMAKE_PREFIX_PATH=/home/tee/ros2_fyp/install/astra_camera_msgs:/home/tee/ros2_fyp/install/rplidar_ros:/home/tee/ros2_fyp/install/r2_description:/home/tee/ros2_fyp/install/r2_bringup:/home/tee/ros2_fyp/install/astra_camera:/home/tee/ros2_fyp/install/r2_wheel_odometry:/home/tee/ros2_fyp/install/r2_driver:/opt/ros/humble LD_LIBRARY_PATH=/home/tee/ros2_fyp/install/astra_camera_msgs/lib:/home/tee/ros2_fyp/install/astra_camera/lib:/opt/ros/humble/opt/rviz_ogre_vendor/lib:/opt/ros/humble/lib/aarch64-linux-gnu:/opt/ros/humble/lib /usr/bin/cmake --build /home/tee/ros2_fyp/build/astra_camera -- -j4 -l4
[0.545s] [35m[1mConsolidate compiler generated dependencies of target astra_camera[0m
[1.166s] [ 87%] Built target astra_camera
[1.247s] [35m[1mConsolidate compiler generated dependencies of target list_devices_node[0m
[1.417s] [100%] Built target list_devices_node
[1.487s] Invoked command in '/home/tee/ros2_fyp/build/astra_camera' returned '0': CMAKE_PREFIX_PATH=/home/tee/ros2_fyp/install/astra_camera_msgs:/home/tee/ros2_fyp/install/rplidar_ros:/home/tee/ros2_fyp/install/r2_description:/home/tee/ros2_fyp/install/r2_bringup:/home/tee/ros2_fyp/install/astra_camera:/home/tee/ros2_fyp/install/r2_wheel_odometry:/home/tee/ros2_fyp/install/r2_driver:/opt/ros/humble LD_LIBRARY_PATH=/home/tee/ros2_fyp/install/astra_camera_msgs/lib:/home/tee/ros2_fyp/install/astra_camera/lib:/opt/ros/humble/opt/rviz_ogre_vendor/lib:/opt/ros/humble/lib/aarch64-linux-gnu:/opt/ros/humble/lib /usr/bin/cmake --build /home/tee/ros2_fyp/build/astra_camera -- -j4 -l4
[1.498s] Invoking command in '/home/tee/ros2_fyp/build/astra_camera': CMAKE_PREFIX_PATH=/home/tee/ros2_fyp/install/astra_camera_msgs:/home/tee/ros2_fyp/install/rplidar_ros:/home/tee/ros2_fyp/install/r2_description:/home/tee/ros2_fyp/install/r2_bringup:/home/tee/ros2_fyp/install/astra_camera:/home/tee/ros2_fyp/install/r2_wheel_odometry:/home/tee/ros2_fyp/install/r2_driver:/opt/ros/humble LD_LIBRARY_PATH=/home/tee/ros2_fyp/install/astra_camera_msgs/lib:/home/tee/ros2_fyp/install/astra_camera/lib:/opt/ros/humble/opt/rviz_ogre_vendor/lib:/opt/ros/humble/lib/aarch64-linux-gnu:/opt/ros/humble/lib /usr/bin/cmake --install /home/tee/ros2_fyp/build/astra_camera
[1.543s] -- Install configuration: "Debug"
[1.548s] -- Execute custom install script
[1.552s] -- Up-to-date symlink: /home/tee/ros2_fyp/install/astra_camera/lib/libastra_camera.so
[1.554s] -- Up-to-date symlink: /home/tee/ros2_fyp/install/astra_camera/lib//libOpenNI2.so
[1.558s] -- Up-to-date symlink: /home/tee/ros2_fyp/install/astra_camera/lib//OpenNI2/Drivers/OniFile.ini
[1.560s] -- Up-to-date symlink: /home/tee/ros2_fyp/install/astra_camera/lib//OpenNI2/Drivers/libOniFile.so
[1.563s] -- Up-to-date symlink: /home/tee/ros2_fyp/install/astra_camera/lib//OpenNI2/Drivers/liborbbec.so
[1.565s] -- Up-to-date symlink: /home/tee/ros2_fyp/install/astra_camera/lib//OpenNI2/Drivers/orbbec.ini
[1.569s] -- Up-to-date symlink: /home/tee/ros2_fyp/install/astra_camera/lib/astra_camera//list_devices_node
[1.579s] -- Up-to-date symlink: /home/tee/ros2_fyp/install/astra_camera/include/astra_camera/constants.h
[1.581s] -- Up-to-date symlink: /home/tee/ros2_fyp/install/astra_camera/include/astra_camera/device_listener.h
[1.583s] -- Up-to-date symlink: /home/tee/ros2_fyp/install/astra_camera/include/astra_camera/dynamic_params.h
[1.585s] -- Up-to-date symlink: /home/tee/ros2_fyp/install/astra_camera/include/astra_camera/ob_camera_node.h
[1.587s] -- Up-to-date symlink: /home/tee/ros2_fyp/install/astra_camera/include/astra_camera/ob_camera_node_factory.h
[1.589s] -- Up-to-date symlink: /home/tee/ros2_fyp/install/astra_camera/include/astra_camera/ob_frame_listener.h
[1.592s] -- Up-to-date symlink: /home/tee/ros2_fyp/install/astra_camera/include/astra_camera/ob_timer_filter.h
[1.594s] -- Up-to-date symlink: /home/tee/ros2_fyp/install/astra_camera/include/astra_camera/point_cloud_proc/depth_traits.h
[1.596s] -- Up-to-date symlink: /home/tee/ros2_fyp/install/astra_camera/include/astra_camera/point_cloud_proc/point_cloud_xyz.h
[1.598s] -- Up-to-date symlink: /home/tee/ros2_fyp/install/astra_camera/include/astra_camera/point_cloud_proc/point_cloud_xyzrgb.h
[1.600s] -- Up-to-date symlink: /home/tee/ros2_fyp/install/astra_camera/include/astra_camera/ros_param_backend.h
[1.602s] -- Up-to-date symlink: /home/tee/ros2_fyp/install/astra_camera/include/astra_camera/types.h
[1.604s] -- Up-to-date symlink: /home/tee/ros2_fyp/install/astra_camera/include/astra_camera/utils.h
[1.606s] -- Up-to-date symlink: /home/tee/ros2_fyp/install/astra_camera/include/astra_camera/uvc_camera_driver.h
[1.609s] -- Up-to-date symlink: /home/tee/ros2_fyp/install/astra_camera/include/openni2/Android-Arm/OniPlatformAndroid-Arm.h
[1.611s] -- Up-to-date symlink: /home/tee/ros2_fyp/install/astra_camera/include/openni2/Driver/OniDriverAPI.h
[1.613s] -- Up-to-date symlink: /home/tee/ros2_fyp/install/astra_camera/include/openni2/Driver/OniDriverTypes.h
[1.615s] -- Up-to-date symlink: /home/tee/ros2_fyp/install/astra_camera/include/openni2/KinectProperties.h
[1.617s] -- Up-to-date symlink: /home/tee/ros2_fyp/install/astra_camera/include/openni2/Linux-Arm/OniPlatformLinux-Arm.h
[1.621s] -- Up-to-date symlink: /home/tee/ros2_fyp/install/astra_camera/include/openni2/Linux-x86/OniPlatformLinux-x86.h
[1.625s] -- Up-to-date symlink: /home/tee/ros2_fyp/install/astra_camera/include/openni2/MacOSX/OniPlatformMacOSX.h
[1.629s] -- Up-to-date symlink: /home/tee/ros2_fyp/install/astra_camera/include/openni2/OniCAPI.h
[1.633s] -- Up-to-date symlink: /home/tee/ros2_fyp/install/astra_camera/include/openni2/OniCEnums.h
[1.637s] -- Up-to-date symlink: /home/tee/ros2_fyp/install/astra_camera/include/openni2/OniCProperties.h
[1.640s] -- Up-to-date symlink: /home/tee/ros2_fyp/install/astra_camera/include/openni2/OniCTypes.h
[1.643s] -- Up-to-date symlink: /home/tee/ros2_fyp/install/astra_camera/include/openni2/OniEnums.h
[1.646s] -- Up-to-date symlink: /home/tee/ros2_fyp/install/astra_camera/include/openni2/OniPlatform.h
[1.650s] -- Up-to-date symlink: /home/tee/ros2_fyp/install/astra_camera/include/openni2/OniProperties.h
[1.653s] -- Up-to-date symlink: /home/tee/ros2_fyp/install/astra_camera/include/openni2/OniTest.h
[1.656s] -- Up-to-date symlink: /home/tee/ros2_fyp/install/astra_camera/include/openni2/OniVersion.h
[1.660s] -- Up-to-date symlink: /home/tee/ros2_fyp/install/astra_camera/include/openni2/OpenNI.h
[1.663s] -- Up-to-date symlink: /home/tee/ros2_fyp/install/astra_camera/include/openni2/PS1080.h
[1.666s] -- Up-to-date symlink: /home/tee/ros2_fyp/install/astra_camera/include/openni2/PSLink.h
[1.669s] -- Up-to-date symlink: /home/tee/ros2_fyp/install/astra_camera/include/openni2/PrimeSense.h
[1.672s] -- Up-to-date symlink: /home/tee/ros2_fyp/install/astra_camera/include/openni2/SonixCamera.h
[1.676s] -- Up-to-date symlink: /home/tee/ros2_fyp/install/astra_camera/include/openni2/Win32/OniPlatformWin32.h
[1.678s] -- Up-to-date symlink: /home/tee/ros2_fyp/install/astra_camera/include/openni2/openni2_redist/arm/NiViewer
[1.681s] -- Up-to-date symlink: /home/tee/ros2_fyp/install/astra_camera/include/openni2/openni2_redist/arm/OpenNI.ini
[1.683s] -- Up-to-date symlink: /home/tee/ros2_fyp/install/astra_camera/include/openni2/openni2_redist/arm/OpenNI2/Drivers/OniFile.ini
[1.686s] -- Up-to-date symlink: /home/tee/ros2_fyp/install/astra_camera/include/openni2/openni2_redist/arm/OpenNI2/Drivers/libOniFile.so
[1.689s] -- Up-to-date symlink: /home/tee/ros2_fyp/install/astra_camera/include/openni2/openni2_redist/arm/OpenNI2/Drivers/liborbbec.so
[1.692s] -- Up-to-date symlink: /home/tee/ros2_fyp/install/astra_camera/include/openni2/openni2_redist/arm/OpenNI2/Drivers/orbbec.ini
[1.696s] -- Up-to-date symlink: /home/tee/ros2_fyp/install/astra_camera/include/openni2/openni2_redist/arm/PS1080Console
[1.699s] -- Up-to-date symlink: /home/tee/ros2_fyp/install/astra_camera/include/openni2/openni2_redist/arm/SimpleRead
[1.702s] -- Up-to-date symlink: /home/tee/ros2_fyp/install/astra_camera/include/openni2/openni2_redist/arm/libDepthUtils.a
[1.705s] -- Up-to-date symlink: /home/tee/ros2_fyp/install/astra_camera/include/openni2/openni2_redist/arm/libOpenNI2.so
[1.709s] -- Up-to-date symlink: /home/tee/ros2_fyp/install/astra_camera/include/openni2/openni2_redist/arm64/NiViewer
[1.712s] -- Up-to-date symlink: /home/tee/ros2_fyp/install/astra_camera/include/openni2/openni2_redist/arm64/OpenNI.ini
[1.715s] -- Up-to-date symlink: /home/tee/ros2_fyp/install/astra_camera/include/openni2/openni2_redist/arm64/OpenNI2/Drivers/OniFile.ini
[1.719s] -- Up-to-date symlink: /home/tee/ros2_fyp/install/astra_camera/include/openni2/openni2_redist/arm64/OpenNI2/Drivers/libOniFile.so
[1.726s] -- Up-to-date symlink: /home/tee/ros2_fyp/install/astra_camera/include/openni2/openni2_redist/arm64/OpenNI2/Drivers/liborbbec.so
[1.730s] -- Up-to-date symlink: /home/tee/ros2_fyp/install/astra_camera/include/openni2/openni2_redist/arm64/OpenNI2/Drivers/orbbec.ini
[1.733s] -- Up-to-date symlink: /home/tee/ros2_fyp/install/astra_camera/include/openni2/openni2_redist/arm64/PS1080Console
[1.736s] -- Up-to-date symlink: /home/tee/ros2_fyp/install/astra_camera/include/openni2/openni2_redist/arm64/SimpleRead
[1.739s] -- Up-to-date symlink: /home/tee/ros2_fyp/install/astra_camera/include/openni2/openni2_redist/arm64/libDepthUtils.a
[1.743s] -- Up-to-date symlink: /home/tee/ros2_fyp/install/astra_camera/include/openni2/openni2_redist/arm64/libOpenNI2.so
[1.746s] -- Up-to-date symlink: /home/tee/ros2_fyp/install/astra_camera/include/openni2/openni2_redist/x64/OpenNI.ini
[1.748s] -- Up-to-date symlink: /home/tee/ros2_fyp/install/astra_camera/include/openni2/openni2_redist/x64/OpenNI2/Drivers/OniFile.ini
[1.751s] -- Up-to-date symlink: /home/tee/ros2_fyp/install/astra_camera/include/openni2/openni2_redist/x64/OpenNI2/Drivers/libOniFile.so
[1.753s] -- Up-to-date symlink: /home/tee/ros2_fyp/install/astra_camera/include/openni2/openni2_redist/x64/OpenNI2/Drivers/liborbbec.so
[1.755s] -- Up-to-date symlink: /home/tee/ros2_fyp/install/astra_camera/include/openni2/openni2_redist/x64/OpenNI2/Drivers/orbbec.ini
[1.758s] -- Up-to-date symlink: /home/tee/ros2_fyp/install/astra_camera/include/openni2/openni2_redist/x64/libOpenNI2.so
[1.761s] -- Up-to-date symlink: /home/tee/ros2_fyp/install/astra_camera/include/openni2/util.h
[1.763s] -- Up-to-date symlink: /home/tee/ros2_fyp/install/astra_camera/share/astra_camera//launch/.gitkeep
[1.765s] -- Up-to-date symlink: /home/tee/ros2_fyp/install/astra_camera/share/astra_camera//launch/astra_mini.launch.py
[1.767s] -- Up-to-date symlink: /home/tee/ros2_fyp/install/astra_camera/share/astra_camera//launch/dabai.launch.py
[1.769s] -- Up-to-date symlink: /home/tee/ros2_fyp/install/astra_camera/share/astra_camera//launch/dabai_dcw.launch.py
[1.772s] -- Up-to-date symlink: /home/tee/ros2_fyp/install/astra_camera/share/astra_camera//launch/dabai_dw.launch.py
[1.774s] -- Up-to-date symlink: /home/tee/ros2_fyp/install/astra_camera/share/astra_camera//launch/dabai_pro.launch.py
[1.777s] -- Up-to-date symlink: /home/tee/ros2_fyp/install/astra_camera/share/astra_camera//launch/multi_astra_mini.launch.py
[1.780s] -- Up-to-date symlink: /home/tee/ros2_fyp/install/astra_camera/share/astra_camera//launch/multi_dabai.launch.py
[1.782s] -- Up-to-date symlink: /home/tee/ros2_fyp/install/astra_camera/share/astra_camera//launch/multi_dabai_dcw.launch.py
[1.785s] -- Up-to-date symlink: /home/tee/ros2_fyp/install/astra_camera/share/astra_camera//launch/multi_dabai_dw.launch.py
[1.787s] -- Up-to-date symlink: /home/tee/ros2_fyp/install/astra_camera/share/astra_camera//launch/multi_dabai_pro.launch.py
[1.789s] -- Up-to-date symlink: /home/tee/ros2_fyp/install/astra_camera/share/astra_camera//config/.gitkeep
[1.792s] -- Up-to-date symlink: /home/tee/ros2_fyp/install/astra_camera/share/astra_camera//params/.gitkeep
[1.795s] -- Up-to-date symlink: /home/tee/ros2_fyp/install/astra_camera/share/astra_camera//params/astra_mini_params.yaml
[1.797s] -- Up-to-date symlink: /home/tee/ros2_fyp/install/astra_camera/share/astra_camera//params/camera_params_template.yaml
[1.799s] -- Up-to-date symlink: /home/tee/ros2_fyp/install/astra_camera/share/astra_camera//params/dabai_dcw_params.yaml
[1.802s] -- Up-to-date symlink: /home/tee/ros2_fyp/install/astra_camera/share/astra_camera//params/dabai_dw_params.yaml
[1.805s] -- Up-to-date symlink: /home/tee/ros2_fyp/install/astra_camera/share/astra_camera//params/dabai_params.yaml
[1.808s] -- Up-to-date symlink: /home/tee/ros2_fyp/install/astra_camera/share/astra_camera//params/dabai_pro_params.yaml
[1.813s] -- Up-to-date symlink: /home/tee/ros2_fyp/install/astra_camera/share/astra_camera//rviz/.gitkeep
[1.818s] -- Up-to-date symlink: /home/tee/ros2_fyp/install/astra_camera/share/astra_camera//rviz/multi_camera.rviz
[1.824s] -- Up-to-date symlink: /home/tee/ros2_fyp/install/astra_camera/share/astra_camera//rviz/pointcloud.rviz
[1.827s] -- Up-to-date symlink: /home/tee/ros2_fyp/install/astra_camera/share/astra_camera/environment/library_path.sh
[1.827s] -- Up-to-date symlink: /home/tee/ros2_fyp/install/astra_camera/share/astra_camera/environment/library_path.dsv
[1.828s] -- Up-to-date symlink: /home/tee/ros2_fyp/install/astra_camera/share/ament_index/resource_index/package_run_dependencies/astra_camera
[1.828s] -- Up-to-date symlink: /home/tee/ros2_fyp/install/astra_camera/share/ament_index/resource_index/parent_prefix_path/astra_camera
[1.829s] -- Up-to-date symlink: /home/tee/ros2_fyp/install/astra_camera/share/astra_camera/environment/ament_prefix_path.sh
[1.829s] -- Up-to-date symlink: /home/tee/ros2_fyp/install/astra_camera/share/astra_camera/environment/ament_prefix_path.dsv
[1.830s] -- Up-to-date symlink: /home/tee/ros2_fyp/install/astra_camera/share/astra_camera/environment/path.sh
[1.830s] -- Up-to-date symlink: /home/tee/ros2_fyp/install/astra_camera/share/astra_camera/environment/path.dsv
[1.831s] -- Up-to-date symlink: /home/tee/ros2_fyp/install/astra_camera/share/astra_camera/local_setup.bash
[1.831s] -- Up-to-date symlink: /home/tee/ros2_fyp/install/astra_camera/share/astra_camera/local_setup.sh
[1.832s] -- Up-to-date symlink: /home/tee/ros2_fyp/install/astra_camera/share/astra_camera/local_setup.zsh
[1.833s] -- Up-to-date symlink: /home/tee/ros2_fyp/install/astra_camera/share/astra_camera/local_setup.dsv
[1.833s] -- Symlinking: /home/tee/ros2_fyp/install/astra_camera/share/astra_camera/package.dsv
[1.834s] -- Up-to-date symlink: /home/tee/ros2_fyp/install/astra_camera/share/ament_index/resource_index/packages/astra_camera
[1.835s] -- Up-to-date symlink: /home/tee/ros2_fyp/install/astra_camera/share/ament_index/resource_index/rclcpp_components/astra_camera
[1.835s] -- Up-to-date symlink: /home/tee/ros2_fyp/install/astra_camera/share/astra_camera/cmake/ament_cmake_export_include_directories-extras.cmake
[1.836s] -- Up-to-date symlink: /home/tee/ros2_fyp/install/astra_camera/share/astra_camera/cmake/ament_cmake_export_libraries-extras.cmake
[1.837s] -- Up-to-date symlink: /home/tee/ros2_fyp/install/astra_camera/share/astra_camera/cmake/ament_cmake_export_dependencies-extras.cmake
[1.837s] -- Up-to-date symlink: /home/tee/ros2_fyp/install/astra_camera/share/astra_camera/cmake/astra_cameraConfig.cmake
[1.838s] -- Up-to-date symlink: /home/tee/ros2_fyp/install/astra_camera/share/astra_camera/cmake/astra_cameraConfig-version.cmake
[1.838s] -- Up-to-date symlink: /home/tee/ros2_fyp/install/astra_camera/share/astra_camera/package.xml
[1.845s] Invoked command in '/home/tee/ros2_fyp/build/astra_camera' returned '0': CMAKE_PREFIX_PATH=/home/tee/ros2_fyp/install/astra_camera_msgs:/home/tee/ros2_fyp/install/rplidar_ros:/home/tee/ros2_fyp/install/r2_description:/home/tee/ros2_fyp/install/r2_bringup:/home/tee/ros2_fyp/install/astra_camera:/home/tee/ros2_fyp/install/r2_wheel_odometry:/home/tee/ros2_fyp/install/r2_driver:/opt/ros/humble LD_LIBRARY_PATH=/home/tee/ros2_fyp/install/astra_camera_msgs/lib:/home/tee/ros2_fyp/install/astra_camera/lib:/opt/ros/humble/opt/rviz_ogre_vendor/lib:/opt/ros/humble/lib/aarch64-linux-gnu:/opt/ros/humble/lib /usr/bin/cmake --install /home/tee/ros2_fyp/build/astra_camera
