running egg_info
writing ../../build/r2_cloud_accumulator/r2_cloud_accumulator.egg-info/PKG-INFO
writing dependency_links to ../../build/r2_cloud_accumulator/r2_cloud_accumulator.egg-info/dependency_links.txt
writing entry points to ../../build/r2_cloud_accumulator/r2_cloud_accumulator.egg-info/entry_points.txt
writing requirements to ../../build/r2_cloud_accumulator/r2_cloud_accumulator.egg-info/requires.txt
writing top-level names to ../../build/r2_cloud_accumulator/r2_cloud_accumulator.egg-info/top_level.txt
reading manifest file '../../build/r2_cloud_accumulator/r2_cloud_accumulator.egg-info/SOURCES.txt'
writing manifest file '../../build/r2_cloud_accumulator/r2_cloud_accumulator.egg-info/SOURCES.txt'
running build
running build_py
running install
running install_lib
running install_data
copying launch/cloud_accumulator.launch.py -> /home/tee/ros2_fyp/install/r2_cloud_accumulator/share/r2_cloud_accumulator/launch
running install_egg_info
removing '/home/tee/ros2_fyp/install/r2_cloud_accumulator/lib/python3.10/site-packages/r2_cloud_accumulator-0.1.0-py3.10.egg-info' (and everything under it)
Copying ../../build/r2_cloud_accumulator/r2_cloud_accumulator.egg-info to /home/tee/ros2_fyp/install/r2_cloud_accumulator/lib/python3.10/site-packages/r2_cloud_accumulator-0.1.0-py3.10.egg-info
running install_scripts
Installing cloud_accumulator script to /home/tee/ros2_fyp/install/r2_cloud_accumulator/lib/r2_cloud_accumulator
writing list of installed files to '/home/tee/ros2_fyp/build/r2_cloud_accumulator/install.log'
