[0.507s] DEBUG:colcon:Command line arguments: ['/usr/bin/colcon', 'build', '--symlink-install']
[0.508s] DEBUG:colcon:Parsed command line arguments: Namespace(log_base=None, log_level=None, verb_name='build', build_base='build', install_base='install', merge_install=False, symlink_install=True, test_result_base=None, continue_on_error=False, executor='parallel', parallel_workers=4, event_handlers=None, ignore_user_meta=False, metas=['./colcon.meta'], base_paths=['.'], packages_ignore=None, packages_ignore_regex=None, paths=None, packages_up_to=None, packages_up_to_regex=None, packages_above=None, packages_above_and_dependencies=None, packages_above_depth=None, packages_select_by_dep=None, packages_skip_by_dep=None, packages_skip_up_to=None, packages_select_build_failed=False, packages_skip_build_finished=False, packages_select_test_failures=False, packages_skip_test_passed=False, packages_select=None, packages_skip=None, packages_select_regex=None, packages_skip_regex=None, packages_start=None, packages_end=None, allow_overriding=[], cmake_args=None, cmake_target=None, cmake_target_skip_unavailable=False, cmake_clean_cache=False, cmake_clean_first=False, cmake_force_configure=False, ament_cmake_args=None, catkin_cmake_args=None, catkin_skip_building_tests=False, mixin_files=None, mixin=None, verb_parser=<colcon_mixin.mixin.mixin_argument.MixinArgumentDecorator object at 0xffffb776bdf0>, verb_extension=<colcon_core.verb.build.BuildVerb object at 0xffffb794d780>, main=<bound method BuildVerb.main of <colcon_core.verb.build.BuildVerb object at 0xffffb794d780>>, mixin_verb=('build',))
[1.432s] Level 1:colcon.colcon_core.package_discovery:discover_packages(colcon_meta) check parameters
[1.432s] Level 1:colcon.colcon_core.package_discovery:discover_packages(recursive) check parameters
[1.433s] Level 1:colcon.colcon_core.package_discovery:discover_packages(ignore) check parameters
[1.433s] Level 1:colcon.colcon_core.package_discovery:discover_packages(path) check parameters
[1.433s] Level 1:colcon.colcon_core.package_discovery:discover_packages(colcon_meta) discover
[1.433s] Level 1:colcon.colcon_core.package_discovery:discover_packages(recursive) discover
[1.433s] INFO:colcon.colcon_core.package_discovery:Crawling recursively for packages in '/home/tee/ros2_fyp'
[1.434s] Level 1:colcon.colcon_core.package_identification:_identify(.) by extensions ['ignore', 'ignore_ament_install']
[1.434s] Level 1:colcon.colcon_core.package_identification:_identify(.) by extension 'ignore'
[1.434s] Level 1:colcon.colcon_core.package_identification:_identify(.) by extension 'ignore_ament_install'
[1.434s] Level 1:colcon.colcon_core.package_identification:_identify(.) by extensions ['colcon_pkg']
[1.435s] Level 1:colcon.colcon_core.package_identification:_identify(.) by extension 'colcon_pkg'
[1.435s] Level 1:colcon.colcon_core.package_identification:_identify(.) by extensions ['colcon_meta']
[1.435s] Level 1:colcon.colcon_core.package_identification:_identify(.) by extension 'colcon_meta'
[1.435s] Level 1:colcon.colcon_core.package_identification:_identify(.) by extensions ['ros']
[1.435s] Level 1:colcon.colcon_core.package_identification:_identify(.) by extension 'ros'
[1.479s] Level 1:colcon.colcon_core.package_identification:_identify(.) by extensions ['cmake', 'python']
[1.480s] Level 1:colcon.colcon_core.package_identification:_identify(.) by extension 'cmake'
[1.480s] Level 1:colcon.colcon_core.package_identification:_identify(.) by extension 'python'
[1.480s] Level 1:colcon.colcon_core.package_identification:_identify(.) by extensions ['python_setup_py']
[1.480s] Level 1:colcon.colcon_core.package_identification:_identify(.) by extension 'python_setup_py'
[1.481s] Level 1:colcon.colcon_core.package_identification:_identify(build) by extensions ['ignore', 'ignore_ament_install']
[1.487s] Level 1:colcon.colcon_core.package_identification:_identify(build) by extension 'ignore'
[1.487s] Level 1:colcon.colcon_core.package_identification:_identify(build) ignored
[1.488s] Level 1:colcon.colcon_core.package_identification:_identify(config) by extensions ['ignore', 'ignore_ament_install']
[1.488s] Level 1:colcon.colcon_core.package_identification:_identify(config) by extension 'ignore'
[1.489s] Level 1:colcon.colcon_core.package_identification:_identify(config) by extension 'ignore_ament_install'
[1.489s] Level 1:colcon.colcon_core.package_identification:_identify(config) by extensions ['colcon_pkg']
[1.489s] Level 1:colcon.colcon_core.package_identification:_identify(config) by extension 'colcon_pkg'
[1.489s] Level 1:colcon.colcon_core.package_identification:_identify(config) by extensions ['colcon_meta']
[1.489s] Level 1:colcon.colcon_core.package_identification:_identify(config) by extension 'colcon_meta'
[1.489s] Level 1:colcon.colcon_core.package_identification:_identify(config) by extensions ['ros']
[1.490s] Level 1:colcon.colcon_core.package_identification:_identify(config) by extension 'ros'
[1.490s] Level 1:colcon.colcon_core.package_identification:_identify(config) by extensions ['cmake', 'python']
[1.490s] Level 1:colcon.colcon_core.package_identification:_identify(config) by extension 'cmake'
[1.490s] Level 1:colcon.colcon_core.package_identification:_identify(config) by extension 'python'
[1.490s] Level 1:colcon.colcon_core.package_identification:_identify(config) by extensions ['python_setup_py']
[1.491s] Level 1:colcon.colcon_core.package_identification:_identify(config) by extension 'python_setup_py'
[1.491s] Level 1:colcon.colcon_core.package_identification:_identify(install) by extensions ['ignore', 'ignore_ament_install']
[1.492s] Level 1:colcon.colcon_core.package_identification:_identify(install) by extension 'ignore'
[1.492s] Level 1:colcon.colcon_core.package_identification:_identify(install) ignored
[1.492s] Level 1:colcon.colcon_core.package_identification:_identify(log) by extensions ['ignore', 'ignore_ament_install']
[1.493s] Level 1:colcon.colcon_core.package_identification:_identify(log) by extension 'ignore'
[1.493s] Level 1:colcon.colcon_core.package_identification:_identify(log) ignored
[1.493s] Level 1:colcon.colcon_core.package_identification:_identify(src) by extensions ['ignore', 'ignore_ament_install']
[1.494s] Level 1:colcon.colcon_core.package_identification:_identify(src) by extension 'ignore'
[1.494s] Level 1:colcon.colcon_core.package_identification:_identify(src) by extension 'ignore_ament_install'
[1.494s] Level 1:colcon.colcon_core.package_identification:_identify(src) by extensions ['colcon_pkg']
[1.494s] Level 1:colcon.colcon_core.package_identification:_identify(src) by extension 'colcon_pkg'
[1.494s] Level 1:colcon.colcon_core.package_identification:_identify(src) by extensions ['colcon_meta']
[1.495s] Level 1:colcon.colcon_core.package_identification:_identify(src) by extension 'colcon_meta'
[1.495s] Level 1:colcon.colcon_core.package_identification:_identify(src) by extensions ['ros']
[1.495s] Level 1:colcon.colcon_core.package_identification:_identify(src) by extension 'ros'
[1.495s] Level 1:colcon.colcon_core.package_identification:_identify(src) by extensions ['cmake', 'python']
[1.495s] Level 1:colcon.colcon_core.package_identification:_identify(src) by extension 'cmake'
[1.496s] Level 1:colcon.colcon_core.package_identification:_identify(src) by extension 'python'
[1.496s] Level 1:colcon.colcon_core.package_identification:_identify(src) by extensions ['python_setup_py']
[1.496s] Level 1:colcon.colcon_core.package_identification:_identify(src) by extension 'python_setup_py'
[1.496s] Level 1:colcon.colcon_core.package_identification:_identify(src/r2_bringup) by extensions ['ignore', 'ignore_ament_install']
[1.497s] Level 1:colcon.colcon_core.package_identification:_identify(src/r2_bringup) by extension 'ignore'
[1.497s] Level 1:colcon.colcon_core.package_identification:_identify(src/r2_bringup) by extension 'ignore_ament_install'
[1.497s] Level 1:colcon.colcon_core.package_identification:_identify(src/r2_bringup) by extensions ['colcon_pkg']
[1.497s] Level 1:colcon.colcon_core.package_identification:_identify(src/r2_bringup) by extension 'colcon_pkg'
[1.497s] Level 1:colcon.colcon_core.package_identification:_identify(src/r2_bringup) by extensions ['colcon_meta']
[1.498s] Level 1:colcon.colcon_core.package_identification:_identify(src/r2_bringup) by extension 'colcon_meta'
[1.498s] Level 1:colcon.colcon_core.package_identification:_identify(src/r2_bringup) by extensions ['ros']
[1.498s] Level 1:colcon.colcon_core.package_identification:_identify(src/r2_bringup) by extension 'ros'
[1.507s] DEBUG:colcon.colcon_core.package_identification:Package 'src/r2_bringup' with type 'ros.ament_cmake' and name 'r2_bringup'
[1.507s] Level 1:colcon.colcon_core.package_identification:_identify(src/r2_description) by extensions ['ignore', 'ignore_ament_install']
[1.508s] Level 1:colcon.colcon_core.package_identification:_identify(src/r2_description) by extension 'ignore'
[1.508s] Level 1:colcon.colcon_core.package_identification:_identify(src/r2_description) by extension 'ignore_ament_install'
[1.508s] Level 1:colcon.colcon_core.package_identification:_identify(src/r2_description) by extensions ['colcon_pkg']
[1.509s] Level 1:colcon.colcon_core.package_identification:_identify(src/r2_description) by extension 'colcon_pkg'
[1.509s] Level 1:colcon.colcon_core.package_identification:_identify(src/r2_description) by extensions ['colcon_meta']
[1.509s] Level 1:colcon.colcon_core.package_identification:_identify(src/r2_description) by extension 'colcon_meta'
[1.509s] Level 1:colcon.colcon_core.package_identification:_identify(src/r2_description) by extensions ['ros']
[1.509s] Level 1:colcon.colcon_core.package_identification:_identify(src/r2_description) by extension 'ros'
[1.511s] DEBUG:colcon.colcon_core.package_identification:Package 'src/r2_description' with type 'ros.ament_cmake' and name 'r2_description'
[1.512s] Level 1:colcon.colcon_core.package_identification:_identify(src/r2_driver) by extensions ['ignore', 'ignore_ament_install']
[1.512s] Level 1:colcon.colcon_core.package_identification:_identify(src/r2_driver) by extension 'ignore'
[1.513s] Level 1:colcon.colcon_core.package_identification:_identify(src/r2_driver) by extension 'ignore_ament_install'
[1.513s] Level 1:colcon.colcon_core.package_identification:_identify(src/r2_driver) by extensions ['colcon_pkg']
[1.513s] Level 1:colcon.colcon_core.package_identification:_identify(src/r2_driver) by extension 'colcon_pkg'
[1.513s] Level 1:colcon.colcon_core.package_identification:_identify(src/r2_driver) by extensions ['colcon_meta']
[1.513s] Level 1:colcon.colcon_core.package_identification:_identify(src/r2_driver) by extension 'colcon_meta'
[1.514s] Level 1:colcon.colcon_core.package_identification:_identify(src/r2_driver) by extensions ['ros']
[1.514s] Level 1:colcon.colcon_core.package_identification:_identify(src/r2_driver) by extension 'ros'
[1.516s] DEBUG:colcon.colcon_core.package_identification:Package 'src/r2_driver' with type 'ros.ament_python' and name 'r2_driver'
[1.517s] Level 1:colcon.colcon_core.package_identification:_identify(src/r2_wheel_odometry) by extensions ['ignore', 'ignore_ament_install']
[1.517s] Level 1:colcon.colcon_core.package_identification:_identify(src/r2_wheel_odometry) by extension 'ignore'
[1.518s] Level 1:colcon.colcon_core.package_identification:_identify(src/r2_wheel_odometry) by extension 'ignore_ament_install'
[1.518s] Level 1:colcon.colcon_core.package_identification:_identify(src/r2_wheel_odometry) by extensions ['colcon_pkg']
[1.518s] Level 1:colcon.colcon_core.package_identification:_identify(src/r2_wheel_odometry) by extension 'colcon_pkg'
[1.518s] Level 1:colcon.colcon_core.package_identification:_identify(src/r2_wheel_odometry) by extensions ['colcon_meta']
[1.518s] Level 1:colcon.colcon_core.package_identification:_identify(src/r2_wheel_odometry) by extension 'colcon_meta'
[1.519s] Level 1:colcon.colcon_core.package_identification:_identify(src/r2_wheel_odometry) by extensions ['ros']
[1.519s] Level 1:colcon.colcon_core.package_identification:_identify(src/r2_wheel_odometry) by extension 'ros'
[1.557s] DEBUG:colcon.colcon_core.package_identification:Package 'src/r2_wheel_odometry' with type 'ros.ament_python' and name 'r2_wheel_odometry'
[1.558s] Level 1:colcon.colcon_core.package_identification:_identify(src/ros2_astra_camera) by extensions ['ignore', 'ignore_ament_install']
[1.558s] Level 1:colcon.colcon_core.package_identification:_identify(src/ros2_astra_camera) by extension 'ignore'
[1.558s] Level 1:colcon.colcon_core.package_identification:_identify(src/ros2_astra_camera) by extension 'ignore_ament_install'
[1.559s] Level 1:colcon.colcon_core.package_identification:_identify(src/ros2_astra_camera) by extensions ['colcon_pkg']
[1.559s] Level 1:colcon.colcon_core.package_identification:_identify(src/ros2_astra_camera) by extension 'colcon_pkg'
[1.559s] Level 1:colcon.colcon_core.package_identification:_identify(src/ros2_astra_camera) by extensions ['colcon_meta']
[1.559s] Level 1:colcon.colcon_core.package_identification:_identify(src/ros2_astra_camera) by extension 'colcon_meta'
[1.559s] Level 1:colcon.colcon_core.package_identification:_identify(src/ros2_astra_camera) by extensions ['ros']
[1.559s] Level 1:colcon.colcon_core.package_identification:_identify(src/ros2_astra_camera) by extension 'ros'
[1.560s] Level 1:colcon.colcon_core.package_identification:_identify(src/ros2_astra_camera) by extensions ['cmake', 'python']
[1.560s] Level 1:colcon.colcon_core.package_identification:_identify(src/ros2_astra_camera) by extension 'cmake'
[1.560s] Level 1:colcon.colcon_core.package_identification:_identify(src/ros2_astra_camera) by extension 'python'
[1.561s] Level 1:colcon.colcon_core.package_identification:_identify(src/ros2_astra_camera) by extensions ['python_setup_py']
[1.561s] Level 1:colcon.colcon_core.package_identification:_identify(src/ros2_astra_camera) by extension 'python_setup_py'
[1.562s] Level 1:colcon.colcon_core.package_identification:_identify(src/ros2_astra_camera/astra_camera) by extensions ['ignore', 'ignore_ament_install']
[1.562s] Level 1:colcon.colcon_core.package_identification:_identify(src/ros2_astra_camera/astra_camera) by extension 'ignore'
[1.563s] Level 1:colcon.colcon_core.package_identification:_identify(src/ros2_astra_camera/astra_camera) by extension 'ignore_ament_install'
[1.563s] Level 1:colcon.colcon_core.package_identification:_identify(src/ros2_astra_camera/astra_camera) by extensions ['colcon_pkg']
[1.563s] Level 1:colcon.colcon_core.package_identification:_identify(src/ros2_astra_camera/astra_camera) by extension 'colcon_pkg'
[1.563s] Level 1:colcon.colcon_core.package_identification:_identify(src/ros2_astra_camera/astra_camera) by extensions ['colcon_meta']
[1.564s] Level 1:colcon.colcon_core.package_identification:_identify(src/ros2_astra_camera/astra_camera) by extension 'colcon_meta'
[1.564s] Level 1:colcon.colcon_core.package_identification:_identify(src/ros2_astra_camera/astra_camera) by extensions ['ros']
[1.564s] Level 1:colcon.colcon_core.package_identification:_identify(src/ros2_astra_camera/astra_camera) by extension 'ros'
[1.572s] DEBUG:colcon.colcon_core.package_identification:Package 'src/ros2_astra_camera/astra_camera' with type 'ros.ament_cmake' and name 'astra_camera'
[1.573s] Level 1:colcon.colcon_core.package_identification:_identify(src/ros2_astra_camera/astra_camera_msgs) by extensions ['ignore', 'ignore_ament_install']
[1.573s] Level 1:colcon.colcon_core.package_identification:_identify(src/ros2_astra_camera/astra_camera_msgs) by extension 'ignore'
[1.574s] Level 1:colcon.colcon_core.package_identification:_identify(src/ros2_astra_camera/astra_camera_msgs) by extension 'ignore_ament_install'
[1.574s] Level 1:colcon.colcon_core.package_identification:_identify(src/ros2_astra_camera/astra_camera_msgs) by extensions ['colcon_pkg']
[1.574s] Level 1:colcon.colcon_core.package_identification:_identify(src/ros2_astra_camera/astra_camera_msgs) by extension 'colcon_pkg'
[1.575s] Level 1:colcon.colcon_core.package_identification:_identify(src/ros2_astra_camera/astra_camera_msgs) by extensions ['colcon_meta']
[1.575s] Level 1:colcon.colcon_core.package_identification:_identify(src/ros2_astra_camera/astra_camera_msgs) by extension 'colcon_meta'
[1.575s] Level 1:colcon.colcon_core.package_identification:_identify(src/ros2_astra_camera/astra_camera_msgs) by extensions ['ros']
[1.575s] Level 1:colcon.colcon_core.package_identification:_identify(src/ros2_astra_camera/astra_camera_msgs) by extension 'ros'
[1.578s] DEBUG:colcon.colcon_core.package_identification:Package 'src/ros2_astra_camera/astra_camera_msgs' with type 'ros.ament_cmake' and name 'astra_camera_msgs'
[1.579s] Level 1:colcon.colcon_core.package_identification:_identify(src/rplidar_ros) by extensions ['ignore', 'ignore_ament_install']
[1.579s] Level 1:colcon.colcon_core.package_identification:_identify(src/rplidar_ros) by extension 'ignore'
[1.579s] Level 1:colcon.colcon_core.package_identification:_identify(src/rplidar_ros) by extension 'ignore_ament_install'
[1.580s] Level 1:colcon.colcon_core.package_identification:_identify(src/rplidar_ros) by extensions ['colcon_pkg']
[1.580s] Level 1:colcon.colcon_core.package_identification:_identify(src/rplidar_ros) by extension 'colcon_pkg'
[1.580s] Level 1:colcon.colcon_core.package_identification:_identify(src/rplidar_ros) by extensions ['colcon_meta']
[1.580s] Level 1:colcon.colcon_core.package_identification:_identify(src/rplidar_ros) by extension 'colcon_meta'
[1.580s] Level 1:colcon.colcon_core.package_identification:_identify(src/rplidar_ros) by extensions ['ros']
[1.580s] Level 1:colcon.colcon_core.package_identification:_identify(src/rplidar_ros) by extension 'ros'
[1.583s] DEBUG:colcon.colcon_core.package_identification:Package 'src/rplidar_ros' with type 'ros.ament_cmake' and name 'rplidar_ros'
[1.583s] Level 1:colcon.colcon_core.package_discovery:discover_packages(recursive) using defaults
[1.584s] Level 1:colcon.colcon_core.package_discovery:discover_packages(ignore) discover
[1.584s] Level 1:colcon.colcon_core.package_discovery:discover_packages(ignore) using defaults
[1.584s] Level 1:colcon.colcon_core.package_discovery:discover_packages(path) discover
[1.584s] Level 1:colcon.colcon_core.package_discovery:discover_packages(path) using defaults
[1.666s] Level 1:colcon.colcon_core.package_discovery:discover_packages(prefix_path) check parameters
[1.667s] Level 1:colcon.colcon_core.package_discovery:discover_packages(prefix_path) discover
[1.678s] DEBUG:colcon.colcon_installed_package_information.package_discovery:Found 7 installed packages in /home/tee/ros2_fyp/install
[1.690s] DEBUG:colcon.colcon_installed_package_information.package_discovery:Found 369 installed packages in /opt/ros/humble
[1.701s] Level 1:colcon.colcon_core.package_discovery:discover_packages(prefix_path) using defaults
[1.919s] Level 5:colcon.colcon_core.verb:set package 'astra_camera_msgs' build argument 'cmake_args' from command line to 'None'
[1.919s] Level 5:colcon.colcon_core.verb:set package 'astra_camera_msgs' build argument 'cmake_target' from command line to 'None'
[1.919s] Level 5:colcon.colcon_core.verb:set package 'astra_camera_msgs' build argument 'cmake_target_skip_unavailable' from command line to 'False'
[1.919s] Level 5:colcon.colcon_core.verb:set package 'astra_camera_msgs' build argument 'cmake_clean_cache' from command line to 'False'
[1.920s] Level 5:colcon.colcon_core.verb:set package 'astra_camera_msgs' build argument 'cmake_clean_first' from command line to 'False'
[1.920s] Level 5:colcon.colcon_core.verb:set package 'astra_camera_msgs' build argument 'cmake_force_configure' from command line to 'False'
[1.920s] Level 5:colcon.colcon_core.verb:set package 'astra_camera_msgs' build argument 'ament_cmake_args' from command line to 'None'
[1.920s] Level 5:colcon.colcon_core.verb:set package 'astra_camera_msgs' build argument 'catkin_cmake_args' from command line to 'None'
[1.920s] Level 5:colcon.colcon_core.verb:set package 'astra_camera_msgs' build argument 'catkin_skip_building_tests' from command line to 'False'
[1.920s] DEBUG:colcon.colcon_core.verb:Building package 'astra_camera_msgs' with the following arguments: {'ament_cmake_args': None, 'build_base': '/home/tee/ros2_fyp/build/astra_camera_msgs', 'catkin_cmake_args': None, 'catkin_skip_building_tests': False, 'cmake_args': None, 'cmake_clean_cache': False, 'cmake_clean_first': False, 'cmake_force_configure': False, 'cmake_target': None, 'cmake_target_skip_unavailable': False, 'install_base': '/home/tee/ros2_fyp/install/astra_camera_msgs', 'merge_install': False, 'path': '/home/tee/ros2_fyp/src/ros2_astra_camera/astra_camera_msgs', 'symlink_install': True, 'test_result_base': None}
[1.922s] Level 5:colcon.colcon_core.verb:set package 'r2_bringup' build argument 'cmake_args' from command line to 'None'
[1.922s] Level 5:colcon.colcon_core.verb:set package 'r2_bringup' build argument 'cmake_target' from command line to 'None'
[1.922s] Level 5:colcon.colcon_core.verb:set package 'r2_bringup' build argument 'cmake_target_skip_unavailable' from command line to 'False'
[1.922s] Level 5:colcon.colcon_core.verb:set package 'r2_bringup' build argument 'cmake_clean_cache' from command line to 'False'
[1.922s] Level 5:colcon.colcon_core.verb:set package 'r2_bringup' build argument 'cmake_clean_first' from command line to 'False'
[1.922s] Level 5:colcon.colcon_core.verb:set package 'r2_bringup' build argument 'cmake_force_configure' from command line to 'False'
[1.922s] Level 5:colcon.colcon_core.verb:set package 'r2_bringup' build argument 'ament_cmake_args' from command line to 'None'
[1.923s] Level 5:colcon.colcon_core.verb:set package 'r2_bringup' build argument 'catkin_cmake_args' from command line to 'None'
[1.923s] Level 5:colcon.colcon_core.verb:set package 'r2_bringup' build argument 'catkin_skip_building_tests' from command line to 'False'
[1.923s] DEBUG:colcon.colcon_core.verb:Building package 'r2_bringup' with the following arguments: {'ament_cmake_args': None, 'build_base': '/home/tee/ros2_fyp/build/r2_bringup', 'catkin_cmake_args': None, 'catkin_skip_building_tests': False, 'cmake_args': None, 'cmake_clean_cache': False, 'cmake_clean_first': False, 'cmake_force_configure': False, 'cmake_target': None, 'cmake_target_skip_unavailable': False, 'install_base': '/home/tee/ros2_fyp/install/r2_bringup', 'merge_install': False, 'path': '/home/tee/ros2_fyp/src/r2_bringup', 'symlink_install': True, 'test_result_base': None}
[1.924s] Level 5:colcon.colcon_core.verb:set package 'r2_description' build argument 'cmake_args' from command line to 'None'
[1.925s] Level 5:colcon.colcon_core.verb:set package 'r2_description' build argument 'cmake_target' from command line to 'None'
[1.925s] Level 5:colcon.colcon_core.verb:set package 'r2_description' build argument 'cmake_target_skip_unavailable' from command line to 'False'
[1.925s] Level 5:colcon.colcon_core.verb:set package 'r2_description' build argument 'cmake_clean_cache' from command line to 'False'
[1.925s] Level 5:colcon.colcon_core.verb:set package 'r2_description' build argument 'cmake_clean_first' from command line to 'False'
[1.925s] Level 5:colcon.colcon_core.verb:set package 'r2_description' build argument 'cmake_force_configure' from command line to 'False'
[1.925s] Level 5:colcon.colcon_core.verb:set package 'r2_description' build argument 'ament_cmake_args' from command line to 'None'
[1.925s] Level 5:colcon.colcon_core.verb:set package 'r2_description' build argument 'catkin_cmake_args' from command line to 'None'
[1.925s] Level 5:colcon.colcon_core.verb:set package 'r2_description' build argument 'catkin_skip_building_tests' from command line to 'False'
[1.925s] DEBUG:colcon.colcon_core.verb:Building package 'r2_description' with the following arguments: {'ament_cmake_args': None, 'build_base': '/home/tee/ros2_fyp/build/r2_description', 'catkin_cmake_args': None, 'catkin_skip_building_tests': False, 'cmake_args': None, 'cmake_clean_cache': False, 'cmake_clean_first': False, 'cmake_force_configure': False, 'cmake_target': None, 'cmake_target_skip_unavailable': False, 'install_base': '/home/tee/ros2_fyp/install/r2_description', 'merge_install': False, 'path': '/home/tee/ros2_fyp/src/r2_description', 'symlink_install': True, 'test_result_base': None}
[1.927s] Level 5:colcon.colcon_core.verb:set package 'r2_driver' build argument 'cmake_args' from command line to 'None'
[1.927s] Level 5:colcon.colcon_core.verb:set package 'r2_driver' build argument 'cmake_target' from command line to 'None'
[1.927s] Level 5:colcon.colcon_core.verb:set package 'r2_driver' build argument 'cmake_target_skip_unavailable' from command line to 'False'
[1.927s] Level 5:colcon.colcon_core.verb:set package 'r2_driver' build argument 'cmake_clean_cache' from command line to 'False'
[1.927s] Level 5:colcon.colcon_core.verb:set package 'r2_driver' build argument 'cmake_clean_first' from command line to 'False'
[1.928s] Level 5:colcon.colcon_core.verb:set package 'r2_driver' build argument 'cmake_force_configure' from command line to 'False'
[1.928s] Level 5:colcon.colcon_core.verb:set package 'r2_driver' build argument 'ament_cmake_args' from command line to 'None'
[1.928s] Level 5:colcon.colcon_core.verb:set package 'r2_driver' build argument 'catkin_cmake_args' from command line to 'None'
[1.928s] Level 5:colcon.colcon_core.verb:set package 'r2_driver' build argument 'catkin_skip_building_tests' from command line to 'False'
[1.928s] DEBUG:colcon.colcon_core.verb:Building package 'r2_driver' with the following arguments: {'ament_cmake_args': None, 'build_base': '/home/tee/ros2_fyp/build/r2_driver', 'catkin_cmake_args': None, 'catkin_skip_building_tests': False, 'cmake_args': None, 'cmake_clean_cache': False, 'cmake_clean_first': False, 'cmake_force_configure': False, 'cmake_target': None, 'cmake_target_skip_unavailable': False, 'install_base': '/home/tee/ros2_fyp/install/r2_driver', 'merge_install': False, 'path': '/home/tee/ros2_fyp/src/r2_driver', 'symlink_install': True, 'test_result_base': None}
[1.929s] Level 5:colcon.colcon_core.verb:set package 'r2_wheel_odometry' build argument 'cmake_args' from command line to 'None'
[1.930s] Level 5:colcon.colcon_core.verb:set package 'r2_wheel_odometry' build argument 'cmake_target' from command line to 'None'
[1.930s] Level 5:colcon.colcon_core.verb:set package 'r2_wheel_odometry' build argument 'cmake_target_skip_unavailable' from command line to 'False'
[1.930s] Level 5:colcon.colcon_core.verb:set package 'r2_wheel_odometry' build argument 'cmake_clean_cache' from command line to 'False'
[1.930s] Level 5:colcon.colcon_core.verb:set package 'r2_wheel_odometry' build argument 'cmake_clean_first' from command line to 'False'
[1.930s] Level 5:colcon.colcon_core.verb:set package 'r2_wheel_odometry' build argument 'cmake_force_configure' from command line to 'False'
[1.930s] Level 5:colcon.colcon_core.verb:set package 'r2_wheel_odometry' build argument 'ament_cmake_args' from command line to 'None'
[1.930s] Level 5:colcon.colcon_core.verb:set package 'r2_wheel_odometry' build argument 'catkin_cmake_args' from command line to 'None'
[1.930s] Level 5:colcon.colcon_core.verb:set package 'r2_wheel_odometry' build argument 'catkin_skip_building_tests' from command line to 'False'
[1.931s] DEBUG:colcon.colcon_core.verb:Building package 'r2_wheel_odometry' with the following arguments: {'ament_cmake_args': None, 'build_base': '/home/tee/ros2_fyp/build/r2_wheel_odometry', 'catkin_cmake_args': None, 'catkin_skip_building_tests': False, 'cmake_args': None, 'cmake_clean_cache': False, 'cmake_clean_first': False, 'cmake_force_configure': False, 'cmake_target': None, 'cmake_target_skip_unavailable': False, 'install_base': '/home/tee/ros2_fyp/install/r2_wheel_odometry', 'merge_install': False, 'path': '/home/tee/ros2_fyp/src/r2_wheel_odometry', 'symlink_install': True, 'test_result_base': None}
[1.932s] Level 5:colcon.colcon_core.verb:set package 'rplidar_ros' build argument 'cmake_args' from command line to 'None'
[1.932s] Level 5:colcon.colcon_core.verb:set package 'rplidar_ros' build argument 'cmake_target' from command line to 'None'
[1.932s] Level 5:colcon.colcon_core.verb:set package 'rplidar_ros' build argument 'cmake_target_skip_unavailable' from command line to 'False'
[1.932s] Level 5:colcon.colcon_core.verb:set package 'rplidar_ros' build argument 'cmake_clean_cache' from command line to 'False'
[1.933s] Level 5:colcon.colcon_core.verb:set package 'rplidar_ros' build argument 'cmake_clean_first' from command line to 'False'
[1.933s] Level 5:colcon.colcon_core.verb:set package 'rplidar_ros' build argument 'cmake_force_configure' from command line to 'False'
[1.933s] Level 5:colcon.colcon_core.verb:set package 'rplidar_ros' build argument 'ament_cmake_args' from command line to 'None'
[1.933s] Level 5:colcon.colcon_core.verb:set package 'rplidar_ros' build argument 'catkin_cmake_args' from command line to 'None'
[1.933s] Level 5:colcon.colcon_core.verb:set package 'rplidar_ros' build argument 'catkin_skip_building_tests' from command line to 'False'
[1.933s] DEBUG:colcon.colcon_core.verb:Building package 'rplidar_ros' with the following arguments: {'ament_cmake_args': None, 'build_base': '/home/tee/ros2_fyp/build/rplidar_ros', 'catkin_cmake_args': None, 'catkin_skip_building_tests': False, 'cmake_args': None, 'cmake_clean_cache': False, 'cmake_clean_first': False, 'cmake_force_configure': False, 'cmake_target': None, 'cmake_target_skip_unavailable': False, 'install_base': '/home/tee/ros2_fyp/install/rplidar_ros', 'merge_install': False, 'path': '/home/tee/ros2_fyp/src/rplidar_ros', 'symlink_install': True, 'test_result_base': None}
[1.935s] Level 5:colcon.colcon_core.verb:set package 'astra_camera' build argument 'cmake_args' from command line to 'None'
[1.935s] Level 5:colcon.colcon_core.verb:set package 'astra_camera' build argument 'cmake_target' from command line to 'None'
[1.935s] Level 5:colcon.colcon_core.verb:set package 'astra_camera' build argument 'cmake_target_skip_unavailable' from command line to 'False'
[1.935s] Level 5:colcon.colcon_core.verb:set package 'astra_camera' build argument 'cmake_clean_cache' from command line to 'False'
[1.935s] Level 5:colcon.colcon_core.verb:set package 'astra_camera' build argument 'cmake_clean_first' from command line to 'False'
[1.936s] Level 5:colcon.colcon_core.verb:set package 'astra_camera' build argument 'cmake_force_configure' from command line to 'False'
[1.936s] Level 5:colcon.colcon_core.verb:set package 'astra_camera' build argument 'ament_cmake_args' from command line to 'None'
[1.936s] Level 5:colcon.colcon_core.verb:set package 'astra_camera' build argument 'catkin_cmake_args' from command line to 'None'
[1.936s] Level 5:colcon.colcon_core.verb:set package 'astra_camera' build argument 'catkin_skip_building_tests' from command line to 'False'
[1.936s] DEBUG:colcon.colcon_core.verb:Building package 'astra_camera' with the following arguments: {'ament_cmake_args': None, 'build_base': '/home/tee/ros2_fyp/build/astra_camera', 'catkin_cmake_args': None, 'catkin_skip_building_tests': False, 'cmake_args': None, 'cmake_clean_cache': False, 'cmake_clean_first': False, 'cmake_force_configure': False, 'cmake_target': None, 'cmake_target_skip_unavailable': False, 'install_base': '/home/tee/ros2_fyp/install/astra_camera', 'merge_install': False, 'path': '/home/tee/ros2_fyp/src/ros2_astra_camera/astra_camera', 'symlink_install': True, 'test_result_base': None}
[1.937s] INFO:colcon.colcon_core.executor:Executing jobs using 'parallel' executor
[1.941s] DEBUG:colcon.colcon_parallel_executor.executor.parallel:run_until_complete
[1.942s] INFO:colcon.colcon_ros.task.ament_cmake.build:Building ROS package in '/home/tee/ros2_fyp/src/ros2_astra_camera/astra_camera_msgs' with build type 'ament_cmake'
[1.943s] INFO:colcon.colcon_cmake.task.cmake.build:Building CMake package in '/home/tee/ros2_fyp/src/ros2_astra_camera/astra_camera_msgs'
[1.953s] INFO:colcon.colcon_core.plugin_system:Skipping extension 'colcon_core.shell.bat': Not used on non-Windows systems
[1.955s] INFO:colcon.colcon_core.shell:Skip shell extension 'powershell' for command environment: Not usable outside of PowerShell
[1.955s] DEBUG:colcon.colcon_core.shell:Skip shell extension 'dsv' for command environment
[1.980s] INFO:colcon.colcon_ros.task.ament_cmake.build:Building ROS package in '/home/tee/ros2_fyp/src/r2_bringup' with build type 'ament_cmake'
[1.981s] INFO:colcon.colcon_cmake.task.cmake.build:Building CMake package in '/home/tee/ros2_fyp/src/r2_bringup'
[1.982s] INFO:colcon.colcon_core.shell:Skip shell extension 'powershell' for command environment: Not usable outside of PowerShell
[1.982s] DEBUG:colcon.colcon_core.shell:Skip shell extension 'dsv' for command environment
[2.008s] INFO:colcon.colcon_ros.task.ament_cmake.build:Building ROS package in '/home/tee/ros2_fyp/src/r2_description' with build type 'ament_cmake'
[2.009s] INFO:colcon.colcon_cmake.task.cmake.build:Building CMake package in '/home/tee/ros2_fyp/src/r2_description'
[2.010s] INFO:colcon.colcon_core.shell:Skip shell extension 'powershell' for command environment: Not usable outside of PowerShell
[2.010s] DEBUG:colcon.colcon_core.shell:Skip shell extension 'dsv' for command environment
[2.036s] INFO:colcon.colcon_ros.task.ament_python.build:Building ROS package in '/home/tee/ros2_fyp/src/r2_driver' with build type 'ament_python'
[2.037s] Level 1:colcon.colcon_core.shell:create_environment_hook('r2_driver', 'ament_prefix_path')
[2.038s] INFO:colcon.colcon_core.shell:Creating environment hook '/home/tee/ros2_fyp/install/r2_driver/share/r2_driver/hook/ament_prefix_path.ps1'
[2.042s] INFO:colcon.colcon_core.shell:Creating environment descriptor '/home/tee/ros2_fyp/install/r2_driver/share/r2_driver/hook/ament_prefix_path.dsv'
[2.045s] INFO:colcon.colcon_core.shell:Creating environment hook '/home/tee/ros2_fyp/install/r2_driver/share/r2_driver/hook/ament_prefix_path.sh'
[2.050s] INFO:colcon.colcon_core.shell:Skip shell extension 'powershell' for command environment: Not usable outside of PowerShell
[2.050s] DEBUG:colcon.colcon_core.shell:Skip shell extension 'dsv' for command environment
[2.094s] DEBUG:colcon.colcon_core.event_handler.log_command:Invoking command in '/home/tee/ros2_fyp/build/astra_camera_msgs': CMAKE_PREFIX_PATH=${CMAKE_PREFIX_PATH}:/home/tee/ros2_fyp/install/r2_wheel_odometry:/home/tee/ros2_fyp/install/r2_driver:/opt/ros/humble /usr/bin/cmake --build /home/tee/ros2_fyp/build/astra_camera_msgs -- -j4 -l4
[2.122s] DEBUG:colcon.colcon_core.event_handler.log_command:Invoking command in '/home/tee/ros2_fyp/build/r2_bringup': CMAKE_PREFIX_PATH=${CMAKE_PREFIX_PATH}:/home/tee/ros2_fyp/install/r2_wheel_odometry:/home/tee/ros2_fyp/install/r2_driver:/opt/ros/humble /usr/bin/cmake --build /home/tee/ros2_fyp/build/r2_bringup -- -j4 -l4
[2.141s] DEBUG:colcon.colcon_core.event_handler.log_command:Invoking command in '/home/tee/ros2_fyp/build/r2_description': CMAKE_PREFIX_PATH=${CMAKE_PREFIX_PATH}:/home/tee/ros2_fyp/install/r2_wheel_odometry:/home/tee/ros2_fyp/install/r2_driver:/opt/ros/humble /usr/bin/cmake --build /home/tee/ros2_fyp/build/r2_description -- -j4 -l4
[4.320s] INFO:colcon.colcon_core.task.python.build:Building Python package in '/home/tee/ros2_fyp/src/r2_driver'
[4.321s] INFO:colcon.colcon_core.shell:Skip shell extension 'powershell' for command environment: Not usable outside of PowerShell
[4.321s] DEBUG:colcon.colcon_core.shell:Skip shell extension 'dsv' for command environment
[4.359s] DEBUG:colcon.colcon_core.event_handler.log_command:Invoked command in '/home/tee/ros2_fyp/build/r2_description' returned '0': CMAKE_PREFIX_PATH=${CMAKE_PREFIX_PATH}:/home/tee/ros2_fyp/install/r2_wheel_odometry:/home/tee/ros2_fyp/install/r2_driver:/opt/ros/humble /usr/bin/cmake --build /home/tee/ros2_fyp/build/r2_description -- -j4 -l4
[4.404s] DEBUG:colcon.colcon_core.event_handler.log_command:Invoking command in '/home/tee/ros2_fyp/build/r2_description': CMAKE_PREFIX_PATH=${CMAKE_PREFIX_PATH}:/home/tee/ros2_fyp/install/r2_wheel_odometry:/home/tee/ros2_fyp/install/r2_driver:/opt/ros/humble /usr/bin/cmake --install /home/tee/ros2_fyp/build/r2_description
[4.411s] DEBUG:colcon.colcon_core.event_handler.log_command:Invoked command in '/home/tee/ros2_fyp/build/r2_bringup' returned '0': CMAKE_PREFIX_PATH=${CMAKE_PREFIX_PATH}:/home/tee/ros2_fyp/install/r2_wheel_odometry:/home/tee/ros2_fyp/install/r2_driver:/opt/ros/humble /usr/bin/cmake --build /home/tee/ros2_fyp/build/r2_bringup -- -j4 -l4
[4.421s] DEBUG:colcon.colcon_core.event_handler.log_command:Invoking command in '/home/tee/ros2_fyp/build/r2_bringup': CMAKE_PREFIX_PATH=${CMAKE_PREFIX_PATH}:/home/tee/ros2_fyp/install/r2_wheel_odometry:/home/tee/ros2_fyp/install/r2_driver:/opt/ros/humble /usr/bin/cmake --install /home/tee/ros2_fyp/build/r2_bringup
[4.536s] Level 1:colcon.colcon_core.environment:create_environment_scripts_only(r2_description)
[4.544s] DEBUG:colcon.colcon_core.event_handler.log_command:Invoked command in '/home/tee/ros2_fyp/build/r2_description' returned '0': CMAKE_PREFIX_PATH=${CMAKE_PREFIX_PATH}:/home/tee/ros2_fyp/install/r2_wheel_odometry:/home/tee/ros2_fyp/install/r2_driver:/opt/ros/humble /usr/bin/cmake --install /home/tee/ros2_fyp/build/r2_description
[4.555s] Level 1:colcon.colcon_core.environment:checking '/home/tee/ros2_fyp/install/r2_description' for CMake module files
[4.564s] Level 1:colcon.colcon_core.environment:checking '/home/tee/ros2_fyp/install/r2_description' for CMake config files
[4.567s] Level 1:colcon.colcon_core.shell:create_environment_hook('r2_description', 'cmake_prefix_path')
[4.568s] INFO:colcon.colcon_core.shell:Creating environment hook '/home/tee/ros2_fyp/install/r2_description/share/r2_description/hook/cmake_prefix_path.ps1'
[4.571s] INFO:colcon.colcon_core.shell:Creating environment descriptor '/home/tee/ros2_fyp/install/r2_description/share/r2_description/hook/cmake_prefix_path.dsv'
[4.574s] INFO:colcon.colcon_core.shell:Creating environment hook '/home/tee/ros2_fyp/install/r2_description/share/r2_description/hook/cmake_prefix_path.sh'
[4.579s] Level 1:colcon.colcon_core.environment:checking '/home/tee/ros2_fyp/install/r2_description/bin'
[4.580s] Level 1:colcon.colcon_core.environment:checking '/home/tee/ros2_fyp/install/r2_description/lib/pkgconfig/r2_description.pc'
[4.582s] Level 1:colcon.colcon_core.environment:checking '/home/tee/ros2_fyp/install/r2_description/lib/python3.10/site-packages'
[4.584s] Level 1:colcon.colcon_core.environment:checking '/home/tee/ros2_fyp/install/r2_description/bin'
[4.586s] INFO:colcon.colcon_core.shell:Creating package script '/home/tee/ros2_fyp/install/r2_description/share/r2_description/package.ps1'
[4.592s] INFO:colcon.colcon_core.shell:Creating package descriptor '/home/tee/ros2_fyp/install/r2_description/share/r2_description/package.dsv'
[4.598s] INFO:colcon.colcon_core.shell:Creating package script '/home/tee/ros2_fyp/install/r2_description/share/r2_description/package.sh'
[4.605s] INFO:colcon.colcon_core.shell:Creating package script '/home/tee/ros2_fyp/install/r2_description/share/r2_description/package.bash'
[4.609s] INFO:colcon.colcon_core.shell:Creating package script '/home/tee/ros2_fyp/install/r2_description/share/r2_description/package.zsh'
[4.616s] Level 1:colcon.colcon_core.environment:create_file_with_runtime_dependencies(/home/tee/ros2_fyp/install/r2_description/share/colcon-core/packages/r2_description)
[4.620s] Level 1:colcon.colcon_core.environment:create_environment_scripts_only(r2_description)
[4.622s] Level 1:colcon.colcon_core.environment:checking '/home/tee/ros2_fyp/install/r2_description' for CMake module files
[4.626s] Level 1:colcon.colcon_core.environment:checking '/home/tee/ros2_fyp/install/r2_description' for CMake config files
[4.629s] Level 1:colcon.colcon_core.shell:create_environment_hook('r2_description', 'cmake_prefix_path')
[4.631s] INFO:colcon.colcon_core.shell:Creating environment hook '/home/tee/ros2_fyp/install/r2_description/share/r2_description/hook/cmake_prefix_path.ps1'
[4.634s] INFO:colcon.colcon_core.shell:Creating environment descriptor '/home/tee/ros2_fyp/install/r2_description/share/r2_description/hook/cmake_prefix_path.dsv'
[4.637s] INFO:colcon.colcon_core.shell:Creating environment hook '/home/tee/ros2_fyp/install/r2_description/share/r2_description/hook/cmake_prefix_path.sh'
[4.642s] Level 1:colcon.colcon_core.environment:checking '/home/tee/ros2_fyp/install/r2_description/bin'
[4.643s] Level 1:colcon.colcon_core.environment:checking '/home/tee/ros2_fyp/install/r2_description/lib/pkgconfig/r2_description.pc'
[4.644s] Level 1:colcon.colcon_core.environment:checking '/home/tee/ros2_fyp/install/r2_description/lib/python3.10/site-packages'
[4.646s] Level 1:colcon.colcon_core.environment:checking '/home/tee/ros2_fyp/install/r2_description/bin'
[4.648s] INFO:colcon.colcon_core.shell:Creating package script '/home/tee/ros2_fyp/install/r2_description/share/r2_description/package.ps1'
[4.652s] INFO:colcon.colcon_core.shell:Creating package descriptor '/home/tee/ros2_fyp/install/r2_description/share/r2_description/package.dsv'
[4.656s] INFO:colcon.colcon_core.shell:Creating package script '/home/tee/ros2_fyp/install/r2_description/share/r2_description/package.sh'
[4.658s] INFO:colcon.colcon_core.shell:Creating package script '/home/tee/ros2_fyp/install/r2_description/share/r2_description/package.bash'
[4.661s] INFO:colcon.colcon_core.shell:Creating package script '/home/tee/ros2_fyp/install/r2_description/share/r2_description/package.zsh'
[4.664s] Level 1:colcon.colcon_core.environment:create_file_with_runtime_dependencies(/home/tee/ros2_fyp/install/r2_description/share/colcon-core/packages/r2_description)
[4.666s] INFO:colcon.colcon_ros.task.ament_python.build:Building ROS package in '/home/tee/ros2_fyp/src/r2_wheel_odometry' with build type 'ament_python'
[4.668s] Level 1:colcon.colcon_core.shell:create_environment_hook('r2_wheel_odometry', 'ament_prefix_path')
[4.670s] INFO:colcon.colcon_core.shell:Creating environment hook '/home/tee/ros2_fyp/install/r2_wheel_odometry/share/r2_wheel_odometry/hook/ament_prefix_path.ps1'
[4.676s] INFO:colcon.colcon_core.shell:Creating environment descriptor '/home/tee/ros2_fyp/install/r2_wheel_odometry/share/r2_wheel_odometry/hook/ament_prefix_path.dsv'
[4.683s] INFO:colcon.colcon_core.shell:Creating environment hook '/home/tee/ros2_fyp/install/r2_wheel_odometry/share/r2_wheel_odometry/hook/ament_prefix_path.sh'
[4.688s] INFO:colcon.colcon_core.shell:Skip shell extension 'powershell' for command environment: Not usable outside of PowerShell
[4.689s] DEBUG:colcon.colcon_core.shell:Skip shell extension 'dsv' for command environment
[4.719s] Level 1:colcon.colcon_core.environment:create_environment_scripts_only(r2_bringup)
[4.725s] Level 1:colcon.colcon_core.environment:checking '/home/tee/ros2_fyp/install/r2_bringup' for CMake module files
[4.723s] DEBUG:colcon.colcon_core.event_handler.log_command:Invoked command in '/home/tee/ros2_fyp/build/r2_bringup' returned '0': CMAKE_PREFIX_PATH=${CMAKE_PREFIX_PATH}:/home/tee/ros2_fyp/install/r2_wheel_odometry:/home/tee/ros2_fyp/install/r2_driver:/opt/ros/humble /usr/bin/cmake --install /home/tee/ros2_fyp/build/r2_bringup
[4.729s] Level 1:colcon.colcon_core.environment:checking '/home/tee/ros2_fyp/install/r2_bringup' for CMake config files
[4.732s] Level 1:colcon.colcon_core.shell:create_environment_hook('r2_bringup', 'cmake_prefix_path')
[4.733s] INFO:colcon.colcon_core.shell:Creating environment hook '/home/tee/ros2_fyp/install/r2_bringup/share/r2_bringup/hook/cmake_prefix_path.ps1'
[4.735s] INFO:colcon.colcon_core.shell:Creating environment descriptor '/home/tee/ros2_fyp/install/r2_bringup/share/r2_bringup/hook/cmake_prefix_path.dsv'
[4.738s] INFO:colcon.colcon_core.shell:Creating environment hook '/home/tee/ros2_fyp/install/r2_bringup/share/r2_bringup/hook/cmake_prefix_path.sh'
[4.741s] Level 1:colcon.colcon_core.environment:checking '/home/tee/ros2_fyp/install/r2_bringup/bin'
[4.741s] Level 1:colcon.colcon_core.environment:checking '/home/tee/ros2_fyp/install/r2_bringup/lib/pkgconfig/r2_bringup.pc'
[4.742s] Level 1:colcon.colcon_core.environment:checking '/home/tee/ros2_fyp/install/r2_bringup/lib/python3.10/site-packages'
[4.744s] Level 1:colcon.colcon_core.environment:checking '/home/tee/ros2_fyp/install/r2_bringup/bin'
[4.746s] INFO:colcon.colcon_core.shell:Creating package script '/home/tee/ros2_fyp/install/r2_bringup/share/r2_bringup/package.ps1'
[4.749s] INFO:colcon.colcon_core.shell:Creating package descriptor '/home/tee/ros2_fyp/install/r2_bringup/share/r2_bringup/package.dsv'
[4.751s] INFO:colcon.colcon_core.shell:Creating package script '/home/tee/ros2_fyp/install/r2_bringup/share/r2_bringup/package.sh'
[4.754s] INFO:colcon.colcon_core.shell:Creating package script '/home/tee/ros2_fyp/install/r2_bringup/share/r2_bringup/package.bash'
[4.758s] INFO:colcon.colcon_core.shell:Creating package script '/home/tee/ros2_fyp/install/r2_bringup/share/r2_bringup/package.zsh'
[4.761s] Level 1:colcon.colcon_core.environment:create_file_with_runtime_dependencies(/home/tee/ros2_fyp/install/r2_bringup/share/colcon-core/packages/r2_bringup)
[4.764s] Level 1:colcon.colcon_core.environment:create_environment_scripts_only(r2_bringup)
[4.766s] Level 1:colcon.colcon_core.environment:checking '/home/tee/ros2_fyp/install/r2_bringup' for CMake module files
[4.769s] Level 1:colcon.colcon_core.environment:checking '/home/tee/ros2_fyp/install/r2_bringup' for CMake config files
[4.772s] Level 1:colcon.colcon_core.shell:create_environment_hook('r2_bringup', 'cmake_prefix_path')
[4.773s] INFO:colcon.colcon_core.shell:Creating environment hook '/home/tee/ros2_fyp/install/r2_bringup/share/r2_bringup/hook/cmake_prefix_path.ps1'
[4.775s] INFO:colcon.colcon_core.shell:Creating environment descriptor '/home/tee/ros2_fyp/install/r2_bringup/share/r2_bringup/hook/cmake_prefix_path.dsv'
[4.778s] INFO:colcon.colcon_core.shell:Creating environment hook '/home/tee/ros2_fyp/install/r2_bringup/share/r2_bringup/hook/cmake_prefix_path.sh'
[4.783s] Level 1:colcon.colcon_core.environment:checking '/home/tee/ros2_fyp/install/r2_bringup/bin'
[4.784s] Level 1:colcon.colcon_core.environment:checking '/home/tee/ros2_fyp/install/r2_bringup/lib/pkgconfig/r2_bringup.pc'
[4.788s] Level 1:colcon.colcon_core.environment:checking '/home/tee/ros2_fyp/install/r2_bringup/lib/python3.10/site-packages'
[4.790s] Level 1:colcon.colcon_core.environment:checking '/home/tee/ros2_fyp/install/r2_bringup/bin'
[4.792s] INFO:colcon.colcon_core.shell:Creating package script '/home/tee/ros2_fyp/install/r2_bringup/share/r2_bringup/package.ps1'
[4.798s] INFO:colcon.colcon_core.shell:Creating package descriptor '/home/tee/ros2_fyp/install/r2_bringup/share/r2_bringup/package.dsv'
[4.803s] INFO:colcon.colcon_core.shell:Creating package script '/home/tee/ros2_fyp/install/r2_bringup/share/r2_bringup/package.sh'
[4.810s] INFO:colcon.colcon_core.shell:Creating package script '/home/tee/ros2_fyp/install/r2_bringup/share/r2_bringup/package.bash'
[4.814s] INFO:colcon.colcon_core.shell:Creating package script '/home/tee/ros2_fyp/install/r2_bringup/share/r2_bringup/package.zsh'
[4.822s] Level 1:colcon.colcon_core.environment:create_file_with_runtime_dependencies(/home/tee/ros2_fyp/install/r2_bringup/share/colcon-core/packages/r2_bringup)
[4.831s] INFO:colcon.colcon_ros.task.ament_cmake.build:Building ROS package in '/home/tee/ros2_fyp/src/rplidar_ros' with build type 'ament_cmake'
[4.834s] INFO:colcon.colcon_cmake.task.cmake.build:Building CMake package in '/home/tee/ros2_fyp/src/rplidar_ros'
[4.838s] INFO:colcon.colcon_core.shell:Skip shell extension 'powershell' for command environment: Not usable outside of PowerShell
[4.839s] DEBUG:colcon.colcon_core.shell:Skip shell extension 'dsv' for command environment
[6.557s] INFO:colcon.colcon_core.task.python.build:Building Python package in '/home/tee/ros2_fyp/src/r2_wheel_odometry'
[6.558s] INFO:colcon.colcon_core.shell:Skip shell extension 'powershell' for command environment: Not usable outside of PowerShell
[6.558s] DEBUG:colcon.colcon_core.shell:Skip shell extension 'dsv' for command environment
[6.606s] DEBUG:colcon.colcon_core.event_handler.log_command:Invoking command in '/home/tee/ros2_fyp/build/rplidar_ros': CMAKE_PREFIX_PATH=${CMAKE_PREFIX_PATH}:/home/tee/ros2_fyp/install/r2_wheel_odometry:/home/tee/ros2_fyp/install/r2_driver:/opt/ros/humble /usr/bin/cmake --build /home/tee/ros2_fyp/build/rplidar_ros -- -j4 -l4
[6.612s] DEBUG:colcon.colcon_core.event_handler.log_command:Invoked command in '/home/tee/ros2_fyp/build/astra_camera_msgs' returned '0': CMAKE_PREFIX_PATH=${CMAKE_PREFIX_PATH}:/home/tee/ros2_fyp/install/r2_wheel_odometry:/home/tee/ros2_fyp/install/r2_driver:/opt/ros/humble /usr/bin/cmake --build /home/tee/ros2_fyp/build/astra_camera_msgs -- -j4 -l4
[6.629s] DEBUG:colcon.colcon_core.event_handler.log_command:Invoking command in '/home/tee/ros2_fyp/build/astra_camera_msgs': CMAKE_PREFIX_PATH=${CMAKE_PREFIX_PATH}:/home/tee/ros2_fyp/install/r2_wheel_odometry:/home/tee/ros2_fyp/install/r2_driver:/opt/ros/humble /usr/bin/cmake --install /home/tee/ros2_fyp/build/astra_camera_msgs
[7.221s] DEBUG:colcon.colcon_core.event_handler.log_command:Invoking command in '/home/tee/ros2_fyp/build/r2_driver': PYTHONPATH=/home/tee/ros2_fyp/build/r2_driver/prefix_override:/usr/lib/python3/dist-packages/colcon_core/task/python/colcon_distutils_commands:/home/tee/ros2_fyp/install/r2_driver/lib/python3.10/site-packages:${PYTHONPATH} /usr/bin/python3 -W ignore:setup.py install is deprecated -W ignore:easy_install command is deprecated setup.py develop --editable --build-directory /home/tee/ros2_fyp/build/r2_driver/build --no-deps symlink_data
[7.789s] DEBUG:colcon.colcon_core.event_handler.log_command:Invoked command in '/home/tee/ros2_fyp/build/rplidar_ros' returned '0': CMAKE_PREFIX_PATH=${CMAKE_PREFIX_PATH}:/home/tee/ros2_fyp/install/r2_wheel_odometry:/home/tee/ros2_fyp/install/r2_driver:/opt/ros/humble /usr/bin/cmake --build /home/tee/ros2_fyp/build/rplidar_ros -- -j4 -l4
[7.813s] DEBUG:colcon.colcon_core.event_handler.log_command:Invoking command in '/home/tee/ros2_fyp/build/rplidar_ros': CMAKE_PREFIX_PATH=${CMAKE_PREFIX_PATH}:/home/tee/ros2_fyp/install/r2_wheel_odometry:/home/tee/ros2_fyp/install/r2_driver:/opt/ros/humble /usr/bin/cmake --install /home/tee/ros2_fyp/build/rplidar_ros
[7.913s] Level 1:colcon.colcon_core.environment:create_environment_scripts_only(astra_camera_msgs)
[7.915s] Level 1:colcon.colcon_core.environment:checking '/home/tee/ros2_fyp/install/astra_camera_msgs' for CMake module files
[7.922s] DEBUG:colcon.colcon_core.event_handler.log_command:Invoked command in '/home/tee/ros2_fyp/build/astra_camera_msgs' returned '0': CMAKE_PREFIX_PATH=${CMAKE_PREFIX_PATH}:/home/tee/ros2_fyp/install/r2_wheel_odometry:/home/tee/ros2_fyp/install/r2_driver:/opt/ros/humble /usr/bin/cmake --install /home/tee/ros2_fyp/build/astra_camera_msgs
[7.925s] Level 1:colcon.colcon_core.environment:checking '/home/tee/ros2_fyp/install/astra_camera_msgs' for CMake config files
[7.983s] Level 1:colcon.colcon_core.shell:create_environment_hook('astra_camera_msgs', 'cmake_prefix_path')
[7.984s] INFO:colcon.colcon_core.shell:Creating environment hook '/home/tee/ros2_fyp/install/astra_camera_msgs/share/astra_camera_msgs/hook/cmake_prefix_path.ps1'
[7.988s] INFO:colcon.colcon_core.shell:Creating environment descriptor '/home/tee/ros2_fyp/install/astra_camera_msgs/share/astra_camera_msgs/hook/cmake_prefix_path.dsv'
[8.002s] INFO:colcon.colcon_core.shell:Creating environment hook '/home/tee/ros2_fyp/install/astra_camera_msgs/share/astra_camera_msgs/hook/cmake_prefix_path.sh'
[8.011s] Level 1:colcon.colcon_core.environment:checking '/home/tee/ros2_fyp/install/astra_camera_msgs/lib'
[8.012s] Level 1:colcon.colcon_core.shell:create_environment_hook('astra_camera_msgs', 'ld_library_path_lib')
[8.013s] INFO:colcon.colcon_core.shell:Creating environment hook '/home/tee/ros2_fyp/install/astra_camera_msgs/share/astra_camera_msgs/hook/ld_library_path_lib.ps1'
[8.025s] INFO:colcon.colcon_core.shell:Creating environment descriptor '/home/tee/ros2_fyp/install/astra_camera_msgs/share/astra_camera_msgs/hook/ld_library_path_lib.dsv'
[8.032s] INFO:colcon.colcon_core.shell:Creating environment hook '/home/tee/ros2_fyp/install/astra_camera_msgs/share/astra_camera_msgs/hook/ld_library_path_lib.sh'
[8.036s] Level 1:colcon.colcon_core.environment:checking '/home/tee/ros2_fyp/install/astra_camera_msgs/bin'
[8.036s] Level 1:colcon.colcon_core.environment:checking '/home/tee/ros2_fyp/install/astra_camera_msgs/lib/pkgconfig/astra_camera_msgs.pc'
[8.038s] Level 1:colcon.colcon_core.environment:checking '/home/tee/ros2_fyp/install/astra_camera_msgs/lib/python3.10/site-packages'
[8.039s] Level 1:colcon.colcon_core.environment:checking '/home/tee/ros2_fyp/install/astra_camera_msgs/bin'
[8.043s] INFO:colcon.colcon_core.shell:Creating package script '/home/tee/ros2_fyp/install/astra_camera_msgs/share/astra_camera_msgs/package.ps1'
[8.046s] INFO:colcon.colcon_core.shell:Creating package descriptor '/home/tee/ros2_fyp/install/astra_camera_msgs/share/astra_camera_msgs/package.dsv'
[8.052s] INFO:colcon.colcon_core.shell:Creating package script '/home/tee/ros2_fyp/install/astra_camera_msgs/share/astra_camera_msgs/package.sh'
[8.056s] INFO:colcon.colcon_core.shell:Creating package script '/home/tee/ros2_fyp/install/astra_camera_msgs/share/astra_camera_msgs/package.bash'
[8.059s] INFO:colcon.colcon_core.shell:Creating package script '/home/tee/ros2_fyp/install/astra_camera_msgs/share/astra_camera_msgs/package.zsh'
[8.061s] Level 1:colcon.colcon_core.environment:create_file_with_runtime_dependencies(/home/tee/ros2_fyp/install/astra_camera_msgs/share/colcon-core/packages/astra_camera_msgs)
[8.065s] Level 1:colcon.colcon_core.environment:create_environment_scripts_only(astra_camera_msgs)
[8.066s] Level 1:colcon.colcon_core.environment:checking '/home/tee/ros2_fyp/install/astra_camera_msgs' for CMake module files
[8.071s] Level 1:colcon.colcon_core.environment:checking '/home/tee/ros2_fyp/install/astra_camera_msgs' for CMake config files
[8.089s] Level 1:colcon.colcon_core.shell:create_environment_hook('astra_camera_msgs', 'cmake_prefix_path')
[8.090s] INFO:colcon.colcon_core.shell:Creating environment hook '/home/tee/ros2_fyp/install/astra_camera_msgs/share/astra_camera_msgs/hook/cmake_prefix_path.ps1'
[8.093s] INFO:colcon.colcon_core.shell:Creating environment descriptor '/home/tee/ros2_fyp/install/astra_camera_msgs/share/astra_camera_msgs/hook/cmake_prefix_path.dsv'
[8.096s] INFO:colcon.colcon_core.shell:Creating environment hook '/home/tee/ros2_fyp/install/astra_camera_msgs/share/astra_camera_msgs/hook/cmake_prefix_path.sh'
[8.099s] Level 1:colcon.colcon_core.environment:checking '/home/tee/ros2_fyp/install/astra_camera_msgs/lib'
[8.100s] Level 1:colcon.colcon_core.shell:create_environment_hook('astra_camera_msgs', 'ld_library_path_lib')
[8.101s] INFO:colcon.colcon_core.shell:Creating environment hook '/home/tee/ros2_fyp/install/astra_camera_msgs/share/astra_camera_msgs/hook/ld_library_path_lib.ps1'
[8.104s] INFO:colcon.colcon_core.shell:Creating environment descriptor '/home/tee/ros2_fyp/install/astra_camera_msgs/share/astra_camera_msgs/hook/ld_library_path_lib.dsv'
[8.107s] INFO:colcon.colcon_core.shell:Creating environment hook '/home/tee/ros2_fyp/install/astra_camera_msgs/share/astra_camera_msgs/hook/ld_library_path_lib.sh'
[8.110s] Level 1:colcon.colcon_core.environment:checking '/home/tee/ros2_fyp/install/astra_camera_msgs/bin'
[8.110s] Level 1:colcon.colcon_core.environment:checking '/home/tee/ros2_fyp/install/astra_camera_msgs/lib/pkgconfig/astra_camera_msgs.pc'
[8.111s] Level 1:colcon.colcon_core.environment:checking '/home/tee/ros2_fyp/install/astra_camera_msgs/lib/python3.10/site-packages'
[8.114s] Level 1:colcon.colcon_core.environment:checking '/home/tee/ros2_fyp/install/astra_camera_msgs/bin'
[8.118s] INFO:colcon.colcon_core.shell:Creating package script '/home/tee/ros2_fyp/install/astra_camera_msgs/share/astra_camera_msgs/package.ps1'
[8.121s] INFO:colcon.colcon_core.shell:Creating package descriptor '/home/tee/ros2_fyp/install/astra_camera_msgs/share/astra_camera_msgs/package.dsv'
[8.129s] INFO:colcon.colcon_core.shell:Creating package script '/home/tee/ros2_fyp/install/astra_camera_msgs/share/astra_camera_msgs/package.sh'
[8.133s] INFO:colcon.colcon_core.shell:Creating package script '/home/tee/ros2_fyp/install/astra_camera_msgs/share/astra_camera_msgs/package.bash'
[8.136s] INFO:colcon.colcon_core.shell:Creating package script '/home/tee/ros2_fyp/install/astra_camera_msgs/share/astra_camera_msgs/package.zsh'
[8.139s] Level 1:colcon.colcon_core.environment:create_file_with_runtime_dependencies(/home/tee/ros2_fyp/install/astra_camera_msgs/share/colcon-core/packages/astra_camera_msgs)
[8.145s] INFO:colcon.colcon_ros.task.ament_cmake.build:Building ROS package in '/home/tee/ros2_fyp/src/ros2_astra_camera/astra_camera' with build type 'ament_cmake'
[8.150s] INFO:colcon.colcon_cmake.task.cmake.build:Building CMake package in '/home/tee/ros2_fyp/src/ros2_astra_camera/astra_camera'
[8.151s] INFO:colcon.colcon_core.shell:Skip shell extension 'powershell' for command environment: Not usable outside of PowerShell
[8.152s] DEBUG:colcon.colcon_core.shell:Skip shell extension 'dsv' for command environment
[8.193s] Level 1:colcon.colcon_core.environment:create_environment_scripts_only(rplidar_ros)
[8.194s] Level 1:colcon.colcon_core.environment:checking '/home/tee/ros2_fyp/install/rplidar_ros' for CMake module files
[8.197s] DEBUG:colcon.colcon_core.event_handler.log_command:Invoked command in '/home/tee/ros2_fyp/build/rplidar_ros' returned '0': CMAKE_PREFIX_PATH=${CMAKE_PREFIX_PATH}:/home/tee/ros2_fyp/install/r2_wheel_odometry:/home/tee/ros2_fyp/install/r2_driver:/opt/ros/humble /usr/bin/cmake --install /home/tee/ros2_fyp/build/rplidar_ros
[8.200s] Level 1:colcon.colcon_core.environment:checking '/home/tee/ros2_fyp/install/rplidar_ros' for CMake config files
[8.205s] Level 1:colcon.colcon_core.shell:create_environment_hook('rplidar_ros', 'cmake_prefix_path')
[8.206s] INFO:colcon.colcon_core.shell:Creating environment hook '/home/tee/ros2_fyp/install/rplidar_ros/share/rplidar_ros/hook/cmake_prefix_path.ps1'
[8.208s] INFO:colcon.colcon_core.shell:Creating environment descriptor '/home/tee/ros2_fyp/install/rplidar_ros/share/rplidar_ros/hook/cmake_prefix_path.dsv'
[8.213s] INFO:colcon.colcon_core.shell:Creating environment hook '/home/tee/ros2_fyp/install/rplidar_ros/share/rplidar_ros/hook/cmake_prefix_path.sh'
[8.220s] Level 1:colcon.colcon_core.environment:checking '/home/tee/ros2_fyp/install/rplidar_ros/lib'
[8.221s] Level 1:colcon.colcon_core.environment:checking '/home/tee/ros2_fyp/install/rplidar_ros/bin'
[8.221s] Level 1:colcon.colcon_core.environment:checking '/home/tee/ros2_fyp/install/rplidar_ros/lib/pkgconfig/rplidar_ros.pc'
[8.223s] Level 1:colcon.colcon_core.environment:checking '/home/tee/ros2_fyp/install/rplidar_ros/lib/python3.10/site-packages'
[8.225s] Level 1:colcon.colcon_core.environment:checking '/home/tee/ros2_fyp/install/rplidar_ros/bin'
[8.226s] INFO:colcon.colcon_core.shell:Creating package script '/home/tee/ros2_fyp/install/rplidar_ros/share/rplidar_ros/package.ps1'
[8.229s] INFO:colcon.colcon_core.shell:Creating package descriptor '/home/tee/ros2_fyp/install/rplidar_ros/share/rplidar_ros/package.dsv'
[8.231s] INFO:colcon.colcon_core.shell:Creating package script '/home/tee/ros2_fyp/install/rplidar_ros/share/rplidar_ros/package.sh'
[8.239s] INFO:colcon.colcon_core.shell:Creating package script '/home/tee/ros2_fyp/install/rplidar_ros/share/rplidar_ros/package.bash'
[8.241s] INFO:colcon.colcon_core.shell:Creating package script '/home/tee/ros2_fyp/install/rplidar_ros/share/rplidar_ros/package.zsh'
[8.246s] Level 1:colcon.colcon_core.environment:create_file_with_runtime_dependencies(/home/tee/ros2_fyp/install/rplidar_ros/share/colcon-core/packages/rplidar_ros)
[8.249s] Level 1:colcon.colcon_core.environment:create_environment_scripts_only(rplidar_ros)
[8.254s] Level 1:colcon.colcon_core.environment:checking '/home/tee/ros2_fyp/install/rplidar_ros' for CMake module files
[8.258s] Level 1:colcon.colcon_core.environment:checking '/home/tee/ros2_fyp/install/rplidar_ros' for CMake config files
[8.263s] Level 1:colcon.colcon_core.shell:create_environment_hook('rplidar_ros', 'cmake_prefix_path')
[8.264s] INFO:colcon.colcon_core.shell:Creating environment hook '/home/tee/ros2_fyp/install/rplidar_ros/share/rplidar_ros/hook/cmake_prefix_path.ps1'
[8.267s] INFO:colcon.colcon_core.shell:Creating environment descriptor '/home/tee/ros2_fyp/install/rplidar_ros/share/rplidar_ros/hook/cmake_prefix_path.dsv'
[8.269s] INFO:colcon.colcon_core.shell:Creating environment hook '/home/tee/ros2_fyp/install/rplidar_ros/share/rplidar_ros/hook/cmake_prefix_path.sh'
[8.272s] Level 1:colcon.colcon_core.environment:checking '/home/tee/ros2_fyp/install/rplidar_ros/lib'
[8.273s] Level 1:colcon.colcon_core.environment:checking '/home/tee/ros2_fyp/install/rplidar_ros/bin'
[8.273s] Level 1:colcon.colcon_core.environment:checking '/home/tee/ros2_fyp/install/rplidar_ros/lib/pkgconfig/rplidar_ros.pc'
[8.274s] Level 1:colcon.colcon_core.environment:checking '/home/tee/ros2_fyp/install/rplidar_ros/lib/python3.10/site-packages'
[8.276s] Level 1:colcon.colcon_core.environment:checking '/home/tee/ros2_fyp/install/rplidar_ros/bin'
[8.278s] INFO:colcon.colcon_core.shell:Creating package script '/home/tee/ros2_fyp/install/rplidar_ros/share/rplidar_ros/package.ps1'
[8.280s] INFO:colcon.colcon_core.shell:Creating package descriptor '/home/tee/ros2_fyp/install/rplidar_ros/share/rplidar_ros/package.dsv'
[8.284s] INFO:colcon.colcon_core.shell:Creating package script '/home/tee/ros2_fyp/install/rplidar_ros/share/rplidar_ros/package.sh'
[8.286s] INFO:colcon.colcon_core.shell:Creating package script '/home/tee/ros2_fyp/install/rplidar_ros/share/rplidar_ros/package.bash'
[8.289s] INFO:colcon.colcon_core.shell:Creating package script '/home/tee/ros2_fyp/install/rplidar_ros/share/rplidar_ros/package.zsh'
[8.292s] Level 1:colcon.colcon_core.environment:create_file_with_runtime_dependencies(/home/tee/ros2_fyp/install/rplidar_ros/share/colcon-core/packages/rplidar_ros)
[8.318s] DEBUG:colcon.colcon_core.event_handler.log_command:Invoking command in '/home/tee/ros2_fyp/build/astra_camera': CMAKE_PREFIX_PATH=/home/tee/ros2_fyp/install/astra_camera_msgs:/home/tee/ros2_fyp/install/rplidar_ros:/home/tee/ros2_fyp/install/r2_description:/home/tee/ros2_fyp/install/r2_bringup:/home/tee/ros2_fyp/install/astra_camera:/home/tee/ros2_fyp/install/r2_wheel_odometry:/home/tee/ros2_fyp/install/r2_driver:/opt/ros/humble LD_LIBRARY_PATH=/home/tee/ros2_fyp/install/astra_camera_msgs/lib:/home/tee/ros2_fyp/install/astra_camera/lib:/opt/ros/humble/opt/rviz_ogre_vendor/lib:/opt/ros/humble/lib/aarch64-linux-gnu:/opt/ros/humble/lib /usr/bin/cmake --build /home/tee/ros2_fyp/build/astra_camera -- -j4 -l4
[9.593s] DEBUG:colcon.colcon_core.event_handler.log_command:Invoking command in '/home/tee/ros2_fyp/build/r2_wheel_odometry': PYTHONPATH=/home/tee/ros2_fyp/build/r2_wheel_odometry/prefix_override:/usr/lib/python3/dist-packages/colcon_core/task/python/colcon_distutils_commands:/home/tee/ros2_fyp/install/r2_wheel_odometry/lib/python3.10/site-packages:${PYTHONPATH} /usr/bin/python3 -W ignore:setup.py install is deprecated -W ignore:easy_install command is deprecated setup.py develop --editable --build-directory /home/tee/ros2_fyp/build/r2_wheel_odometry/build --no-deps symlink_data
[9.633s] DEBUG:colcon.colcon_core.event_handler.log_command:Invoked command in '/home/tee/ros2_fyp/build/astra_camera' returned '0': CMAKE_PREFIX_PATH=/home/tee/ros2_fyp/install/astra_camera_msgs:/home/tee/ros2_fyp/install/rplidar_ros:/home/tee/ros2_fyp/install/r2_description:/home/tee/ros2_fyp/install/r2_bringup:/home/tee/ros2_fyp/install/astra_camera:/home/tee/ros2_fyp/install/r2_wheel_odometry:/home/tee/ros2_fyp/install/r2_driver:/opt/ros/humble LD_LIBRARY_PATH=/home/tee/ros2_fyp/install/astra_camera_msgs/lib:/home/tee/ros2_fyp/install/astra_camera/lib:/opt/ros/humble/opt/rviz_ogre_vendor/lib:/opt/ros/humble/lib/aarch64-linux-gnu:/opt/ros/humble/lib /usr/bin/cmake --build /home/tee/ros2_fyp/build/astra_camera -- -j4 -l4
[9.644s] DEBUG:colcon.colcon_core.event_handler.log_command:Invoking command in '/home/tee/ros2_fyp/build/astra_camera': CMAKE_PREFIX_PATH=/home/tee/ros2_fyp/install/astra_camera_msgs:/home/tee/ros2_fyp/install/rplidar_ros:/home/tee/ros2_fyp/install/r2_description:/home/tee/ros2_fyp/install/r2_bringup:/home/tee/ros2_fyp/install/astra_camera:/home/tee/ros2_fyp/install/r2_wheel_odometry:/home/tee/ros2_fyp/install/r2_driver:/opt/ros/humble LD_LIBRARY_PATH=/home/tee/ros2_fyp/install/astra_camera_msgs/lib:/home/tee/ros2_fyp/install/astra_camera/lib:/opt/ros/humble/opt/rviz_ogre_vendor/lib:/opt/ros/humble/lib/aarch64-linux-gnu:/opt/ros/humble/lib /usr/bin/cmake --install /home/tee/ros2_fyp/build/astra_camera
[9.987s] Level 1:colcon.colcon_core.environment:create_environment_scripts_only(astra_camera)
[9.989s] Level 1:colcon.colcon_core.environment:checking '/home/tee/ros2_fyp/install/astra_camera' for CMake module files
[9.992s] DEBUG:colcon.colcon_core.event_handler.log_command:Invoked command in '/home/tee/ros2_fyp/build/astra_camera' returned '0': CMAKE_PREFIX_PATH=/home/tee/ros2_fyp/install/astra_camera_msgs:/home/tee/ros2_fyp/install/rplidar_ros:/home/tee/ros2_fyp/install/r2_description:/home/tee/ros2_fyp/install/r2_bringup:/home/tee/ros2_fyp/install/astra_camera:/home/tee/ros2_fyp/install/r2_wheel_odometry:/home/tee/ros2_fyp/install/r2_driver:/opt/ros/humble LD_LIBRARY_PATH=/home/tee/ros2_fyp/install/astra_camera_msgs/lib:/home/tee/ros2_fyp/install/astra_camera/lib:/opt/ros/humble/opt/rviz_ogre_vendor/lib:/opt/ros/humble/lib/aarch64-linux-gnu:/opt/ros/humble/lib /usr/bin/cmake --install /home/tee/ros2_fyp/build/astra_camera
[9.994s] Level 1:colcon.colcon_core.environment:checking '/home/tee/ros2_fyp/install/astra_camera' for CMake config files
[10.007s] Level 1:colcon.colcon_core.shell:create_environment_hook('astra_camera', 'cmake_prefix_path')
[10.008s] INFO:colcon.colcon_core.shell:Creating environment hook '/home/tee/ros2_fyp/install/astra_camera/share/astra_camera/hook/cmake_prefix_path.ps1'
[10.011s] INFO:colcon.colcon_core.shell:Creating environment descriptor '/home/tee/ros2_fyp/install/astra_camera/share/astra_camera/hook/cmake_prefix_path.dsv'
[10.014s] INFO:colcon.colcon_core.shell:Creating environment hook '/home/tee/ros2_fyp/install/astra_camera/share/astra_camera/hook/cmake_prefix_path.sh'
[10.017s] Level 1:colcon.colcon_core.environment:checking '/home/tee/ros2_fyp/install/astra_camera/lib'
[10.018s] Level 1:colcon.colcon_core.shell:create_environment_hook('astra_camera', 'ld_library_path_lib')
[10.019s] INFO:colcon.colcon_core.shell:Creating environment hook '/home/tee/ros2_fyp/install/astra_camera/share/astra_camera/hook/ld_library_path_lib.ps1'
[10.022s] INFO:colcon.colcon_core.shell:Creating environment descriptor '/home/tee/ros2_fyp/install/astra_camera/share/astra_camera/hook/ld_library_path_lib.dsv'
[10.024s] INFO:colcon.colcon_core.shell:Creating environment hook '/home/tee/ros2_fyp/install/astra_camera/share/astra_camera/hook/ld_library_path_lib.sh'
[10.027s] Level 1:colcon.colcon_core.environment:checking '/home/tee/ros2_fyp/install/astra_camera/bin'
[10.027s] Level 1:colcon.colcon_core.environment:checking '/home/tee/ros2_fyp/install/astra_camera/lib/pkgconfig/astra_camera.pc'
[10.028s] Level 1:colcon.colcon_core.environment:checking '/home/tee/ros2_fyp/install/astra_camera/lib/python3.10/site-packages'
[10.031s] Level 1:colcon.colcon_core.environment:checking '/home/tee/ros2_fyp/install/astra_camera/bin'
[10.032s] INFO:colcon.colcon_core.shell:Creating package script '/home/tee/ros2_fyp/install/astra_camera/share/astra_camera/package.ps1'
[10.060s] INFO:colcon.colcon_core.shell:Creating package descriptor '/home/tee/ros2_fyp/install/astra_camera/share/astra_camera/package.dsv'
[10.062s] INFO:colcon.colcon_core.shell:Creating package script '/home/tee/ros2_fyp/install/astra_camera/share/astra_camera/package.sh'
[10.065s] INFO:colcon.colcon_core.shell:Creating package script '/home/tee/ros2_fyp/install/astra_camera/share/astra_camera/package.bash'
[10.068s] INFO:colcon.colcon_core.shell:Creating package script '/home/tee/ros2_fyp/install/astra_camera/share/astra_camera/package.zsh'
[10.071s] Level 1:colcon.colcon_core.environment:create_file_with_runtime_dependencies(/home/tee/ros2_fyp/install/astra_camera/share/colcon-core/packages/astra_camera)
[10.076s] Level 1:colcon.colcon_core.environment:create_environment_scripts_only(astra_camera)
[10.078s] Level 1:colcon.colcon_core.environment:checking '/home/tee/ros2_fyp/install/astra_camera' for CMake module files
[10.083s] Level 1:colcon.colcon_core.environment:checking '/home/tee/ros2_fyp/install/astra_camera' for CMake config files
[10.100s] Level 1:colcon.colcon_core.shell:create_environment_hook('astra_camera', 'cmake_prefix_path')
[10.102s] INFO:colcon.colcon_core.shell:Creating environment hook '/home/tee/ros2_fyp/install/astra_camera/share/astra_camera/hook/cmake_prefix_path.ps1'
[10.106s] INFO:colcon.colcon_core.shell:Creating environment descriptor '/home/tee/ros2_fyp/install/astra_camera/share/astra_camera/hook/cmake_prefix_path.dsv'
[10.109s] INFO:colcon.colcon_core.shell:Creating environment hook '/home/tee/ros2_fyp/install/astra_camera/share/astra_camera/hook/cmake_prefix_path.sh'
[10.114s] Level 1:colcon.colcon_core.environment:checking '/home/tee/ros2_fyp/install/astra_camera/lib'
[10.115s] Level 1:colcon.colcon_core.shell:create_environment_hook('astra_camera', 'ld_library_path_lib')
[10.117s] INFO:colcon.colcon_core.shell:Creating environment hook '/home/tee/ros2_fyp/install/astra_camera/share/astra_camera/hook/ld_library_path_lib.ps1'
[10.121s] INFO:colcon.colcon_core.shell:Creating environment descriptor '/home/tee/ros2_fyp/install/astra_camera/share/astra_camera/hook/ld_library_path_lib.dsv'
[10.124s] INFO:colcon.colcon_core.shell:Creating environment hook '/home/tee/ros2_fyp/install/astra_camera/share/astra_camera/hook/ld_library_path_lib.sh'
[10.128s] Level 1:colcon.colcon_core.environment:checking '/home/tee/ros2_fyp/install/astra_camera/bin'
[10.129s] Level 1:colcon.colcon_core.environment:checking '/home/tee/ros2_fyp/install/astra_camera/lib/pkgconfig/astra_camera.pc'
[10.130s] Level 1:colcon.colcon_core.environment:checking '/home/tee/ros2_fyp/install/astra_camera/lib/python3.10/site-packages'
[10.133s] Level 1:colcon.colcon_core.environment:checking '/home/tee/ros2_fyp/install/astra_camera/bin'
[10.135s] INFO:colcon.colcon_core.shell:Creating package script '/home/tee/ros2_fyp/install/astra_camera/share/astra_camera/package.ps1'
[10.139s] INFO:colcon.colcon_core.shell:Creating package descriptor '/home/tee/ros2_fyp/install/astra_camera/share/astra_camera/package.dsv'
[10.143s] INFO:colcon.colcon_core.shell:Creating package script '/home/tee/ros2_fyp/install/astra_camera/share/astra_camera/package.sh'
[10.147s] INFO:colcon.colcon_core.shell:Creating package script '/home/tee/ros2_fyp/install/astra_camera/share/astra_camera/package.bash'
[10.154s] INFO:colcon.colcon_core.shell:Creating package script '/home/tee/ros2_fyp/install/astra_camera/share/astra_camera/package.zsh'
[10.157s] Level 1:colcon.colcon_core.environment:create_file_with_runtime_dependencies(/home/tee/ros2_fyp/install/astra_camera/share/colcon-core/packages/astra_camera)
[11.147s] Level 1:colcon.colcon_core.shell:create_environment_hook('r2_driver', 'pythonpath_develop')
[11.148s] INFO:colcon.colcon_core.shell:Creating environment hook '/home/tee/ros2_fyp/build/r2_driver/share/r2_driver/hook/pythonpath_develop.ps1'
[11.150s] DEBUG:colcon.colcon_core.event_handler.log_command:Invoked command in '/home/tee/ros2_fyp/build/r2_driver' returned '0': PYTHONPATH=/home/tee/ros2_fyp/build/r2_driver/prefix_override:/usr/lib/python3/dist-packages/colcon_core/task/python/colcon_distutils_commands:/home/tee/ros2_fyp/install/r2_driver/lib/python3.10/site-packages:${PYTHONPATH} /usr/bin/python3 -W ignore:setup.py install is deprecated -W ignore:easy_install command is deprecated setup.py develop --editable --build-directory /home/tee/ros2_fyp/build/r2_driver/build --no-deps symlink_data
[11.152s] INFO:colcon.colcon_core.shell:Creating environment descriptor '/home/tee/ros2_fyp/build/r2_driver/share/r2_driver/hook/pythonpath_develop.dsv'
[11.154s] INFO:colcon.colcon_core.shell:Creating environment hook '/home/tee/ros2_fyp/build/r2_driver/share/r2_driver/hook/pythonpath_develop.sh'
[11.157s] Level 1:colcon.colcon_core.environment:checking '/home/tee/ros2_fyp/install/r2_driver' for CMake module files
[11.159s] Level 1:colcon.colcon_core.environment:checking '/home/tee/ros2_fyp/install/r2_driver' for CMake config files
[11.163s] Level 1:colcon.colcon_core.environment:checking '/home/tee/ros2_fyp/install/r2_driver/lib'
[11.163s] Level 1:colcon.colcon_core.environment:checking '/home/tee/ros2_fyp/install/r2_driver/bin'
[11.164s] Level 1:colcon.colcon_core.environment:checking '/home/tee/ros2_fyp/install/r2_driver/lib/pkgconfig/r2_driver.pc'
[11.165s] Level 1:colcon.colcon_core.environment:checking '/home/tee/ros2_fyp/install/r2_driver/lib/python3.10/site-packages'
[11.165s] Level 1:colcon.colcon_core.shell:create_environment_hook('r2_driver', 'pythonpath')
[11.166s] INFO:colcon.colcon_core.shell:Creating environment hook '/home/tee/ros2_fyp/install/r2_driver/share/r2_driver/hook/pythonpath.ps1'
[11.169s] INFO:colcon.colcon_core.shell:Creating environment descriptor '/home/tee/ros2_fyp/install/r2_driver/share/r2_driver/hook/pythonpath.dsv'
[11.171s] INFO:colcon.colcon_core.shell:Creating environment hook '/home/tee/ros2_fyp/install/r2_driver/share/r2_driver/hook/pythonpath.sh'
[11.175s] Level 1:colcon.colcon_core.environment:checking '/home/tee/ros2_fyp/install/r2_driver/bin'
[11.175s] Level 1:colcon.colcon_core.environment:create_environment_scripts_only(r2_driver)
[11.177s] INFO:colcon.colcon_core.shell:Creating package script '/home/tee/ros2_fyp/install/r2_driver/share/r2_driver/package.ps1'
[11.182s] INFO:colcon.colcon_core.shell:Creating package descriptor '/home/tee/ros2_fyp/install/r2_driver/share/r2_driver/package.dsv'
[11.186s] INFO:colcon.colcon_core.shell:Creating package script '/home/tee/ros2_fyp/install/r2_driver/share/r2_driver/package.sh'
[11.189s] INFO:colcon.colcon_core.shell:Creating package script '/home/tee/ros2_fyp/install/r2_driver/share/r2_driver/package.bash'
[11.191s] INFO:colcon.colcon_core.shell:Creating package script '/home/tee/ros2_fyp/install/r2_driver/share/r2_driver/package.zsh'
[11.193s] Level 1:colcon.colcon_core.environment:create_file_with_runtime_dependencies(/home/tee/ros2_fyp/install/r2_driver/share/colcon-core/packages/r2_driver)
[12.481s] Level 1:colcon.colcon_core.shell:create_environment_hook('r2_wheel_odometry', 'pythonpath_develop')
[12.482s] INFO:colcon.colcon_core.shell:Creating environment hook '/home/tee/ros2_fyp/build/r2_wheel_odometry/share/r2_wheel_odometry/hook/pythonpath_develop.ps1'
[12.483s] DEBUG:colcon.colcon_core.event_handler.log_command:Invoked command in '/home/tee/ros2_fyp/build/r2_wheel_odometry' returned '0': PYTHONPATH=/home/tee/ros2_fyp/build/r2_wheel_odometry/prefix_override:/usr/lib/python3/dist-packages/colcon_core/task/python/colcon_distutils_commands:/home/tee/ros2_fyp/install/r2_wheel_odometry/lib/python3.10/site-packages:${PYTHONPATH} /usr/bin/python3 -W ignore:setup.py install is deprecated -W ignore:easy_install command is deprecated setup.py develop --editable --build-directory /home/tee/ros2_fyp/build/r2_wheel_odometry/build --no-deps symlink_data
[12.485s] INFO:colcon.colcon_core.shell:Creating environment descriptor '/home/tee/ros2_fyp/build/r2_wheel_odometry/share/r2_wheel_odometry/hook/pythonpath_develop.dsv'
[12.487s] INFO:colcon.colcon_core.shell:Creating environment hook '/home/tee/ros2_fyp/build/r2_wheel_odometry/share/r2_wheel_odometry/hook/pythonpath_develop.sh'
[12.491s] Level 1:colcon.colcon_core.environment:checking '/home/tee/ros2_fyp/install/r2_wheel_odometry' for CMake module files
[12.494s] Level 1:colcon.colcon_core.environment:checking '/home/tee/ros2_fyp/install/r2_wheel_odometry' for CMake config files
[12.497s] Level 1:colcon.colcon_core.environment:checking '/home/tee/ros2_fyp/install/r2_wheel_odometry/lib'
[12.498s] Level 1:colcon.colcon_core.environment:checking '/home/tee/ros2_fyp/install/r2_wheel_odometry/bin'
[12.498s] Level 1:colcon.colcon_core.environment:checking '/home/tee/ros2_fyp/install/r2_wheel_odometry/lib/pkgconfig/r2_wheel_odometry.pc'
[12.499s] Level 1:colcon.colcon_core.environment:checking '/home/tee/ros2_fyp/install/r2_wheel_odometry/lib/python3.10/site-packages'
[12.499s] Level 1:colcon.colcon_core.shell:create_environment_hook('r2_wheel_odometry', 'pythonpath')
[12.500s] INFO:colcon.colcon_core.shell:Creating environment hook '/home/tee/ros2_fyp/install/r2_wheel_odometry/share/r2_wheel_odometry/hook/pythonpath.ps1'
[12.503s] INFO:colcon.colcon_core.shell:Creating environment descriptor '/home/tee/ros2_fyp/install/r2_wheel_odometry/share/r2_wheel_odometry/hook/pythonpath.dsv'
[12.505s] INFO:colcon.colcon_core.shell:Creating environment hook '/home/tee/ros2_fyp/install/r2_wheel_odometry/share/r2_wheel_odometry/hook/pythonpath.sh'
[12.509s] Level 1:colcon.colcon_core.environment:checking '/home/tee/ros2_fyp/install/r2_wheel_odometry/bin'
[12.510s] Level 1:colcon.colcon_core.environment:create_environment_scripts_only(r2_wheel_odometry)
[12.511s] INFO:colcon.colcon_core.shell:Creating package script '/home/tee/ros2_fyp/install/r2_wheel_odometry/share/r2_wheel_odometry/package.ps1'
[12.514s] INFO:colcon.colcon_core.shell:Creating package descriptor '/home/tee/ros2_fyp/install/r2_wheel_odometry/share/r2_wheel_odometry/package.dsv'
[12.516s] INFO:colcon.colcon_core.shell:Creating package script '/home/tee/ros2_fyp/install/r2_wheel_odometry/share/r2_wheel_odometry/package.sh'
[12.519s] INFO:colcon.colcon_core.shell:Creating package script '/home/tee/ros2_fyp/install/r2_wheel_odometry/share/r2_wheel_odometry/package.bash'
[12.521s] INFO:colcon.colcon_core.shell:Creating package script '/home/tee/ros2_fyp/install/r2_wheel_odometry/share/r2_wheel_odometry/package.zsh'
[12.522s] Level 1:colcon.colcon_core.environment:create_file_with_runtime_dependencies(/home/tee/ros2_fyp/install/r2_wheel_odometry/share/colcon-core/packages/r2_wheel_odometry)
[12.524s] DEBUG:colcon.colcon_parallel_executor.executor.parallel:closing loop
[12.525s] DEBUG:colcon.colcon_parallel_executor.executor.parallel:loop closed
[12.525s] DEBUG:colcon.colcon_parallel_executor.executor.parallel:run_until_complete finished with '0'
[12.526s] DEBUG:colcon.colcon_core.event_reactor:joining thread
[12.550s] INFO:colcon.colcon_core.plugin_system:Skipping extension 'colcon_notification.desktop_notification.terminal_notifier': Not used on non-Darwin systems
[12.550s] INFO:colcon.colcon_core.plugin_system:Skipping extension 'colcon_notification.desktop_notification.win32': Not used on non-Windows systems
[12.550s] INFO:colcon.colcon_notification.desktop_notification:Sending desktop notification using 'notify2'
[12.555s] DEBUG:colcon.colcon_notification.desktop_notification.notify2:Failed to initialize notify2: org.freedesktop.DBus.Error.ServiceUnknown: The name org.freedesktop.Notifications was not provided by any .service files
[12.556s] DEBUG:colcon.colcon_core.event_reactor:joined thread
[12.557s] INFO:colcon.colcon_core.shell:Creating prefix script '/home/tee/ros2_fyp/install/local_setup.ps1'
[12.562s] INFO:colcon.colcon_core.shell:Creating prefix util module '/home/tee/ros2_fyp/install/_local_setup_util_ps1.py'
[12.570s] INFO:colcon.colcon_core.shell:Creating prefix chain script '/home/tee/ros2_fyp/install/setup.ps1'
[12.576s] INFO:colcon.colcon_core.shell:Creating prefix script '/home/tee/ros2_fyp/install/local_setup.sh'
[12.578s] INFO:colcon.colcon_core.shell:Creating prefix util module '/home/tee/ros2_fyp/install/_local_setup_util_sh.py'
[12.581s] INFO:colcon.colcon_core.shell:Creating prefix chain script '/home/tee/ros2_fyp/install/setup.sh'
[12.588s] INFO:colcon.colcon_core.shell:Creating prefix script '/home/tee/ros2_fyp/install/local_setup.bash'
[12.590s] INFO:colcon.colcon_core.shell:Creating prefix chain script '/home/tee/ros2_fyp/install/setup.bash'
[12.596s] INFO:colcon.colcon_core.shell:Creating prefix script '/home/tee/ros2_fyp/install/local_setup.zsh'
[12.599s] INFO:colcon.colcon_core.shell:Creating prefix chain script '/home/tee/ros2_fyp/install/setup.zsh'
