running develop
Removing /home/tee/ros2_fyp/install/r2_driver/lib/python3.10/site-packages/r2-driver.egg-link (link to .)
running egg_info
writing ../../build/r2_driver/r2_driver.egg-info/PKG-INFO
writing dependency_links to ../../build/r2_driver/r2_driver.egg-info/dependency_links.txt
writing entry points to ../../build/r2_driver/r2_driver.egg-info/entry_points.txt
writing requirements to ../../build/r2_driver/r2_driver.egg-info/requires.txt
writing top-level names to ../../build/r2_driver/r2_driver.egg-info/top_level.txt
reading manifest file '../../build/r2_driver/r2_driver.egg-info/SOURCES.txt'
writing manifest file '../../build/r2_driver/r2_driver.egg-info/SOURCES.txt'
running build
running build_py
creating /home/tee/ros2_fyp/build/r2_driver/build
creating /home/tee/ros2_fyp/build/r2_driver/build/lib
creating /home/tee/ros2_fyp/build/r2_driver/build/lib/r2_driver
copying r2_driver/r2_driver_node.py -> /home/tee/ros2_fyp/build/r2_driver/build/lib/r2_driver
copying r2_driver/__init__.py -> /home/tee/ros2_fyp/build/r2_driver/build/lib/r2_driver
running install
running install_lib
creating /home/tee/ros2_fyp/install/r2_driver/lib/python3.10/site-packages/r2_driver
copying /home/tee/ros2_fyp/build/r2_driver/build/lib/r2_driver/r2_driver_node.py -> /home/tee/ros2_fyp/install/r2_driver/lib/python3.10/site-packages/r2_driver
copying /home/tee/ros2_fyp/build/r2_driver/build/lib/r2_driver/__init__.py -> /home/tee/ros2_fyp/install/r2_driver/lib/python3.10/site-packages/r2_driver
byte-compiling /home/tee/ros2_fyp/install/r2_driver/lib/python3.10/site-packages/r2_driver/r2_driver_node.py to r2_driver_node.cpython-310.pyc
byte-compiling /home/tee/ros2_fyp/install/r2_driver/lib/python3.10/site-packages/r2_driver/__init__.py to __init__.cpython-310.pyc
running install_data
copying resource/r2_driver -> /home/tee/ros2_fyp/install/r2_driver/share/ament_index/resource_index/packages
copying package.xml -> /home/tee/ros2_fyp/install/r2_driver/share/r2_driver
copying launch/r2_driver.launch.py -> /home/tee/ros2_fyp/install/r2_driver/share/r2_driver/launch
running install_egg_info
Copying ../../build/r2_driver/r2_driver.egg-info to /home/tee/ros2_fyp/install/r2_driver/lib/python3.10/site-packages/r2_driver-0.0.1-py3.10.egg-info
running install_scripts
Installing r2_driver_node script to /home/tee/ros2_fyp/install/r2_driver/lib/r2_driver
writing list of installed files to '/home/tee/ros2_fyp/build/r2_driver/install.log'
