-- Install configuration: ""
-- Execute custom install script
-- Symlinking: /home/tee/ros2_fyp/install/r2_bringup/share/r2_bringup/launch/astra_camera.launch.py
-- Up-to-date symlink: /home/tee/ros2_fyp/install/r2_bringup/share/r2_bringup/launch/bringup.launch.py
-- Symlinking: /home/tee/ros2_fyp/install/r2_bringup/share/r2_bringup/launch/mapping_3d.launch.py
-- Symlinking: /home/tee/ros2_fyp/install/r2_bringup/share/r2_bringup/launch/octomap.launch.py
-- Up-to-date symlink: /home/tee/ros2_fyp/install/r2_bringup/share/ament_index/resource_index/package_run_dependencies/r2_bringup
-- Up-to-date symlink: /home/tee/ros2_fyp/install/r2_bringup/share/ament_index/resource_index/parent_prefix_path/r2_bringup
-- Up-to-date symlink: /home/tee/ros2_fyp/install/r2_bringup/share/r2_bringup/environment/ament_prefix_path.sh
-- Up-to-date symlink: /home/tee/ros2_fyp/install/r2_bringup/share/r2_bringup/environment/ament_prefix_path.dsv
-- Up-to-date symlink: /home/tee/ros2_fyp/install/r2_bringup/share/r2_bringup/environment/path.sh
-- Up-to-date symlink: /home/tee/ros2_fyp/install/r2_bringup/share/r2_bringup/environment/path.dsv
-- Up-to-date symlink: /home/tee/ros2_fyp/install/r2_bringup/share/r2_bringup/local_setup.bash
-- Up-to-date symlink: /home/tee/ros2_fyp/install/r2_bringup/share/r2_bringup/local_setup.sh
-- Up-to-date symlink: /home/tee/ros2_fyp/install/r2_bringup/share/r2_bringup/local_setup.zsh
-- Up-to-date symlink: /home/tee/ros2_fyp/install/r2_bringup/share/r2_bringup/local_setup.dsv
-- Symlinking: /home/tee/ros2_fyp/install/r2_bringup/share/r2_bringup/package.dsv
-- Up-to-date symlink: /home/tee/ros2_fyp/install/r2_bringup/share/ament_index/resource_index/packages/r2_bringup
-- Up-to-date symlink: /home/tee/ros2_fyp/install/r2_bringup/share/r2_bringup/cmake/r2_bringupConfig.cmake
-- Up-to-date symlink: /home/tee/ros2_fyp/install/r2_bringup/share/r2_bringup/cmake/r2_bringupConfig-version.cmake
-- Up-to-date symlink: /home/tee/ros2_fyp/install/r2_bringup/share/r2_bringup/package.xml
