[0.103s] Invoking command in '/home/tee/ros2_fyp/build/r2_bringup': CMAKE_PREFIX_PATH=${CMAKE_PREFIX_PATH}:/home/tee/ros2_fyp/install/r2_wheel_odometry:/home/tee/ros2_fyp/install/r2_driver:/opt/ros/humble /usr/bin/cmake --build /home/tee/ros2_fyp/build/r2_bringup -- -j4 -l4
[0.573s] Invoked command in '/home/tee/ros2_fyp/build/r2_bringup' returned '0': CMAKE_PREFIX_PATH=${CMAKE_PREFIX_PATH}:/home/tee/ros2_fyp/install/r2_wheel_odometry:/home/tee/ros2_fyp/install/r2_driver:/opt/ros/humble /usr/bin/cmake --build /home/tee/ros2_fyp/build/r2_bringup -- -j4 -l4
[0.586s] Invoking command in '/home/tee/ros2_fyp/build/r2_bringup': CMAKE_PREFIX_PATH=${CMAKE_PREFIX_PATH}:/home/tee/ros2_fyp/install/r2_wheel_odometry:/home/tee/ros2_fyp/install/r2_driver:/opt/ros/humble /usr/bin/cmake --install /home/tee/ros2_fyp/build/r2_bringup
[0.621s] -- Install configuration: ""
[0.624s] -- Execute custom install script
[0.627s] -- Symlinking: /home/tee/ros2_fyp/install/r2_bringup/share/r2_bringup/launch/astra_camera.launch.py
[0.661s] -- Up-to-date symlink: /home/tee/ros2_fyp/install/r2_bringup/share/r2_bringup/launch/bringup.launch.py
[0.662s] -- Symlinking: /home/tee/ros2_fyp/install/r2_bringup/share/r2_bringup/launch/mapping_3d.launch.py
[0.703s] -- Symlinking: /home/tee/ros2_fyp/install/r2_bringup/share/r2_bringup/launch/octomap.launch.py
[0.740s] -- Up-to-date symlink: /home/tee/ros2_fyp/install/r2_bringup/share/ament_index/resource_index/package_run_dependencies/r2_bringup
[0.741s] -- Up-to-date symlink: /home/tee/ros2_fyp/install/r2_bringup/share/ament_index/resource_index/parent_prefix_path/r2_bringup
[0.742s] -- Up-to-date symlink: /home/tee/ros2_fyp/install/r2_bringup/share/r2_bringup/environment/ament_prefix_path.sh
[0.746s] -- Up-to-date symlink: /home/tee/ros2_fyp/install/r2_bringup/share/r2_bringup/environment/ament_prefix_path.dsv
[0.747s] -- Up-to-date symlink: /home/tee/ros2_fyp/install/r2_bringup/share/r2_bringup/environment/path.sh
[0.748s] -- Up-to-date symlink: /home/tee/ros2_fyp/install/r2_bringup/share/r2_bringup/environment/path.dsv
[0.748s] -- Up-to-date symlink: /home/tee/ros2_fyp/install/r2_bringup/share/r2_bringup/local_setup.bash
[0.748s] -- Up-to-date symlink: /home/tee/ros2_fyp/install/r2_bringup/share/r2_bringup/local_setup.sh
[0.749s] -- Up-to-date symlink: /home/tee/ros2_fyp/install/r2_bringup/share/r2_bringup/local_setup.zsh
[0.750s] -- Up-to-date symlink: /home/tee/ros2_fyp/install/r2_bringup/share/r2_bringup/local_setup.dsv
[0.750s] -- Symlinking: /home/tee/ros2_fyp/install/r2_bringup/share/r2_bringup/package.dsv
[0.786s] -- Up-to-date symlink: /home/tee/ros2_fyp/install/r2_bringup/share/ament_index/resource_index/packages/r2_bringup
[0.787s] -- Up-to-date symlink: /home/tee/ros2_fyp/install/r2_bringup/share/r2_bringup/cmake/r2_bringupConfig.cmake
[0.788s] -- Up-to-date symlink: /home/tee/ros2_fyp/install/r2_bringup/share/r2_bringup/cmake/r2_bringupConfig-version.cmake
[0.791s] -- Up-to-date symlink: /home/tee/ros2_fyp/install/r2_bringup/share/r2_bringup/package.xml
[0.820s] Invoked command in '/home/tee/ros2_fyp/build/r2_bringup' returned '0': CMAKE_PREFIX_PATH=${CMAKE_PREFIX_PATH}:/home/tee/ros2_fyp/install/r2_wheel_odometry:/home/tee/ros2_fyp/install/r2_driver:/opt/ros/humble /usr/bin/cmake --install /home/tee/ros2_fyp/build/r2_bringup
