[0.132s] Invoking command in '/home/tee/ros2_fyp/build/r2_description': CMAKE_PREFIX_PATH=${CMAKE_PREFIX_PATH}:/home/tee/ros2_fyp/install/r2_wheel_odometry:/home/tee/ros2_fyp/install/r2_driver:/opt/ros/humble /usr/bin/cmake --build /home/tee/ros2_fyp/build/r2_description -- -j4 -l4
[2.350s] Invoked command in '/home/tee/ros2_fyp/build/r2_description' returned '0': CMAKE_PREFIX_PATH=${CMAKE_PREFIX_PATH}:/home/tee/ros2_fyp/install/r2_wheel_odometry:/home/tee/ros2_fyp/install/r2_driver:/opt/ros/humble /usr/bin/cmake --build /home/tee/ros2_fyp/build/r2_description -- -j4 -l4
[2.394s] Invoking command in '/home/tee/ros2_fyp/build/r2_description': CMAKE_PREFIX_PATH=${CMAKE_PREFIX_PATH}:/home/tee/ros2_fyp/install/r2_wheel_odometry:/home/tee/ros2_fyp/install/r2_driver:/opt/ros/humble /usr/bin/cmake --install /home/tee/ros2_fyp/build/r2_description
[2.429s] -- Install configuration: ""
[2.438s] -- Execute custom install script
[2.444s] -- Up-to-date symlink: /home/tee/ros2_fyp/install/r2_description/share/r2_description/launch/description.launch.py
[2.449s] -- Up-to-date symlink: /home/tee/ros2_fyp/install/r2_description/share/r2_description/urdf/r2.urdf.xacro
[2.452s] -- Up-to-date symlink: /home/tee/ros2_fyp/install/r2_description/share/ament_index/resource_index/package_run_dependencies/r2_description
[2.461s] -- Up-to-date symlink: /home/tee/ros2_fyp/install/r2_description/share/ament_index/resource_index/parent_prefix_path/r2_description
[2.464s] -- Up-to-date symlink: /home/tee/ros2_fyp/install/r2_description/share/r2_description/environment/ament_prefix_path.sh
[2.467s] -- Up-to-date symlink: /home/tee/ros2_fyp/install/r2_description/share/r2_description/environment/ament_prefix_path.dsv
[2.470s] -- Up-to-date symlink: /home/tee/ros2_fyp/install/r2_description/share/r2_description/environment/path.sh
[2.473s] -- Up-to-date symlink: /home/tee/ros2_fyp/install/r2_description/share/r2_description/environment/path.dsv
[2.477s] -- Up-to-date symlink: /home/tee/ros2_fyp/install/r2_description/share/r2_description/local_setup.bash
[2.479s] -- Up-to-date symlink: /home/tee/ros2_fyp/install/r2_description/share/r2_description/local_setup.sh
[2.484s] -- Up-to-date symlink: /home/tee/ros2_fyp/install/r2_description/share/r2_description/local_setup.zsh
[2.490s] -- Up-to-date symlink: /home/tee/ros2_fyp/install/r2_description/share/r2_description/local_setup.dsv
[2.490s] -- Symlinking: /home/tee/ros2_fyp/install/r2_description/share/r2_description/package.dsv
[2.514s] -- Up-to-date symlink: /home/tee/ros2_fyp/install/r2_description/share/ament_index/resource_index/packages/r2_description
[2.515s] -- Up-to-date symlink: /home/tee/ros2_fyp/install/r2_description/share/r2_description/cmake/r2_descriptionConfig.cmake
[2.515s] -- Up-to-date symlink: /home/tee/ros2_fyp/install/r2_description/share/r2_description/cmake/r2_descriptionConfig-version.cmake
[2.516s] -- Up-to-date symlink: /home/tee/ros2_fyp/install/r2_description/share/r2_description/package.xml
[2.535s] Invoked command in '/home/tee/ros2_fyp/build/r2_description' returned '0': CMAKE_PREFIX_PATH=${CMAKE_PREFIX_PATH}:/home/tee/ros2_fyp/install/r2_wheel_odometry:/home/tee/ros2_fyp/install/r2_driver:/opt/ros/humble /usr/bin/cmake --install /home/tee/ros2_fyp/build/r2_description
