[0.073s] Invoking command in '/home/tee/ros2_fyp/build/r2_bringup': CMAKE_PREFIX_PATH=${CMAKE_PREFIX_PATH}:/home/tee/ros2_fyp/install/r2_wheel_odometry:/home/tee/ros2_fyp/install/r2_driver:/opt/ros/humble /usr/bin/cmake /home/tee/ros2_fyp/src/r2_bringup -DAMENT_CMAKE_SYMLINK_INSTALL=1 -DCMAKE_INSTALL_PREFIX=/home/tee/ros2_fyp/install/r2_bringup
[0.374s] -- Found ament_cmake: 1.3.12 (/opt/ros/humble/share/ament_cmake/cmake)
[1.036s] -- Override CMake install command with custom implementation using symlinks instead of copying resources
[1.127s] -- Found ament_lint_auto: 0.12.14 (/opt/ros/humble/share/ament_lint_auto/cmake)
[1.506s] -- Added test 'flake8' to check Python code syntax and style conventions
[1.510s] -- Added test 'lint_cmake' to check CMake code style
[1.512s] -- Added test 'pep257' to check Python code against some of the docstring style conventions in PEP 257
[1.522s] -- Added test 'xmllint' to check XML markup files
[1.530s] -- Configuring done
[1.564s] -- Generating done
[1.575s] -- Build files have been written to: /home/tee/ros2_fyp/build/r2_bringup
[1.591s] Invoked command in '/home/tee/ros2_fyp/build/r2_bringup' returned '0': CMAKE_PREFIX_PATH=${CMAKE_PREFIX_PATH}:/home/tee/ros2_fyp/install/r2_wheel_odometry:/home/tee/ros2_fyp/install/r2_driver:/opt/ros/humble /usr/bin/cmake /home/tee/ros2_fyp/src/r2_bringup -DAMENT_CMAKE_SYMLINK_INSTALL=1 -DCMAKE_INSTALL_PREFIX=/home/tee/ros2_fyp/install/r2_bringup
[1.606s] Invoking command in '/home/tee/ros2_fyp/build/r2_bringup': CMAKE_PREFIX_PATH=${CMAKE_PREFIX_PATH}:/home/tee/ros2_fyp/install/r2_wheel_odometry:/home/tee/ros2_fyp/install/r2_driver:/opt/ros/humble /usr/bin/cmake --build /home/tee/ros2_fyp/build/r2_bringup -- -j4 -l4
[1.781s] Invoked command in '/home/tee/ros2_fyp/build/r2_bringup' returned '0': CMAKE_PREFIX_PATH=${CMAKE_PREFIX_PATH}:/home/tee/ros2_fyp/install/r2_wheel_odometry:/home/tee/ros2_fyp/install/r2_driver:/opt/ros/humble /usr/bin/cmake --build /home/tee/ros2_fyp/build/r2_bringup -- -j4 -l4
[1.831s] Invoking command in '/home/tee/ros2_fyp/build/r2_bringup': CMAKE_PREFIX_PATH=${CMAKE_PREFIX_PATH}:/home/tee/ros2_fyp/install/r2_wheel_odometry:/home/tee/ros2_fyp/install/r2_driver:/opt/ros/humble /usr/bin/cmake --install /home/tee/ros2_fyp/build/r2_bringup
[1.864s] -- Install configuration: ""
[1.867s] -- Execute custom install script
[1.869s] -- Up-to-date symlink: /home/tee/ros2_fyp/install/r2_bringup/share/r2_bringup/launch/astra_camera.launch.py
[1.870s] -- Up-to-date symlink: /home/tee/ros2_fyp/install/r2_bringup/share/r2_bringup/launch/bringup.launch.py
[1.871s] -- Up-to-date symlink: /home/tee/ros2_fyp/install/r2_bringup/share/r2_bringup/launch/octomap.launch.py
[1.872s] -- Up-to-date symlink: /home/tee/ros2_fyp/install/r2_bringup/share/ament_index/resource_index/package_run_dependencies/r2_bringup
[1.874s] -- Up-to-date symlink: /home/tee/ros2_fyp/install/r2_bringup/share/ament_index/resource_index/parent_prefix_path/r2_bringup
[1.875s] -- Up-to-date symlink: /home/tee/ros2_fyp/install/r2_bringup/share/r2_bringup/environment/ament_prefix_path.sh
[1.876s] -- Up-to-date symlink: /home/tee/ros2_fyp/install/r2_bringup/share/r2_bringup/environment/ament_prefix_path.dsv
[1.877s] -- Up-to-date symlink: /home/tee/ros2_fyp/install/r2_bringup/share/r2_bringup/environment/path.sh
[1.878s] -- Up-to-date symlink: /home/tee/ros2_fyp/install/r2_bringup/share/r2_bringup/environment/path.dsv
[1.879s] -- Up-to-date symlink: /home/tee/ros2_fyp/install/r2_bringup/share/r2_bringup/local_setup.bash
[1.880s] -- Up-to-date symlink: /home/tee/ros2_fyp/install/r2_bringup/share/r2_bringup/local_setup.sh
[1.882s] -- Up-to-date symlink: /home/tee/ros2_fyp/install/r2_bringup/share/r2_bringup/local_setup.zsh
[1.883s] -- Up-to-date symlink: /home/tee/ros2_fyp/install/r2_bringup/share/r2_bringup/local_setup.dsv
[1.884s] -- Symlinking: /home/tee/ros2_fyp/install/r2_bringup/share/r2_bringup/package.dsv
[1.923s] -- Up-to-date symlink: /home/tee/ros2_fyp/install/r2_bringup/share/ament_index/resource_index/packages/r2_bringup
[1.924s] -- Up-to-date symlink: /home/tee/ros2_fyp/install/r2_bringup/share/r2_bringup/cmake/r2_bringupConfig.cmake
[1.925s] -- Up-to-date symlink: /home/tee/ros2_fyp/install/r2_bringup/share/r2_bringup/cmake/r2_bringupConfig-version.cmake
[1.926s] -- Up-to-date symlink: /home/tee/ros2_fyp/install/r2_bringup/share/r2_bringup/package.xml
[1.934s] Invoked command in '/home/tee/ros2_fyp/build/r2_bringup' returned '0': CMAKE_PREFIX_PATH=${CMAKE_PREFIX_PATH}:/home/tee/ros2_fyp/install/r2_wheel_odometry:/home/tee/ros2_fyp/install/r2_driver:/opt/ros/humble /usr/bin/cmake --install /home/tee/ros2_fyp/build/r2_bringup
