[3.309s] Invoking command in '/home/tee/ros2_fyp/src/r2_cloud_accumulator': PYTHONPATH=/home/tee/ros2_fyp/build/r2_cloud_accumulator/prefix_override:/usr/lib/python3/dist-packages/colcon_core/task/python/colcon_distutils_commands:/home/tee/ros2_fyp/install/r2_cloud_accumulator/lib/python3.10/site-packages:${PYTHONPATH} /usr/bin/python3 -W ignore:setup.py install is deprecated -W ignore:easy_install command is deprecated setup.py egg_info --egg-base ../../build/r2_cloud_accumulator build --build-base /home/tee/ros2_fyp/build/r2_cloud_accumulator/build install --record /home/tee/ros2_fyp/build/r2_cloud_accumulator/install.log --single-version-externally-managed install_data
[4.592s] running egg_info
[4.595s] writing ../../build/r2_cloud_accumulator/r2_cloud_accumulator.egg-info/PKG-INFO
[4.596s] writing dependency_links to ../../build/r2_cloud_accumulator/r2_cloud_accumulator.egg-info/dependency_links.txt
[4.597s] writing entry points to ../../build/r2_cloud_accumulator/r2_cloud_accumulator.egg-info/entry_points.txt
[4.597s] writing requirements to ../../build/r2_cloud_accumulator/r2_cloud_accumulator.egg-info/requires.txt
[4.598s] writing top-level names to ../../build/r2_cloud_accumulator/r2_cloud_accumulator.egg-info/top_level.txt
[4.605s] reading manifest file '../../build/r2_cloud_accumulator/r2_cloud_accumulator.egg-info/SOURCES.txt'
[4.609s] writing manifest file '../../build/r2_cloud_accumulator/r2_cloud_accumulator.egg-info/SOURCES.txt'
[4.610s] running build
[4.611s] running build_py
[4.613s] copying r2_cloud_accumulator/cloud_accumulator.py -> /home/tee/ros2_fyp/build/r2_cloud_accumulator/build/lib/r2_cloud_accumulator
[4.613s] running install
[4.614s] running install_lib
[4.618s] copying /home/tee/ros2_fyp/build/r2_cloud_accumulator/build/lib/r2_cloud_accumulator/cloud_accumulator.py -> /home/tee/ros2_fyp/install/r2_cloud_accumulator/lib/python3.10/site-packages/r2_cloud_accumulator
[4.621s] byte-compiling /home/tee/ros2_fyp/install/r2_cloud_accumulator/lib/python3.10/site-packages/r2_cloud_accumulator/cloud_accumulator.py to cloud_accumulator.cpython-310.pyc
[4.628s] running install_data
[4.629s] running install_egg_info
[4.637s] removing '/home/tee/ros2_fyp/install/r2_cloud_accumulator/lib/python3.10/site-packages/r2_cloud_accumulator-0.1.0-py3.10.egg-info' (and everything under it)
[4.639s] Copying ../../build/r2_cloud_accumulator/r2_cloud_accumulator.egg-info to /home/tee/ros2_fyp/install/r2_cloud_accumulator/lib/python3.10/site-packages/r2_cloud_accumulator-0.1.0-py3.10.egg-info
[4.649s] running install_scripts
[4.731s] Installing cloud_accumulator script to /home/tee/ros2_fyp/install/r2_cloud_accumulator/lib/r2_cloud_accumulator
[4.732s] writing list of installed files to '/home/tee/ros2_fyp/build/r2_cloud_accumulator/install.log'
[4.855s] Invoked command in '/home/tee/ros2_fyp/src/r2_cloud_accumulator' returned '0': PYTHONPATH=/home/tee/ros2_fyp/build/r2_cloud_accumulator/prefix_override:/usr/lib/python3/dist-packages/colcon_core/task/python/colcon_distutils_commands:/home/tee/ros2_fyp/install/r2_cloud_accumulator/lib/python3.10/site-packages:${PYTHONPATH} /usr/bin/python3 -W ignore:setup.py install is deprecated -W ignore:easy_install command is deprecated setup.py egg_info --egg-base ../../build/r2_cloud_accumulator build --build-base /home/tee/ros2_fyp/build/r2_cloud_accumulator/build install --record /home/tee/ros2_fyp/build/r2_cloud_accumulator/install.log --single-version-externally-managed install_data
