[0.499s] DEBUG:colcon:Command line arguments: ['/usr/bin/colcon', 'build', '--packages-select', 'r2_cloud_accumulator']
[0.500s] DEBUG:colcon:Parsed command line arguments: Namespace(log_base=None, log_level=None, verb_name='build', build_base='build', install_base='install', merge_install=False, symlink_install=False, test_result_base=None, continue_on_error=False, executor='parallel', parallel_workers=4, event_handlers=None, ignore_user_meta=False, metas=['./colcon.meta'], base_paths=['.'], packages_ignore=None, packages_ignore_regex=None, paths=None, packages_up_to=None, packages_up_to_regex=None, packages_above=None, packages_above_and_dependencies=None, packages_above_depth=None, packages_select_by_dep=None, packages_skip_by_dep=None, packages_skip_up_to=None, packages_select_build_failed=False, packages_skip_build_finished=False, packages_select_test_failures=False, packages_skip_test_passed=False, packages_select=['r2_cloud_accumulator'], packages_skip=None, packages_select_regex=None, packages_skip_regex=None, packages_start=None, packages_end=None, allow_overriding=[], cmake_args=None, cmake_target=None, cmake_target_skip_unavailable=False, cmake_clean_cache=False, cmake_clean_first=False, cmake_force_configure=False, ament_cmake_args=None, catkin_cmake_args=None, catkin_skip_building_tests=False, mixin_files=None, mixin=None, verb_parser=<colcon_mixin.mixin.mixin_argument.MixinArgumentDecorator object at 0xffffa5dbbe20>, verb_extension=<colcon_core.verb.build.BuildVerb object at 0xffffa5f99810>, main=<bound method BuildVerb.main of <colcon_core.verb.build.BuildVerb object at 0xffffa5f99810>>, mixin_verb=('build',))
[1.429s] Level 1:colcon.colcon_core.package_discovery:discover_packages(colcon_meta) check parameters
[1.429s] Level 1:colcon.colcon_core.package_discovery:discover_packages(recursive) check parameters
[1.430s] Level 1:colcon.colcon_core.package_discovery:discover_packages(ignore) check parameters
[1.430s] Level 1:colcon.colcon_core.package_discovery:discover_packages(path) check parameters
[1.430s] Level 1:colcon.colcon_core.package_discovery:discover_packages(colcon_meta) discover
[1.430s] Level 1:colcon.colcon_core.package_discovery:discover_packages(recursive) discover
[1.430s] INFO:colcon.colcon_core.package_discovery:Crawling recursively for packages in '/home/tee/ros2_fyp'
[1.431s] Level 1:colcon.colcon_core.package_identification:_identify(.) by extensions ['ignore', 'ignore_ament_install']
[1.431s] Level 1:colcon.colcon_core.package_identification:_identify(.) by extension 'ignore'
[1.432s] Level 1:colcon.colcon_core.package_identification:_identify(.) by extension 'ignore_ament_install'
[1.432s] Level 1:colcon.colcon_core.package_identification:_identify(.) by extensions ['colcon_pkg']
[1.432s] Level 1:colcon.colcon_core.package_identification:_identify(.) by extension 'colcon_pkg'
[1.432s] Level 1:colcon.colcon_core.package_identification:_identify(.) by extensions ['colcon_meta']
[1.432s] Level 1:colcon.colcon_core.package_identification:_identify(.) by extension 'colcon_meta'
[1.433s] Level 1:colcon.colcon_core.package_identification:_identify(.) by extensions ['ros']
[1.433s] Level 1:colcon.colcon_core.package_identification:_identify(.) by extension 'ros'
[1.477s] Level 1:colcon.colcon_core.package_identification:_identify(.) by extensions ['cmake', 'python']
[1.477s] Level 1:colcon.colcon_core.package_identification:_identify(.) by extension 'cmake'
[1.477s] Level 1:colcon.colcon_core.package_identification:_identify(.) by extension 'python'
[1.477s] Level 1:colcon.colcon_core.package_identification:_identify(.) by extensions ['python_setup_py']
[1.478s] Level 1:colcon.colcon_core.package_identification:_identify(.) by extension 'python_setup_py'
[1.478s] Level 1:colcon.colcon_core.package_identification:_identify(build) by extensions ['ignore', 'ignore_ament_install']
[1.479s] Level 1:colcon.colcon_core.package_identification:_identify(build) by extension 'ignore'
[1.479s] Level 1:colcon.colcon_core.package_identification:_identify(build) ignored
[1.479s] Level 1:colcon.colcon_core.package_identification:_identify(config) by extensions ['ignore', 'ignore_ament_install']
[1.480s] Level 1:colcon.colcon_core.package_identification:_identify(config) by extension 'ignore'
[1.480s] Level 1:colcon.colcon_core.package_identification:_identify(config) by extension 'ignore_ament_install'
[1.480s] Level 1:colcon.colcon_core.package_identification:_identify(config) by extensions ['colcon_pkg']
[1.480s] Level 1:colcon.colcon_core.package_identification:_identify(config) by extension 'colcon_pkg'
[1.481s] Level 1:colcon.colcon_core.package_identification:_identify(config) by extensions ['colcon_meta']
[1.481s] Level 1:colcon.colcon_core.package_identification:_identify(config) by extension 'colcon_meta'
[1.481s] Level 1:colcon.colcon_core.package_identification:_identify(config) by extensions ['ros']
[1.481s] Level 1:colcon.colcon_core.package_identification:_identify(config) by extension 'ros'
[1.481s] Level 1:colcon.colcon_core.package_identification:_identify(config) by extensions ['cmake', 'python']
[1.482s] Level 1:colcon.colcon_core.package_identification:_identify(config) by extension 'cmake'
[1.482s] Level 1:colcon.colcon_core.package_identification:_identify(config) by extension 'python'
[1.482s] Level 1:colcon.colcon_core.package_identification:_identify(config) by extensions ['python_setup_py']
[1.482s] Level 1:colcon.colcon_core.package_identification:_identify(config) by extension 'python_setup_py'
[1.483s] Level 1:colcon.colcon_core.package_identification:_identify(install) by extensions ['ignore', 'ignore_ament_install']
[1.483s] Level 1:colcon.colcon_core.package_identification:_identify(install) by extension 'ignore'
[1.483s] Level 1:colcon.colcon_core.package_identification:_identify(install) ignored
[1.484s] Level 1:colcon.colcon_core.package_identification:_identify(log) by extensions ['ignore', 'ignore_ament_install']
[1.485s] Level 1:colcon.colcon_core.package_identification:_identify(log) by extension 'ignore'
[1.485s] Level 1:colcon.colcon_core.package_identification:_identify(log) ignored
[1.485s] Level 1:colcon.colcon_core.package_identification:_identify(src) by extensions ['ignore', 'ignore_ament_install']
[1.486s] Level 1:colcon.colcon_core.package_identification:_identify(src) by extension 'ignore'
[1.486s] Level 1:colcon.colcon_core.package_identification:_identify(src) by extension 'ignore_ament_install'
[1.486s] Level 1:colcon.colcon_core.package_identification:_identify(src) by extensions ['colcon_pkg']
[1.486s] Level 1:colcon.colcon_core.package_identification:_identify(src) by extension 'colcon_pkg'
[1.487s] Level 1:colcon.colcon_core.package_identification:_identify(src) by extensions ['colcon_meta']
[1.487s] Level 1:colcon.colcon_core.package_identification:_identify(src) by extension 'colcon_meta'
[1.487s] Level 1:colcon.colcon_core.package_identification:_identify(src) by extensions ['ros']
[1.487s] Level 1:colcon.colcon_core.package_identification:_identify(src) by extension 'ros'
[1.488s] Level 1:colcon.colcon_core.package_identification:_identify(src) by extensions ['cmake', 'python']
[1.488s] Level 1:colcon.colcon_core.package_identification:_identify(src) by extension 'cmake'
[1.488s] Level 1:colcon.colcon_core.package_identification:_identify(src) by extension 'python'
[1.488s] Level 1:colcon.colcon_core.package_identification:_identify(src) by extensions ['python_setup_py']
[1.489s] Level 1:colcon.colcon_core.package_identification:_identify(src) by extension 'python_setup_py'
[1.490s] Level 1:colcon.colcon_core.package_identification:_identify(src/r2_bringup) by extensions ['ignore', 'ignore_ament_install']
[1.490s] Level 1:colcon.colcon_core.package_identification:_identify(src/r2_bringup) by extension 'ignore'
[1.491s] Level 1:colcon.colcon_core.package_identification:_identify(src/r2_bringup) by extension 'ignore_ament_install'
[1.491s] Level 1:colcon.colcon_core.package_identification:_identify(src/r2_bringup) by extensions ['colcon_pkg']
[1.491s] Level 1:colcon.colcon_core.package_identification:_identify(src/r2_bringup) by extension 'colcon_pkg'
[1.492s] Level 1:colcon.colcon_core.package_identification:_identify(src/r2_bringup) by extensions ['colcon_meta']
[1.492s] Level 1:colcon.colcon_core.package_identification:_identify(src/r2_bringup) by extension 'colcon_meta'
[1.492s] Level 1:colcon.colcon_core.package_identification:_identify(src/r2_bringup) by extensions ['ros']
[1.492s] Level 1:colcon.colcon_core.package_identification:_identify(src/r2_bringup) by extension 'ros'
[1.506s] DEBUG:colcon.colcon_core.package_identification:Package 'src/r2_bringup' with type 'ros.ament_cmake' and name 'r2_bringup'
[1.507s] Level 1:colcon.colcon_core.package_identification:_identify(src/r2_cloud_accumulator) by extensions ['ignore', 'ignore_ament_install']
[1.508s] Level 1:colcon.colcon_core.package_identification:_identify(src/r2_cloud_accumulator) by extension 'ignore'
[1.508s] Level 1:colcon.colcon_core.package_identification:_identify(src/r2_cloud_accumulator) by extension 'ignore_ament_install'
[1.508s] Level 1:colcon.colcon_core.package_identification:_identify(src/r2_cloud_accumulator) by extensions ['colcon_pkg']
[1.509s] Level 1:colcon.colcon_core.package_identification:_identify(src/r2_cloud_accumulator) by extension 'colcon_pkg'
[1.509s] Level 1:colcon.colcon_core.package_identification:_identify(src/r2_cloud_accumulator) by extensions ['colcon_meta']
[1.509s] Level 1:colcon.colcon_core.package_identification:_identify(src/r2_cloud_accumulator) by extension 'colcon_meta'
[1.509s] Level 1:colcon.colcon_core.package_identification:_identify(src/r2_cloud_accumulator) by extensions ['ros']
[1.509s] Level 1:colcon.colcon_core.package_identification:_identify(src/r2_cloud_accumulator) by extension 'ros'
[1.512s] DEBUG:colcon.colcon_core.package_identification:Package 'src/r2_cloud_accumulator' with type 'ros.ament_python' and name 'r2_cloud_accumulator'
[1.512s] Level 1:colcon.colcon_core.package_identification:_identify(src/r2_description) by extensions ['ignore', 'ignore_ament_install']
[1.513s] Level 1:colcon.colcon_core.package_identification:_identify(src/r2_description) by extension 'ignore'
[1.513s] Level 1:colcon.colcon_core.package_identification:_identify(src/r2_description) by extension 'ignore_ament_install'
[1.513s] Level 1:colcon.colcon_core.package_identification:_identify(src/r2_description) by extensions ['colcon_pkg']
[1.514s] Level 1:colcon.colcon_core.package_identification:_identify(src/r2_description) by extension 'colcon_pkg'
[1.514s] Level 1:colcon.colcon_core.package_identification:_identify(src/r2_description) by extensions ['colcon_meta']
[1.514s] Level 1:colcon.colcon_core.package_identification:_identify(src/r2_description) by extension 'colcon_meta'
[1.515s] Level 1:colcon.colcon_core.package_identification:_identify(src/r2_description) by extensions ['ros']
[1.515s] Level 1:colcon.colcon_core.package_identification:_identify(src/r2_description) by extension 'ros'
[1.518s] DEBUG:colcon.colcon_core.package_identification:Package 'src/r2_description' with type 'ros.ament_cmake' and name 'r2_description'
[1.518s] Level 1:colcon.colcon_core.package_identification:_identify(src/r2_driver) by extensions ['ignore', 'ignore_ament_install']
[1.519s] Level 1:colcon.colcon_core.package_identification:_identify(src/r2_driver) by extension 'ignore'
[1.519s] Level 1:colcon.colcon_core.package_identification:_identify(src/r2_driver) by extension 'ignore_ament_install'
[1.519s] Level 1:colcon.colcon_core.package_identification:_identify(src/r2_driver) by extensions ['colcon_pkg']
[1.519s] Level 1:colcon.colcon_core.package_identification:_identify(src/r2_driver) by extension 'colcon_pkg'
[1.520s] Level 1:colcon.colcon_core.package_identification:_identify(src/r2_driver) by extensions ['colcon_meta']
[1.520s] Level 1:colcon.colcon_core.package_identification:_identify(src/r2_driver) by extension 'colcon_meta'
[1.520s] Level 1:colcon.colcon_core.package_identification:_identify(src/r2_driver) by extensions ['ros']
[1.520s] Level 1:colcon.colcon_core.package_identification:_identify(src/r2_driver) by extension 'ros'
[1.523s] DEBUG:colcon.colcon_core.package_identification:Package 'src/r2_driver' with type 'ros.ament_python' and name 'r2_driver'
[1.524s] Level 1:colcon.colcon_core.package_identification:_identify(src/r2_localization) by extensions ['ignore', 'ignore_ament_install']
[1.524s] Level 1:colcon.colcon_core.package_identification:_identify(src/r2_localization) by extension 'ignore'
[1.525s] Level 1:colcon.colcon_core.package_identification:_identify(src/r2_localization) by extension 'ignore_ament_install'
[1.525s] Level 1:colcon.colcon_core.package_identification:_identify(src/r2_localization) by extensions ['colcon_pkg']
[1.525s] Level 1:colcon.colcon_core.package_identification:_identify(src/r2_localization) by extension 'colcon_pkg'
[1.525s] Level 1:colcon.colcon_core.package_identification:_identify(src/r2_localization) by extensions ['colcon_meta']
[1.525s] Level 1:colcon.colcon_core.package_identification:_identify(src/r2_localization) by extension 'colcon_meta'
[1.526s] Level 1:colcon.colcon_core.package_identification:_identify(src/r2_localization) by extensions ['ros']
[1.526s] Level 1:colcon.colcon_core.package_identification:_identify(src/r2_localization) by extension 'ros'
[1.563s] DEBUG:colcon.colcon_core.package_identification:Package 'src/r2_localization' with type 'ros.ament_cmake' and name 'r2_localization'
[1.564s] Level 1:colcon.colcon_core.package_identification:_identify(src/r2_rtabmap) by extensions ['ignore', 'ignore_ament_install']
[1.564s] Level 1:colcon.colcon_core.package_identification:_identify(src/r2_rtabmap) by extension 'ignore'
[1.565s] Level 1:colcon.colcon_core.package_identification:_identify(src/r2_rtabmap) by extension 'ignore_ament_install'
[1.565s] Level 1:colcon.colcon_core.package_identification:_identify(src/r2_rtabmap) by extensions ['colcon_pkg']
[1.565s] Level 1:colcon.colcon_core.package_identification:_identify(src/r2_rtabmap) by extension 'colcon_pkg'
[1.565s] Level 1:colcon.colcon_core.package_identification:_identify(src/r2_rtabmap) by extensions ['colcon_meta']
[1.565s] Level 1:colcon.colcon_core.package_identification:_identify(src/r2_rtabmap) by extension 'colcon_meta'
[1.566s] Level 1:colcon.colcon_core.package_identification:_identify(src/r2_rtabmap) by extensions ['ros']
[1.566s] Level 1:colcon.colcon_core.package_identification:_identify(src/r2_rtabmap) by extension 'ros'
[1.568s] DEBUG:colcon.colcon_core.package_identification:Package 'src/r2_rtabmap' with type 'ros.ament_cmake' and name 'r2_rtabmap'
[1.568s] Level 1:colcon.colcon_core.package_identification:_identify(src/r2_wheel_odometry) by extensions ['ignore', 'ignore_ament_install']
[1.569s] Level 1:colcon.colcon_core.package_identification:_identify(src/r2_wheel_odometry) by extension 'ignore'
[1.569s] Level 1:colcon.colcon_core.package_identification:_identify(src/r2_wheel_odometry) by extension 'ignore_ament_install'
[1.569s] Level 1:colcon.colcon_core.package_identification:_identify(src/r2_wheel_odometry) by extensions ['colcon_pkg']
[1.570s] Level 1:colcon.colcon_core.package_identification:_identify(src/r2_wheel_odometry) by extension 'colcon_pkg'
[1.570s] Level 1:colcon.colcon_core.package_identification:_identify(src/r2_wheel_odometry) by extensions ['colcon_meta']
[1.570s] Level 1:colcon.colcon_core.package_identification:_identify(src/r2_wheel_odometry) by extension 'colcon_meta'
[1.570s] Level 1:colcon.colcon_core.package_identification:_identify(src/r2_wheel_odometry) by extensions ['ros']
[1.570s] Level 1:colcon.colcon_core.package_identification:_identify(src/r2_wheel_odometry) by extension 'ros'
[1.573s] DEBUG:colcon.colcon_core.package_identification:Package 'src/r2_wheel_odometry' with type 'ros.ament_python' and name 'r2_wheel_odometry'
[1.574s] Level 1:colcon.colcon_core.package_identification:_identify(src/r2_wheel_odometry_and_imu) by extensions ['ignore', 'ignore_ament_install']
[1.574s] Level 1:colcon.colcon_core.package_identification:_identify(src/r2_wheel_odometry_and_imu) by extension 'ignore'
[1.575s] Level 1:colcon.colcon_core.package_identification:_identify(src/r2_wheel_odometry_and_imu) by extension 'ignore_ament_install'
[1.575s] Level 1:colcon.colcon_core.package_identification:_identify(src/r2_wheel_odometry_and_imu) by extensions ['colcon_pkg']
[1.575s] Level 1:colcon.colcon_core.package_identification:_identify(src/r2_wheel_odometry_and_imu) by extension 'colcon_pkg'
[1.575s] Level 1:colcon.colcon_core.package_identification:_identify(src/r2_wheel_odometry_and_imu) by extensions ['colcon_meta']
[1.576s] Level 1:colcon.colcon_core.package_identification:_identify(src/r2_wheel_odometry_and_imu) by extension 'colcon_meta'
[1.576s] Level 1:colcon.colcon_core.package_identification:_identify(src/r2_wheel_odometry_and_imu) by extensions ['ros']
[1.576s] Level 1:colcon.colcon_core.package_identification:_identify(src/r2_wheel_odometry_and_imu) by extension 'ros'
[1.580s] DEBUG:colcon.colcon_core.package_identification:Package 'src/r2_wheel_odometry_and_imu' with type 'ros.ament_python' and name 'r2_wheel_odometry_and_imu'
[1.580s] Level 1:colcon.colcon_core.package_identification:_identify(src/ros2_astra_camera) by extensions ['ignore', 'ignore_ament_install']
[1.581s] Level 1:colcon.colcon_core.package_identification:_identify(src/ros2_astra_camera) by extension 'ignore'
[1.581s] Level 1:colcon.colcon_core.package_identification:_identify(src/ros2_astra_camera) by extension 'ignore_ament_install'
[1.581s] Level 1:colcon.colcon_core.package_identification:_identify(src/ros2_astra_camera) by extensions ['colcon_pkg']
[1.581s] Level 1:colcon.colcon_core.package_identification:_identify(src/ros2_astra_camera) by extension 'colcon_pkg'
[1.581s] Level 1:colcon.colcon_core.package_identification:_identify(src/ros2_astra_camera) by extensions ['colcon_meta']
[1.582s] Level 1:colcon.colcon_core.package_identification:_identify(src/ros2_astra_camera) by extension 'colcon_meta'
[1.582s] Level 1:colcon.colcon_core.package_identification:_identify(src/ros2_astra_camera) by extensions ['ros']
[1.582s] Level 1:colcon.colcon_core.package_identification:_identify(src/ros2_astra_camera) by extension 'ros'
[1.582s] Level 1:colcon.colcon_core.package_identification:_identify(src/ros2_astra_camera) by extensions ['cmake', 'python']
[1.582s] Level 1:colcon.colcon_core.package_identification:_identify(src/ros2_astra_camera) by extension 'cmake'
[1.583s] Level 1:colcon.colcon_core.package_identification:_identify(src/ros2_astra_camera) by extension 'python'
[1.583s] Level 1:colcon.colcon_core.package_identification:_identify(src/ros2_astra_camera) by extensions ['python_setup_py']
[1.583s] Level 1:colcon.colcon_core.package_identification:_identify(src/ros2_astra_camera) by extension 'python_setup_py'
[1.584s] Level 1:colcon.colcon_core.package_identification:_identify(src/ros2_astra_camera/astra_camera) by extensions ['ignore', 'ignore_ament_install']
[1.584s] Level 1:colcon.colcon_core.package_identification:_identify(src/ros2_astra_camera/astra_camera) by extension 'ignore'
[1.584s] Level 1:colcon.colcon_core.package_identification:_identify(src/ros2_astra_camera/astra_camera) by extension 'ignore_ament_install'
[1.585s] Level 1:colcon.colcon_core.package_identification:_identify(src/ros2_astra_camera/astra_camera) by extensions ['colcon_pkg']
[1.585s] Level 1:colcon.colcon_core.package_identification:_identify(src/ros2_astra_camera/astra_camera) by extension 'colcon_pkg'
[1.585s] Level 1:colcon.colcon_core.package_identification:_identify(src/ros2_astra_camera/astra_camera) by extensions ['colcon_meta']
[1.585s] Level 1:colcon.colcon_core.package_identification:_identify(src/ros2_astra_camera/astra_camera) by extension 'colcon_meta'
[1.585s] Level 1:colcon.colcon_core.package_identification:_identify(src/ros2_astra_camera/astra_camera) by extensions ['ros']
[1.585s] Level 1:colcon.colcon_core.package_identification:_identify(src/ros2_astra_camera/astra_camera) by extension 'ros'
[1.593s] DEBUG:colcon.colcon_core.package_identification:Package 'src/ros2_astra_camera/astra_camera' with type 'ros.ament_cmake' and name 'astra_camera'
[1.594s] Level 1:colcon.colcon_core.package_identification:_identify(src/ros2_astra_camera/astra_camera_msgs) by extensions ['ignore', 'ignore_ament_install']
[1.594s] Level 1:colcon.colcon_core.package_identification:_identify(src/ros2_astra_camera/astra_camera_msgs) by extension 'ignore'
[1.595s] Level 1:colcon.colcon_core.package_identification:_identify(src/ros2_astra_camera/astra_camera_msgs) by extension 'ignore_ament_install'
[1.595s] Level 1:colcon.colcon_core.package_identification:_identify(src/ros2_astra_camera/astra_camera_msgs) by extensions ['colcon_pkg']
[1.595s] Level 1:colcon.colcon_core.package_identification:_identify(src/ros2_astra_camera/astra_camera_msgs) by extension 'colcon_pkg'
[1.595s] Level 1:colcon.colcon_core.package_identification:_identify(src/ros2_astra_camera/astra_camera_msgs) by extensions ['colcon_meta']
[1.596s] Level 1:colcon.colcon_core.package_identification:_identify(src/ros2_astra_camera/astra_camera_msgs) by extension 'colcon_meta'
[1.596s] Level 1:colcon.colcon_core.package_identification:_identify(src/ros2_astra_camera/astra_camera_msgs) by extensions ['ros']
[1.596s] Level 1:colcon.colcon_core.package_identification:_identify(src/ros2_astra_camera/astra_camera_msgs) by extension 'ros'
[1.598s] DEBUG:colcon.colcon_core.package_identification:Package 'src/ros2_astra_camera/astra_camera_msgs' with type 'ros.ament_cmake' and name 'astra_camera_msgs'
[1.599s] Level 1:colcon.colcon_core.package_identification:_identify(src/rplidar_ros) by extensions ['ignore', 'ignore_ament_install']
[1.600s] Level 1:colcon.colcon_core.package_identification:_identify(src/rplidar_ros) by extension 'ignore'
[1.600s] Level 1:colcon.colcon_core.package_identification:_identify(src/rplidar_ros) by extension 'ignore_ament_install'
[1.600s] Level 1:colcon.colcon_core.package_identification:_identify(src/rplidar_ros) by extensions ['colcon_pkg']
[1.600s] Level 1:colcon.colcon_core.package_identification:_identify(src/rplidar_ros) by extension 'colcon_pkg'
[1.600s] Level 1:colcon.colcon_core.package_identification:_identify(src/rplidar_ros) by extensions ['colcon_meta']
[1.601s] Level 1:colcon.colcon_core.package_identification:_identify(src/rplidar_ros) by extension 'colcon_meta'
[1.601s] Level 1:colcon.colcon_core.package_identification:_identify(src/rplidar_ros) by extensions ['ros']
[1.601s] Level 1:colcon.colcon_core.package_identification:_identify(src/rplidar_ros) by extension 'ros'
[1.603s] DEBUG:colcon.colcon_core.package_identification:Package 'src/rplidar_ros' with type 'ros.ament_cmake' and name 'rplidar_ros'
[1.604s] Level 1:colcon.colcon_core.package_discovery:discover_packages(recursive) using defaults
[1.604s] Level 1:colcon.colcon_core.package_discovery:discover_packages(ignore) discover
[1.604s] Level 1:colcon.colcon_core.package_discovery:discover_packages(ignore) using defaults
[1.604s] Level 1:colcon.colcon_core.package_discovery:discover_packages(path) discover
[1.604s] Level 1:colcon.colcon_core.package_discovery:discover_packages(path) using defaults
[1.690s] INFO:colcon.colcon_core.package_selection:Skipping not selected package 'astra_camera_msgs' in 'src/ros2_astra_camera/astra_camera_msgs'
[1.690s] INFO:colcon.colcon_core.package_selection:Skipping not selected package 'r2_bringup' in 'src/r2_bringup'
[1.690s] INFO:colcon.colcon_core.package_selection:Skipping not selected package 'r2_description' in 'src/r2_description'
[1.690s] INFO:colcon.colcon_core.package_selection:Skipping not selected package 'r2_driver' in 'src/r2_driver'
[1.690s] INFO:colcon.colcon_core.package_selection:Skipping not selected package 'r2_localization' in 'src/r2_localization'
[1.690s] INFO:colcon.colcon_core.package_selection:Skipping not selected package 'r2_rtabmap' in 'src/r2_rtabmap'
[1.691s] INFO:colcon.colcon_core.package_selection:Skipping not selected package 'r2_wheel_odometry' in 'src/r2_wheel_odometry'
[1.691s] INFO:colcon.colcon_core.package_selection:Skipping not selected package 'r2_wheel_odometry_and_imu' in 'src/r2_wheel_odometry_and_imu'
[1.691s] INFO:colcon.colcon_core.package_selection:Skipping not selected package 'rplidar_ros' in 'src/rplidar_ros'
[1.691s] INFO:colcon.colcon_core.package_selection:Skipping not selected package 'astra_camera' in 'src/ros2_astra_camera/astra_camera'
[1.693s] Level 1:colcon.colcon_core.package_discovery:discover_packages(prefix_path) check parameters
[1.693s] Level 1:colcon.colcon_core.package_discovery:discover_packages(prefix_path) discover
[1.705s] DEBUG:colcon.colcon_installed_package_information.package_discovery:Found 11 installed packages in /home/tee/ros2_fyp/install
[1.718s] DEBUG:colcon.colcon_installed_package_information.package_discovery:Found 375 installed packages in /opt/ros/humble
[1.729s] Level 1:colcon.colcon_core.package_discovery:discover_packages(prefix_path) using defaults
[1.951s] Level 5:colcon.colcon_core.verb:set package 'r2_cloud_accumulator' build argument 'cmake_args' from command line to 'None'
[1.951s] Level 5:colcon.colcon_core.verb:set package 'r2_cloud_accumulator' build argument 'cmake_target' from command line to 'None'
[1.951s] Level 5:colcon.colcon_core.verb:set package 'r2_cloud_accumulator' build argument 'cmake_target_skip_unavailable' from command line to 'False'
[1.952s] Level 5:colcon.colcon_core.verb:set package 'r2_cloud_accumulator' build argument 'cmake_clean_cache' from command line to 'False'
[1.952s] Level 5:colcon.colcon_core.verb:set package 'r2_cloud_accumulator' build argument 'cmake_clean_first' from command line to 'False'
[1.952s] Level 5:colcon.colcon_core.verb:set package 'r2_cloud_accumulator' build argument 'cmake_force_configure' from command line to 'False'
[1.952s] Level 5:colcon.colcon_core.verb:set package 'r2_cloud_accumulator' build argument 'ament_cmake_args' from command line to 'None'
[1.952s] Level 5:colcon.colcon_core.verb:set package 'r2_cloud_accumulator' build argument 'catkin_cmake_args' from command line to 'None'
[1.952s] Level 5:colcon.colcon_core.verb:set package 'r2_cloud_accumulator' build argument 'catkin_skip_building_tests' from command line to 'False'
[1.952s] DEBUG:colcon.colcon_core.verb:Building package 'r2_cloud_accumulator' with the following arguments: {'ament_cmake_args': None, 'build_base': '/home/tee/ros2_fyp/build/r2_cloud_accumulator', 'catkin_cmake_args': None, 'catkin_skip_building_tests': False, 'cmake_args': None, 'cmake_clean_cache': False, 'cmake_clean_first': False, 'cmake_force_configure': False, 'cmake_target': None, 'cmake_target_skip_unavailable': False, 'install_base': '/home/tee/ros2_fyp/install/r2_cloud_accumulator', 'merge_install': False, 'path': '/home/tee/ros2_fyp/src/r2_cloud_accumulator', 'symlink_install': False, 'test_result_base': None}
[1.953s] INFO:colcon.colcon_core.executor:Executing jobs using 'parallel' executor
[1.956s] DEBUG:colcon.colcon_parallel_executor.executor.parallel:run_until_complete
[1.957s] INFO:colcon.colcon_ros.task.ament_python.build:Building ROS package in '/home/tee/ros2_fyp/src/r2_cloud_accumulator' with build type 'ament_python'
[1.958s] Level 1:colcon.colcon_core.shell:create_environment_hook('r2_cloud_accumulator', 'ament_prefix_path')
[1.970s] INFO:colcon.colcon_core.plugin_system:Skipping extension 'colcon_core.shell.bat': Not used on non-Windows systems
[1.971s] INFO:colcon.colcon_core.shell:Creating environment hook '/home/tee/ros2_fyp/install/r2_cloud_accumulator/share/r2_cloud_accumulator/hook/ament_prefix_path.ps1'
[1.974s] INFO:colcon.colcon_core.shell:Creating environment descriptor '/home/tee/ros2_fyp/install/r2_cloud_accumulator/share/r2_cloud_accumulator/hook/ament_prefix_path.dsv'
[1.976s] INFO:colcon.colcon_core.shell:Creating environment hook '/home/tee/ros2_fyp/install/r2_cloud_accumulator/share/r2_cloud_accumulator/hook/ament_prefix_path.sh'
[1.980s] INFO:colcon.colcon_core.shell:Skip shell extension 'powershell' for command environment: Not usable outside of PowerShell
[1.980s] DEBUG:colcon.colcon_core.shell:Skip shell extension 'dsv' for command environment
[3.411s] INFO:colcon.colcon_core.task.python.build:Building Python package in '/home/tee/ros2_fyp/src/r2_cloud_accumulator'
[3.412s] INFO:colcon.colcon_core.shell:Skip shell extension 'powershell' for command environment: Not usable outside of PowerShell
[3.412s] DEBUG:colcon.colcon_core.shell:Skip shell extension 'dsv' for command environment
[5.415s] DEBUG:colcon.colcon_core.event_handler.log_command:Invoking command in '/home/tee/ros2_fyp/src/r2_cloud_accumulator': PYTHONPATH=/home/tee/ros2_fyp/build/r2_cloud_accumulator/prefix_override:/usr/lib/python3/dist-packages/colcon_core/task/python/colcon_distutils_commands:/home/tee/ros2_fyp/install/r2_cloud_accumulator/lib/python3.10/site-packages:${PYTHONPATH} /usr/bin/python3 -W ignore:setup.py install is deprecated -W ignore:easy_install command is deprecated setup.py egg_info --egg-base ../../build/r2_cloud_accumulator build --build-base /home/tee/ros2_fyp/build/r2_cloud_accumulator/build install --record /home/tee/ros2_fyp/build/r2_cloud_accumulator/install.log --single-version-externally-managed install_data
[6.964s] DEBUG:colcon.colcon_core.event_handler.log_command:Invoked command in '/home/tee/ros2_fyp/src/r2_cloud_accumulator' returned '0': PYTHONPATH=/home/tee/ros2_fyp/build/r2_cloud_accumulator/prefix_override:/usr/lib/python3/dist-packages/colcon_core/task/python/colcon_distutils_commands:/home/tee/ros2_fyp/install/r2_cloud_accumulator/lib/python3.10/site-packages:${PYTHONPATH} /usr/bin/python3 -W ignore:setup.py install is deprecated -W ignore:easy_install command is deprecated setup.py egg_info --egg-base ../../build/r2_cloud_accumulator build --build-base /home/tee/ros2_fyp/build/r2_cloud_accumulator/build install --record /home/tee/ros2_fyp/build/r2_cloud_accumulator/install.log --single-version-externally-managed install_data
[6.974s] Level 1:colcon.colcon_core.environment:checking '/home/tee/ros2_fyp/install/r2_cloud_accumulator' for CMake module files
[6.976s] Level 1:colcon.colcon_core.environment:checking '/home/tee/ros2_fyp/install/r2_cloud_accumulator' for CMake config files
[6.980s] Level 1:colcon.colcon_core.environment:checking '/home/tee/ros2_fyp/install/r2_cloud_accumulator/lib'
[6.981s] Level 1:colcon.colcon_core.environment:checking '/home/tee/ros2_fyp/install/r2_cloud_accumulator/bin'
[6.982s] Level 1:colcon.colcon_core.environment:checking '/home/tee/ros2_fyp/install/r2_cloud_accumulator/lib/pkgconfig/r2_cloud_accumulator.pc'
[6.983s] Level 1:colcon.colcon_core.environment:checking '/home/tee/ros2_fyp/install/r2_cloud_accumulator/lib/python3.10/site-packages'
[6.983s] Level 1:colcon.colcon_core.shell:create_environment_hook('r2_cloud_accumulator', 'pythonpath')
[6.984s] INFO:colcon.colcon_core.shell:Creating environment hook '/home/tee/ros2_fyp/install/r2_cloud_accumulator/share/r2_cloud_accumulator/hook/pythonpath.ps1'
[6.987s] INFO:colcon.colcon_core.shell:Creating environment descriptor '/home/tee/ros2_fyp/install/r2_cloud_accumulator/share/r2_cloud_accumulator/hook/pythonpath.dsv'
[6.990s] INFO:colcon.colcon_core.shell:Creating environment hook '/home/tee/ros2_fyp/install/r2_cloud_accumulator/share/r2_cloud_accumulator/hook/pythonpath.sh'
[6.995s] Level 1:colcon.colcon_core.environment:checking '/home/tee/ros2_fyp/install/r2_cloud_accumulator/bin'
[6.995s] Level 1:colcon.colcon_core.environment:create_environment_scripts_only(r2_cloud_accumulator)
[6.997s] INFO:colcon.colcon_core.shell:Creating package script '/home/tee/ros2_fyp/install/r2_cloud_accumulator/share/r2_cloud_accumulator/package.ps1'
[7.001s] INFO:colcon.colcon_core.shell:Creating package descriptor '/home/tee/ros2_fyp/install/r2_cloud_accumulator/share/r2_cloud_accumulator/package.dsv'
[7.004s] INFO:colcon.colcon_core.shell:Creating package script '/home/tee/ros2_fyp/install/r2_cloud_accumulator/share/r2_cloud_accumulator/package.sh'
[7.008s] INFO:colcon.colcon_core.shell:Creating package script '/home/tee/ros2_fyp/install/r2_cloud_accumulator/share/r2_cloud_accumulator/package.bash'
[7.011s] INFO:colcon.colcon_core.shell:Creating package script '/home/tee/ros2_fyp/install/r2_cloud_accumulator/share/r2_cloud_accumulator/package.zsh'
[7.014s] Level 1:colcon.colcon_core.environment:create_file_with_runtime_dependencies(/home/tee/ros2_fyp/install/r2_cloud_accumulator/share/colcon-core/packages/r2_cloud_accumulator)
[7.016s] DEBUG:colcon.colcon_parallel_executor.executor.parallel:closing loop
[7.017s] DEBUG:colcon.colcon_parallel_executor.executor.parallel:loop closed
[7.018s] DEBUG:colcon.colcon_parallel_executor.executor.parallel:run_until_complete finished with '0'
[7.018s] DEBUG:colcon.colcon_core.event_reactor:joining thread
[7.042s] INFO:colcon.colcon_core.plugin_system:Skipping extension 'colcon_notification.desktop_notification.terminal_notifier': Not used on non-Darwin systems
[7.042s] INFO:colcon.colcon_core.plugin_system:Skipping extension 'colcon_notification.desktop_notification.win32': Not used on non-Windows systems
[7.042s] INFO:colcon.colcon_notification.desktop_notification:Sending desktop notification using 'notify2'
[7.047s] DEBUG:colcon.colcon_notification.desktop_notification.notify2:Failed to initialize notify2: org.freedesktop.DBus.Error.ServiceUnknown: The name org.freedesktop.Notifications was not provided by any .service files
[7.048s] DEBUG:colcon.colcon_core.event_reactor:joined thread
[7.049s] INFO:colcon.colcon_core.shell:Creating prefix script '/home/tee/ros2_fyp/install/local_setup.ps1'
[7.054s] INFO:colcon.colcon_core.shell:Creating prefix util module '/home/tee/ros2_fyp/install/_local_setup_util_ps1.py'
[7.061s] INFO:colcon.colcon_core.shell:Creating prefix chain script '/home/tee/ros2_fyp/install/setup.ps1'
[7.068s] INFO:colcon.colcon_core.shell:Creating prefix script '/home/tee/ros2_fyp/install/local_setup.sh'
[7.071s] INFO:colcon.colcon_core.shell:Creating prefix util module '/home/tee/ros2_fyp/install/_local_setup_util_sh.py'
[7.074s] INFO:colcon.colcon_core.shell:Creating prefix chain script '/home/tee/ros2_fyp/install/setup.sh'
[7.082s] INFO:colcon.colcon_core.shell:Creating prefix script '/home/tee/ros2_fyp/install/local_setup.bash'
[7.085s] INFO:colcon.colcon_core.shell:Creating prefix chain script '/home/tee/ros2_fyp/install/setup.bash'
[7.093s] INFO:colcon.colcon_core.shell:Creating prefix script '/home/tee/ros2_fyp/install/local_setup.zsh'
[7.096s] INFO:colcon.colcon_core.shell:Creating prefix chain script '/home/tee/ros2_fyp/install/setup.zsh'
