[0.494s] DEBUG:colcon:Command line arguments: ['/usr/bin/colcon', 'build', '--packages-select', 'r2_rtabmap']
[0.494s] DEBUG:colcon:Parsed command line arguments: Namespace(log_base=None, log_level=None, verb_name='build', build_base='build', install_base='install', merge_install=False, symlink_install=False, test_result_base=None, continue_on_error=False, executor='parallel', parallel_workers=4, event_handlers=None, ignore_user_meta=False, metas=['./colcon.meta'], base_paths=['.'], packages_ignore=None, packages_ignore_regex=None, paths=None, packages_up_to=None, packages_up_to_regex=None, packages_above=None, packages_above_and_dependencies=None, packages_above_depth=None, packages_select_by_dep=None, packages_skip_by_dep=None, packages_skip_up_to=None, packages_select_build_failed=False, packages_skip_build_finished=False, packages_select_test_failures=False, packages_skip_test_passed=False, packages_select=['r2_rtabmap'], packages_skip=None, packages_select_regex=None, packages_skip_regex=None, packages_start=None, packages_end=None, allow_overriding=[], cmake_args=None, cmake_target=None, cmake_target_skip_unavailable=False, cmake_clean_cache=False, cmake_clean_first=False, cmake_force_configure=False, ament_cmake_args=None, catkin_cmake_args=None, catkin_skip_building_tests=False, mixin_files=None, mixin=None, verb_parser=<colcon_mixin.mixin.mixin_argument.MixinArgumentDecorator object at 0xffff8a75b910>, verb_extension=<colcon_core.verb.build.BuildVerb object at 0xffff8a929300>, main=<bound method BuildVerb.main of <colcon_core.verb.build.BuildVerb object at 0xffff8a929300>>, mixin_verb=('build',))
[1.403s] Level 1:colcon.colcon_core.package_discovery:discover_packages(colcon_meta) check parameters
[1.403s] Level 1:colcon.colcon_core.package_discovery:discover_packages(recursive) check parameters
[1.404s] Level 1:colcon.colcon_core.package_discovery:discover_packages(ignore) check parameters
[1.404s] Level 1:colcon.colcon_core.package_discovery:discover_packages(path) check parameters
[1.404s] Level 1:colcon.colcon_core.package_discovery:discover_packages(colcon_meta) discover
[1.404s] Level 1:colcon.colcon_core.package_discovery:discover_packages(recursive) discover
[1.404s] INFO:colcon.colcon_core.package_discovery:Crawling recursively for packages in '/home/tee/ros2_fyp'
[1.405s] Level 1:colcon.colcon_core.package_identification:_identify(.) by extensions ['ignore', 'ignore_ament_install']
[1.405s] Level 1:colcon.colcon_core.package_identification:_identify(.) by extension 'ignore'
[1.406s] Level 1:colcon.colcon_core.package_identification:_identify(.) by extension 'ignore_ament_install'
[1.406s] Level 1:colcon.colcon_core.package_identification:_identify(.) by extensions ['colcon_pkg']
[1.406s] Level 1:colcon.colcon_core.package_identification:_identify(.) by extension 'colcon_pkg'
[1.406s] Level 1:colcon.colcon_core.package_identification:_identify(.) by extensions ['colcon_meta']
[1.406s] Level 1:colcon.colcon_core.package_identification:_identify(.) by extension 'colcon_meta'
[1.406s] Level 1:colcon.colcon_core.package_identification:_identify(.) by extensions ['ros']
[1.407s] Level 1:colcon.colcon_core.package_identification:_identify(.) by extension 'ros'
[1.450s] Level 1:colcon.colcon_core.package_identification:_identify(.) by extensions ['cmake', 'python']
[1.451s] Level 1:colcon.colcon_core.package_identification:_identify(.) by extension 'cmake'
[1.451s] Level 1:colcon.colcon_core.package_identification:_identify(.) by extension 'python'
[1.451s] Level 1:colcon.colcon_core.package_identification:_identify(.) by extensions ['python_setup_py']
[1.451s] Level 1:colcon.colcon_core.package_identification:_identify(.) by extension 'python_setup_py'
[1.452s] Level 1:colcon.colcon_core.package_identification:_identify(build) by extensions ['ignore', 'ignore_ament_install']
[1.458s] Level 1:colcon.colcon_core.package_identification:_identify(build) by extension 'ignore'
[1.458s] Level 1:colcon.colcon_core.package_identification:_identify(build) ignored
[1.459s] Level 1:colcon.colcon_core.package_identification:_identify(config) by extensions ['ignore', 'ignore_ament_install']
[1.459s] Level 1:colcon.colcon_core.package_identification:_identify(config) by extension 'ignore'
[1.459s] Level 1:colcon.colcon_core.package_identification:_identify(config) by extension 'ignore_ament_install'
[1.460s] Level 1:colcon.colcon_core.package_identification:_identify(config) by extensions ['colcon_pkg']
[1.460s] Level 1:colcon.colcon_core.package_identification:_identify(config) by extension 'colcon_pkg'
[1.460s] Level 1:colcon.colcon_core.package_identification:_identify(config) by extensions ['colcon_meta']
[1.460s] Level 1:colcon.colcon_core.package_identification:_identify(config) by extension 'colcon_meta'
[1.460s] Level 1:colcon.colcon_core.package_identification:_identify(config) by extensions ['ros']
[1.460s] Level 1:colcon.colcon_core.package_identification:_identify(config) by extension 'ros'
[1.461s] Level 1:colcon.colcon_core.package_identification:_identify(config) by extensions ['cmake', 'python']
[1.461s] Level 1:colcon.colcon_core.package_identification:_identify(config) by extension 'cmake'
[1.461s] Level 1:colcon.colcon_core.package_identification:_identify(config) by extension 'python'
[1.461s] Level 1:colcon.colcon_core.package_identification:_identify(config) by extensions ['python_setup_py']
[1.461s] Level 1:colcon.colcon_core.package_identification:_identify(config) by extension 'python_setup_py'
[1.462s] Level 1:colcon.colcon_core.package_identification:_identify(install) by extensions ['ignore', 'ignore_ament_install']
[1.462s] Level 1:colcon.colcon_core.package_identification:_identify(install) by extension 'ignore'
[1.463s] Level 1:colcon.colcon_core.package_identification:_identify(install) ignored
[1.463s] Level 1:colcon.colcon_core.package_identification:_identify(log) by extensions ['ignore', 'ignore_ament_install']
[1.464s] Level 1:colcon.colcon_core.package_identification:_identify(log) by extension 'ignore'
[1.464s] Level 1:colcon.colcon_core.package_identification:_identify(log) ignored
[1.464s] Level 1:colcon.colcon_core.package_identification:_identify(src) by extensions ['ignore', 'ignore_ament_install']
[1.465s] Level 1:colcon.colcon_core.package_identification:_identify(src) by extension 'ignore'
[1.465s] Level 1:colcon.colcon_core.package_identification:_identify(src) by extension 'ignore_ament_install'
[1.465s] Level 1:colcon.colcon_core.package_identification:_identify(src) by extensions ['colcon_pkg']
[1.465s] Level 1:colcon.colcon_core.package_identification:_identify(src) by extension 'colcon_pkg'
[1.465s] Level 1:colcon.colcon_core.package_identification:_identify(src) by extensions ['colcon_meta']
[1.466s] Level 1:colcon.colcon_core.package_identification:_identify(src) by extension 'colcon_meta'
[1.466s] Level 1:colcon.colcon_core.package_identification:_identify(src) by extensions ['ros']
[1.466s] Level 1:colcon.colcon_core.package_identification:_identify(src) by extension 'ros'
[1.466s] Level 1:colcon.colcon_core.package_identification:_identify(src) by extensions ['cmake', 'python']
[1.466s] Level 1:colcon.colcon_core.package_identification:_identify(src) by extension 'cmake'
[1.467s] Level 1:colcon.colcon_core.package_identification:_identify(src) by extension 'python'
[1.467s] Level 1:colcon.colcon_core.package_identification:_identify(src) by extensions ['python_setup_py']
[1.467s] Level 1:colcon.colcon_core.package_identification:_identify(src) by extension 'python_setup_py'
[1.467s] Level 1:colcon.colcon_core.package_identification:_identify(src/r2_bringup) by extensions ['ignore', 'ignore_ament_install']
[1.468s] Level 1:colcon.colcon_core.package_identification:_identify(src/r2_bringup) by extension 'ignore'
[1.468s] Level 1:colcon.colcon_core.package_identification:_identify(src/r2_bringup) by extension 'ignore_ament_install'
[1.468s] Level 1:colcon.colcon_core.package_identification:_identify(src/r2_bringup) by extensions ['colcon_pkg']
[1.468s] Level 1:colcon.colcon_core.package_identification:_identify(src/r2_bringup) by extension 'colcon_pkg'
[1.469s] Level 1:colcon.colcon_core.package_identification:_identify(src/r2_bringup) by extensions ['colcon_meta']
[1.469s] Level 1:colcon.colcon_core.package_identification:_identify(src/r2_bringup) by extension 'colcon_meta'
[1.469s] Level 1:colcon.colcon_core.package_identification:_identify(src/r2_bringup) by extensions ['ros']
[1.469s] Level 1:colcon.colcon_core.package_identification:_identify(src/r2_bringup) by extension 'ros'
[1.477s] DEBUG:colcon.colcon_core.package_identification:Package 'src/r2_bringup' with type 'ros.ament_cmake' and name 'r2_bringup'
[1.478s] Level 1:colcon.colcon_core.package_identification:_identify(src/r2_description) by extensions ['ignore', 'ignore_ament_install']
[1.478s] Level 1:colcon.colcon_core.package_identification:_identify(src/r2_description) by extension 'ignore'
[1.479s] Level 1:colcon.colcon_core.package_identification:_identify(src/r2_description) by extension 'ignore_ament_install'
[1.479s] Level 1:colcon.colcon_core.package_identification:_identify(src/r2_description) by extensions ['colcon_pkg']
[1.479s] Level 1:colcon.colcon_core.package_identification:_identify(src/r2_description) by extension 'colcon_pkg'
[1.479s] Level 1:colcon.colcon_core.package_identification:_identify(src/r2_description) by extensions ['colcon_meta']
[1.479s] Level 1:colcon.colcon_core.package_identification:_identify(src/r2_description) by extension 'colcon_meta'
[1.480s] Level 1:colcon.colcon_core.package_identification:_identify(src/r2_description) by extensions ['ros']
[1.480s] Level 1:colcon.colcon_core.package_identification:_identify(src/r2_description) by extension 'ros'
[1.482s] DEBUG:colcon.colcon_core.package_identification:Package 'src/r2_description' with type 'ros.ament_cmake' and name 'r2_description'
[1.483s] Level 1:colcon.colcon_core.package_identification:_identify(src/r2_driver) by extensions ['ignore', 'ignore_ament_install']
[1.483s] Level 1:colcon.colcon_core.package_identification:_identify(src/r2_driver) by extension 'ignore'
[1.483s] Level 1:colcon.colcon_core.package_identification:_identify(src/r2_driver) by extension 'ignore_ament_install'
[1.483s] Level 1:colcon.colcon_core.package_identification:_identify(src/r2_driver) by extensions ['colcon_pkg']
[1.484s] Level 1:colcon.colcon_core.package_identification:_identify(src/r2_driver) by extension 'colcon_pkg'
[1.484s] Level 1:colcon.colcon_core.package_identification:_identify(src/r2_driver) by extensions ['colcon_meta']
[1.484s] Level 1:colcon.colcon_core.package_identification:_identify(src/r2_driver) by extension 'colcon_meta'
[1.484s] Level 1:colcon.colcon_core.package_identification:_identify(src/r2_driver) by extensions ['ros']
[1.484s] Level 1:colcon.colcon_core.package_identification:_identify(src/r2_driver) by extension 'ros'
[1.487s] DEBUG:colcon.colcon_core.package_identification:Package 'src/r2_driver' with type 'ros.ament_python' and name 'r2_driver'
[1.487s] Level 1:colcon.colcon_core.package_identification:_identify(src/r2_rtabmap) by extensions ['ignore', 'ignore_ament_install']
[1.488s] Level 1:colcon.colcon_core.package_identification:_identify(src/r2_rtabmap) by extension 'ignore'
[1.488s] Level 1:colcon.colcon_core.package_identification:_identify(src/r2_rtabmap) by extension 'ignore_ament_install'
[1.488s] Level 1:colcon.colcon_core.package_identification:_identify(src/r2_rtabmap) by extensions ['colcon_pkg']
[1.488s] Level 1:colcon.colcon_core.package_identification:_identify(src/r2_rtabmap) by extension 'colcon_pkg'
[1.489s] Level 1:colcon.colcon_core.package_identification:_identify(src/r2_rtabmap) by extensions ['colcon_meta']
[1.489s] Level 1:colcon.colcon_core.package_identification:_identify(src/r2_rtabmap) by extension 'colcon_meta'
[1.489s] Level 1:colcon.colcon_core.package_identification:_identify(src/r2_rtabmap) by extensions ['ros']
[1.489s] Level 1:colcon.colcon_core.package_identification:_identify(src/r2_rtabmap) by extension 'ros'
[1.527s] DEBUG:colcon.colcon_core.package_identification:Package 'src/r2_rtabmap' with type 'ros.ament_cmake' and name 'r2_rtabmap'
[1.528s] Level 1:colcon.colcon_core.package_identification:_identify(src/r2_wheel_odometry) by extensions ['ignore', 'ignore_ament_install']
[1.528s] Level 1:colcon.colcon_core.package_identification:_identify(src/r2_wheel_odometry) by extension 'ignore'
[1.529s] Level 1:colcon.colcon_core.package_identification:_identify(src/r2_wheel_odometry) by extension 'ignore_ament_install'
[1.529s] Level 1:colcon.colcon_core.package_identification:_identify(src/r2_wheel_odometry) by extensions ['colcon_pkg']
[1.530s] Level 1:colcon.colcon_core.package_identification:_identify(src/r2_wheel_odometry) by extension 'colcon_pkg'
[1.530s] Level 1:colcon.colcon_core.package_identification:_identify(src/r2_wheel_odometry) by extensions ['colcon_meta']
[1.530s] Level 1:colcon.colcon_core.package_identification:_identify(src/r2_wheel_odometry) by extension 'colcon_meta'
[1.530s] Level 1:colcon.colcon_core.package_identification:_identify(src/r2_wheel_odometry) by extensions ['ros']
[1.530s] Level 1:colcon.colcon_core.package_identification:_identify(src/r2_wheel_odometry) by extension 'ros'
[1.534s] DEBUG:colcon.colcon_core.package_identification:Package 'src/r2_wheel_odometry' with type 'ros.ament_python' and name 'r2_wheel_odometry'
[1.534s] Level 1:colcon.colcon_core.package_identification:_identify(src/ros2_astra_camera) by extensions ['ignore', 'ignore_ament_install']
[1.535s] Level 1:colcon.colcon_core.package_identification:_identify(src/ros2_astra_camera) by extension 'ignore'
[1.535s] Level 1:colcon.colcon_core.package_identification:_identify(src/ros2_astra_camera) by extension 'ignore_ament_install'
[1.535s] Level 1:colcon.colcon_core.package_identification:_identify(src/ros2_astra_camera) by extensions ['colcon_pkg']
[1.535s] Level 1:colcon.colcon_core.package_identification:_identify(src/ros2_astra_camera) by extension 'colcon_pkg'
[1.535s] Level 1:colcon.colcon_core.package_identification:_identify(src/ros2_astra_camera) by extensions ['colcon_meta']
[1.536s] Level 1:colcon.colcon_core.package_identification:_identify(src/ros2_astra_camera) by extension 'colcon_meta'
[1.536s] Level 1:colcon.colcon_core.package_identification:_identify(src/ros2_astra_camera) by extensions ['ros']
[1.536s] Level 1:colcon.colcon_core.package_identification:_identify(src/ros2_astra_camera) by extension 'ros'
[1.536s] Level 1:colcon.colcon_core.package_identification:_identify(src/ros2_astra_camera) by extensions ['cmake', 'python']
[1.537s] Level 1:colcon.colcon_core.package_identification:_identify(src/ros2_astra_camera) by extension 'cmake'
[1.537s] Level 1:colcon.colcon_core.package_identification:_identify(src/ros2_astra_camera) by extension 'python'
[1.537s] Level 1:colcon.colcon_core.package_identification:_identify(src/ros2_astra_camera) by extensions ['python_setup_py']
[1.537s] Level 1:colcon.colcon_core.package_identification:_identify(src/ros2_astra_camera) by extension 'python_setup_py'
[1.538s] Level 1:colcon.colcon_core.package_identification:_identify(src/ros2_astra_camera/astra_camera) by extensions ['ignore', 'ignore_ament_install']
[1.538s] Level 1:colcon.colcon_core.package_identification:_identify(src/ros2_astra_camera/astra_camera) by extension 'ignore'
[1.538s] Level 1:colcon.colcon_core.package_identification:_identify(src/ros2_astra_camera/astra_camera) by extension 'ignore_ament_install'
[1.539s] Level 1:colcon.colcon_core.package_identification:_identify(src/ros2_astra_camera/astra_camera) by extensions ['colcon_pkg']
[1.539s] Level 1:colcon.colcon_core.package_identification:_identify(src/ros2_astra_camera/astra_camera) by extension 'colcon_pkg'
[1.539s] Level 1:colcon.colcon_core.package_identification:_identify(src/ros2_astra_camera/astra_camera) by extensions ['colcon_meta']
[1.539s] Level 1:colcon.colcon_core.package_identification:_identify(src/ros2_astra_camera/astra_camera) by extension 'colcon_meta'
[1.539s] Level 1:colcon.colcon_core.package_identification:_identify(src/ros2_astra_camera/astra_camera) by extensions ['ros']
[1.539s] Level 1:colcon.colcon_core.package_identification:_identify(src/ros2_astra_camera/astra_camera) by extension 'ros'
[1.547s] DEBUG:colcon.colcon_core.package_identification:Package 'src/ros2_astra_camera/astra_camera' with type 'ros.ament_cmake' and name 'astra_camera'
[1.548s] Level 1:colcon.colcon_core.package_identification:_identify(src/ros2_astra_camera/astra_camera_msgs) by extensions ['ignore', 'ignore_ament_install']
[1.548s] Level 1:colcon.colcon_core.package_identification:_identify(src/ros2_astra_camera/astra_camera_msgs) by extension 'ignore'
[1.548s] Level 1:colcon.colcon_core.package_identification:_identify(src/ros2_astra_camera/astra_camera_msgs) by extension 'ignore_ament_install'
[1.549s] Level 1:colcon.colcon_core.package_identification:_identify(src/ros2_astra_camera/astra_camera_msgs) by extensions ['colcon_pkg']
[1.549s] Level 1:colcon.colcon_core.package_identification:_identify(src/ros2_astra_camera/astra_camera_msgs) by extension 'colcon_pkg'
[1.549s] Level 1:colcon.colcon_core.package_identification:_identify(src/ros2_astra_camera/astra_camera_msgs) by extensions ['colcon_meta']
[1.549s] Level 1:colcon.colcon_core.package_identification:_identify(src/ros2_astra_camera/astra_camera_msgs) by extension 'colcon_meta'
[1.549s] Level 1:colcon.colcon_core.package_identification:_identify(src/ros2_astra_camera/astra_camera_msgs) by extensions ['ros']
[1.550s] Level 1:colcon.colcon_core.package_identification:_identify(src/ros2_astra_camera/astra_camera_msgs) by extension 'ros'
[1.552s] DEBUG:colcon.colcon_core.package_identification:Package 'src/ros2_astra_camera/astra_camera_msgs' with type 'ros.ament_cmake' and name 'astra_camera_msgs'
[1.553s] Level 1:colcon.colcon_core.package_identification:_identify(src/rplidar_ros) by extensions ['ignore', 'ignore_ament_install']
[1.553s] Level 1:colcon.colcon_core.package_identification:_identify(src/rplidar_ros) by extension 'ignore'
[1.554s] Level 1:colcon.colcon_core.package_identification:_identify(src/rplidar_ros) by extension 'ignore_ament_install'
[1.554s] Level 1:colcon.colcon_core.package_identification:_identify(src/rplidar_ros) by extensions ['colcon_pkg']
[1.554s] Level 1:colcon.colcon_core.package_identification:_identify(src/rplidar_ros) by extension 'colcon_pkg'
[1.554s] Level 1:colcon.colcon_core.package_identification:_identify(src/rplidar_ros) by extensions ['colcon_meta']
[1.555s] Level 1:colcon.colcon_core.package_identification:_identify(src/rplidar_ros) by extension 'colcon_meta'
[1.555s] Level 1:colcon.colcon_core.package_identification:_identify(src/rplidar_ros) by extensions ['ros']
[1.555s] Level 1:colcon.colcon_core.package_identification:_identify(src/rplidar_ros) by extension 'ros'
[1.557s] DEBUG:colcon.colcon_core.package_identification:Package 'src/rplidar_ros' with type 'ros.ament_cmake' and name 'rplidar_ros'
[1.558s] Level 1:colcon.colcon_core.package_discovery:discover_packages(recursive) using defaults
[1.558s] Level 1:colcon.colcon_core.package_discovery:discover_packages(ignore) discover
[1.558s] Level 1:colcon.colcon_core.package_discovery:discover_packages(ignore) using defaults
[1.558s] Level 1:colcon.colcon_core.package_discovery:discover_packages(path) discover
[1.558s] Level 1:colcon.colcon_core.package_discovery:discover_packages(path) using defaults
[1.638s] INFO:colcon.colcon_core.package_selection:Skipping not selected package 'astra_camera_msgs' in 'src/ros2_astra_camera/astra_camera_msgs'
[1.639s] INFO:colcon.colcon_core.package_selection:Skipping not selected package 'r2_bringup' in 'src/r2_bringup'
[1.639s] INFO:colcon.colcon_core.package_selection:Skipping not selected package 'r2_description' in 'src/r2_description'
[1.639s] INFO:colcon.colcon_core.package_selection:Skipping not selected package 'r2_driver' in 'src/r2_driver'
[1.639s] INFO:colcon.colcon_core.package_selection:Skipping not selected package 'r2_wheel_odometry' in 'src/r2_wheel_odometry'
[1.639s] INFO:colcon.colcon_core.package_selection:Skipping not selected package 'rplidar_ros' in 'src/rplidar_ros'
[1.640s] INFO:colcon.colcon_core.package_selection:Skipping not selected package 'astra_camera' in 'src/ros2_astra_camera/astra_camera'
[1.641s] Level 1:colcon.colcon_core.package_discovery:discover_packages(prefix_path) check parameters
[1.642s] Level 1:colcon.colcon_core.package_discovery:discover_packages(prefix_path) discover
[1.653s] DEBUG:colcon.colcon_installed_package_information.package_discovery:Found 8 installed packages in /home/tee/ros2_fyp/install
[1.665s] DEBUG:colcon.colcon_installed_package_information.package_discovery:Found 372 installed packages in /opt/ros/humble
[1.676s] Level 1:colcon.colcon_core.package_discovery:discover_packages(prefix_path) using defaults
[1.891s] Level 5:colcon.colcon_core.verb:set package 'r2_rtabmap' build argument 'cmake_args' from command line to 'None'
[1.892s] Level 5:colcon.colcon_core.verb:set package 'r2_rtabmap' build argument 'cmake_target' from command line to 'None'
[1.892s] Level 5:colcon.colcon_core.verb:set package 'r2_rtabmap' build argument 'cmake_target_skip_unavailable' from command line to 'False'
[1.892s] Level 5:colcon.colcon_core.verb:set package 'r2_rtabmap' build argument 'cmake_clean_cache' from command line to 'False'
[1.892s] Level 5:colcon.colcon_core.verb:set package 'r2_rtabmap' build argument 'cmake_clean_first' from command line to 'False'
[1.892s] Level 5:colcon.colcon_core.verb:set package 'r2_rtabmap' build argument 'cmake_force_configure' from command line to 'False'
[1.892s] Level 5:colcon.colcon_core.verb:set package 'r2_rtabmap' build argument 'ament_cmake_args' from command line to 'None'
[1.892s] Level 5:colcon.colcon_core.verb:set package 'r2_rtabmap' build argument 'catkin_cmake_args' from command line to 'None'
[1.892s] Level 5:colcon.colcon_core.verb:set package 'r2_rtabmap' build argument 'catkin_skip_building_tests' from command line to 'False'
[1.893s] DEBUG:colcon.colcon_core.verb:Building package 'r2_rtabmap' with the following arguments: {'ament_cmake_args': None, 'build_base': '/home/tee/ros2_fyp/build/r2_rtabmap', 'catkin_cmake_args': None, 'catkin_skip_building_tests': False, 'cmake_args': None, 'cmake_clean_cache': False, 'cmake_clean_first': False, 'cmake_force_configure': False, 'cmake_target': None, 'cmake_target_skip_unavailable': False, 'install_base': '/home/tee/ros2_fyp/install/r2_rtabmap', 'merge_install': False, 'path': '/home/tee/ros2_fyp/src/r2_rtabmap', 'symlink_install': False, 'test_result_base': None}
[1.893s] INFO:colcon.colcon_core.executor:Executing jobs using 'parallel' executor
[1.897s] DEBUG:colcon.colcon_parallel_executor.executor.parallel:run_until_complete
[1.898s] INFO:colcon.colcon_ros.task.ament_cmake.build:Building ROS package in '/home/tee/ros2_fyp/src/r2_rtabmap' with build type 'ament_cmake'
[1.898s] INFO:colcon.colcon_cmake.task.cmake.build:Building CMake package in '/home/tee/ros2_fyp/src/r2_rtabmap'
[1.908s] INFO:colcon.colcon_core.plugin_system:Skipping extension 'colcon_core.shell.bat': Not used on non-Windows systems
[1.910s] INFO:colcon.colcon_core.shell:Skip shell extension 'powershell' for command environment: Not usable outside of PowerShell
[1.910s] DEBUG:colcon.colcon_core.shell:Skip shell extension 'dsv' for command environment
[1.957s] DEBUG:colcon.colcon_core.event_handler.log_command:Invoking command in '/home/tee/ros2_fyp/build/r2_rtabmap': CMAKE_PREFIX_PATH=${CMAKE_PREFIX_PATH}:/home/tee/ros2_fyp/install/r2_wheel_odometry:/home/tee/ros2_fyp/install/r2_driver:/opt/ros/humble /usr/bin/cmake --build /home/tee/ros2_fyp/build/r2_rtabmap -- -j4 -l4
[2.124s] DEBUG:colcon.colcon_core.event_handler.log_command:Invoked command in '/home/tee/ros2_fyp/build/r2_rtabmap' returned '0': CMAKE_PREFIX_PATH=${CMAKE_PREFIX_PATH}:/home/tee/ros2_fyp/install/r2_wheel_odometry:/home/tee/ros2_fyp/install/r2_driver:/opt/ros/humble /usr/bin/cmake --build /home/tee/ros2_fyp/build/r2_rtabmap -- -j4 -l4
[2.169s] DEBUG:colcon.colcon_core.event_handler.log_command:Invoking command in '/home/tee/ros2_fyp/build/r2_rtabmap': CMAKE_PREFIX_PATH=${CMAKE_PREFIX_PATH}:/home/tee/ros2_fyp/install/r2_wheel_odometry:/home/tee/ros2_fyp/install/r2_driver:/opt/ros/humble /usr/bin/cmake --install /home/tee/ros2_fyp/build/r2_rtabmap
[2.217s] Level 1:colcon.colcon_core.environment:create_environment_scripts_only(r2_rtabmap)
[2.219s] DEBUG:colcon.colcon_core.event_handler.log_command:Invoked command in '/home/tee/ros2_fyp/build/r2_rtabmap' returned '0': CMAKE_PREFIX_PATH=${CMAKE_PREFIX_PATH}:/home/tee/ros2_fyp/install/r2_wheel_odometry:/home/tee/ros2_fyp/install/r2_driver:/opt/ros/humble /usr/bin/cmake --install /home/tee/ros2_fyp/build/r2_rtabmap
[2.229s] Level 1:colcon.colcon_core.environment:checking '/home/tee/ros2_fyp/install/r2_rtabmap' for CMake module files
[2.233s] Level 1:colcon.colcon_core.environment:checking '/home/tee/ros2_fyp/install/r2_rtabmap' for CMake config files
[2.235s] Level 1:colcon.colcon_core.shell:create_environment_hook('r2_rtabmap', 'cmake_prefix_path')
[2.237s] INFO:colcon.colcon_core.shell:Creating environment hook '/home/tee/ros2_fyp/install/r2_rtabmap/share/r2_rtabmap/hook/cmake_prefix_path.ps1'
[2.240s] INFO:colcon.colcon_core.shell:Creating environment descriptor '/home/tee/ros2_fyp/install/r2_rtabmap/share/r2_rtabmap/hook/cmake_prefix_path.dsv'
[2.243s] INFO:colcon.colcon_core.shell:Creating environment hook '/home/tee/ros2_fyp/install/r2_rtabmap/share/r2_rtabmap/hook/cmake_prefix_path.sh'
[2.247s] Level 1:colcon.colcon_core.environment:checking '/home/tee/ros2_fyp/install/r2_rtabmap/bin'
[2.247s] Level 1:colcon.colcon_core.environment:checking '/home/tee/ros2_fyp/install/r2_rtabmap/lib/pkgconfig/r2_rtabmap.pc'
[2.248s] Level 1:colcon.colcon_core.environment:checking '/home/tee/ros2_fyp/install/r2_rtabmap/lib/python3.10/site-packages'
[2.249s] Level 1:colcon.colcon_core.environment:checking '/home/tee/ros2_fyp/install/r2_rtabmap/bin'
[2.251s] INFO:colcon.colcon_core.shell:Creating package script '/home/tee/ros2_fyp/install/r2_rtabmap/share/r2_rtabmap/package.ps1'
[2.254s] INFO:colcon.colcon_core.shell:Creating package descriptor '/home/tee/ros2_fyp/install/r2_rtabmap/share/r2_rtabmap/package.dsv'
[2.257s] INFO:colcon.colcon_core.shell:Creating package script '/home/tee/ros2_fyp/install/r2_rtabmap/share/r2_rtabmap/package.sh'
[2.260s] INFO:colcon.colcon_core.shell:Creating package script '/home/tee/ros2_fyp/install/r2_rtabmap/share/r2_rtabmap/package.bash'
[2.263s] INFO:colcon.colcon_core.shell:Creating package script '/home/tee/ros2_fyp/install/r2_rtabmap/share/r2_rtabmap/package.zsh'
[2.266s] Level 1:colcon.colcon_core.environment:create_file_with_runtime_dependencies(/home/tee/ros2_fyp/install/r2_rtabmap/share/colcon-core/packages/r2_rtabmap)
[2.269s] Level 1:colcon.colcon_core.environment:create_environment_scripts_only(r2_rtabmap)
[2.270s] Level 1:colcon.colcon_core.environment:checking '/home/tee/ros2_fyp/install/r2_rtabmap' for CMake module files
[2.273s] Level 1:colcon.colcon_core.environment:checking '/home/tee/ros2_fyp/install/r2_rtabmap' for CMake config files
[2.275s] Level 1:colcon.colcon_core.shell:create_environment_hook('r2_rtabmap', 'cmake_prefix_path')
[2.276s] INFO:colcon.colcon_core.shell:Creating environment hook '/home/tee/ros2_fyp/install/r2_rtabmap/share/r2_rtabmap/hook/cmake_prefix_path.ps1'
[2.278s] INFO:colcon.colcon_core.shell:Creating environment descriptor '/home/tee/ros2_fyp/install/r2_rtabmap/share/r2_rtabmap/hook/cmake_prefix_path.dsv'
[2.280s] INFO:colcon.colcon_core.shell:Creating environment hook '/home/tee/ros2_fyp/install/r2_rtabmap/share/r2_rtabmap/hook/cmake_prefix_path.sh'
[2.283s] Level 1:colcon.colcon_core.environment:checking '/home/tee/ros2_fyp/install/r2_rtabmap/bin'
[2.283s] Level 1:colcon.colcon_core.environment:checking '/home/tee/ros2_fyp/install/r2_rtabmap/lib/pkgconfig/r2_rtabmap.pc'
[2.284s] Level 1:colcon.colcon_core.environment:checking '/home/tee/ros2_fyp/install/r2_rtabmap/lib/python3.10/site-packages'
[2.286s] Level 1:colcon.colcon_core.environment:checking '/home/tee/ros2_fyp/install/r2_rtabmap/bin'
[2.287s] INFO:colcon.colcon_core.shell:Creating package script '/home/tee/ros2_fyp/install/r2_rtabmap/share/r2_rtabmap/package.ps1'
[2.289s] INFO:colcon.colcon_core.shell:Creating package descriptor '/home/tee/ros2_fyp/install/r2_rtabmap/share/r2_rtabmap/package.dsv'
[2.292s] INFO:colcon.colcon_core.shell:Creating package script '/home/tee/ros2_fyp/install/r2_rtabmap/share/r2_rtabmap/package.sh'
[2.294s] INFO:colcon.colcon_core.shell:Creating package script '/home/tee/ros2_fyp/install/r2_rtabmap/share/r2_rtabmap/package.bash'
[2.297s] INFO:colcon.colcon_core.shell:Creating package script '/home/tee/ros2_fyp/install/r2_rtabmap/share/r2_rtabmap/package.zsh'
[2.299s] Level 1:colcon.colcon_core.environment:create_file_with_runtime_dependencies(/home/tee/ros2_fyp/install/r2_rtabmap/share/colcon-core/packages/r2_rtabmap)
[2.301s] DEBUG:colcon.colcon_parallel_executor.executor.parallel:closing loop
[2.302s] DEBUG:colcon.colcon_parallel_executor.executor.parallel:loop closed
[2.303s] DEBUG:colcon.colcon_parallel_executor.executor.parallel:run_until_complete finished with '0'
[2.304s] DEBUG:colcon.colcon_core.event_reactor:joining thread
[2.327s] INFO:colcon.colcon_core.plugin_system:Skipping extension 'colcon_notification.desktop_notification.terminal_notifier': Not used on non-Darwin systems
[2.328s] INFO:colcon.colcon_core.plugin_system:Skipping extension 'colcon_notification.desktop_notification.win32': Not used on non-Windows systems
[2.328s] INFO:colcon.colcon_notification.desktop_notification:Sending desktop notification using 'notify2'
[2.333s] DEBUG:colcon.colcon_notification.desktop_notification.notify2:Failed to initialize notify2: org.freedesktop.DBus.Error.ServiceUnknown: The name org.freedesktop.Notifications was not provided by any .service files
[2.334s] DEBUG:colcon.colcon_core.event_reactor:joined thread
[2.335s] INFO:colcon.colcon_core.shell:Creating prefix script '/home/tee/ros2_fyp/install/local_setup.ps1'
[2.339s] INFO:colcon.colcon_core.shell:Creating prefix util module '/home/tee/ros2_fyp/install/_local_setup_util_ps1.py'
[2.345s] INFO:colcon.colcon_core.shell:Creating prefix chain script '/home/tee/ros2_fyp/install/setup.ps1'
[2.354s] INFO:colcon.colcon_core.shell:Creating prefix script '/home/tee/ros2_fyp/install/local_setup.sh'
[2.356s] INFO:colcon.colcon_core.shell:Creating prefix util module '/home/tee/ros2_fyp/install/_local_setup_util_sh.py'
[2.359s] INFO:colcon.colcon_core.shell:Creating prefix chain script '/home/tee/ros2_fyp/install/setup.sh'
[2.366s] INFO:colcon.colcon_core.shell:Creating prefix script '/home/tee/ros2_fyp/install/local_setup.bash'
[2.368s] INFO:colcon.colcon_core.shell:Creating prefix chain script '/home/tee/ros2_fyp/install/setup.bash'
[2.374s] INFO:colcon.colcon_core.shell:Creating prefix script '/home/tee/ros2_fyp/install/local_setup.zsh'
[2.377s] INFO:colcon.colcon_core.shell:Creating prefix chain script '/home/tee/ros2_fyp/install/setup.zsh'
