-- The C compiler identification is GNU 11.4.0
-- The CXX compiler identification is GNU 11.4.0
-- Detecting C compiler ABI info
-- Detecting C compiler ABI info - done
-- Check for working C compiler: /usr/bin/cc - skipped
-- Detecting C compile features
-- Detecting C compile features - done
-- Detecting CXX compiler ABI info
-- Detecting CXX compiler ABI info - done
-- Check for working CXX compiler: /usr/bin/c++ - skipped
-- Detecting CXX compile features
-- Detecting CXX compile features - done
-- Found ament_cmake: 1.3.13 (/opt/ros/humble/share/ament_cmake/cmake)
-- Found Python3: /usr/bin/python3 (found version "3.10.12") found components: Interpreter 
-- Configuring done
-- Generating done
-- Build files have been written to: /home/tee/ros2_fyp/build/r2_localization
-- Install configuration: ""
-- Installing: /home/tee/ros2_fyp/install/r2_localization/share/r2_localization/launch
-- Installing: /home/tee/ros2_fyp/install/r2_localization/share/r2_localization/launch/ekf.launch.py
-- Installing: /home/tee/ros2_fyp/install/r2_localization/share/r2_localization/config
-- Installing: /home/tee/ros2_fyp/install/r2_localization/share/r2_localization/config/ekf.yaml
-- Installing: /home/tee/ros2_fyp/install/r2_localization/share/ament_index/resource_index/package_run_dependencies/r2_localization
-- Installing: /home/tee/ros2_fyp/install/r2_localization/share/ament_index/resource_index/parent_prefix_path/r2_localization
-- Installing: /home/tee/ros2_fyp/install/r2_localization/share/r2_localization/environment/ament_prefix_path.sh
-- Installing: /home/tee/ros2_fyp/install/r2_localization/share/r2_localization/environment/ament_prefix_path.dsv
-- Installing: /home/tee/ros2_fyp/install/r2_localization/share/r2_localization/environment/path.sh
-- Installing: /home/tee/ros2_fyp/install/r2_localization/share/r2_localization/environment/path.dsv
-- Installing: /home/tee/ros2_fyp/install/r2_localization/share/r2_localization/local_setup.bash
-- Installing: /home/tee/ros2_fyp/install/r2_localization/share/r2_localization/local_setup.sh
-- Installing: /home/tee/ros2_fyp/install/r2_localization/share/r2_localization/local_setup.zsh
-- Installing: /home/tee/ros2_fyp/install/r2_localization/share/r2_localization/local_setup.dsv
-- Installing: /home/tee/ros2_fyp/install/r2_localization/share/r2_localization/package.dsv
-- Installing: /home/tee/ros2_fyp/install/r2_localization/share/ament_index/resource_index/packages/r2_localization
-- Installing: /home/tee/ros2_fyp/install/r2_localization/share/r2_localization/cmake/r2_localizationConfig.cmake
-- Installing: /home/tee/ros2_fyp/install/r2_localization/share/r2_localization/cmake/r2_localizationConfig-version.cmake
-- Installing: /home/tee/ros2_fyp/install/r2_localization/share/r2_localization/package.xml
