[0.085s] Invoking command in '/home/tee/ros2_fyp/build/r2_localization': CMAKE_PREFIX_PATH=${CMAKE_PREFIX_PATH}:/home/tee/ros2_fyp/install/r2_wheel_odometry:/home/tee/ros2_fyp/install/r2_driver:/home/tee/ros2_fyp/install/r2_cloud_accumulator:/opt/ros/humble /usr/bin/cmake /home/tee/ros2_fyp/src/r2_localization -DCMAKE_INSTALL_PREFIX=/home/tee/ros2_fyp/install/r2_localization
[1.105s] -- The C compiler identification is GNU 11.4.0
[1.819s] -- The CXX compiler identification is GNU 11.4.0
[1.870s] -- Detecting C compiler ABI info
[2.259s] -- Detecting C compiler ABI info - done
[2.288s] -- Check for working C compiler: /usr/bin/cc - skipped
[2.290s] -- Detecting C compile features
[2.293s] -- Detecting C compile features - done
[2.310s] -- Detecting CXX compiler ABI info
[2.702s] -- Detecting CXX compiler ABI info - done
[2.732s] -- Check for working CXX compiler: /usr/bin/c++ - skipped
[2.733s] -- Detecting CXX compile features
[2.735s] -- Detecting CXX compile features - done
[2.800s] -- Found ament_cmake: 1.3.13 (/opt/ros/humble/share/ament_cmake/cmake)
[3.813s] -- Found Python3: /usr/bin/python3 (found version "3.10.12") found components: Interpreter 
[6.385s] -- Configuring done
[6.404s] -- Generating done
[6.412s] -- Build files have been written to: /home/tee/ros2_fyp/build/r2_localization
[6.426s] Invoked command in '/home/tee/ros2_fyp/build/r2_localization' returned '0': CMAKE_PREFIX_PATH=${CMAKE_PREFIX_PATH}:/home/tee/ros2_fyp/install/r2_wheel_odometry:/home/tee/ros2_fyp/install/r2_driver:/home/tee/ros2_fyp/install/r2_cloud_accumulator:/opt/ros/humble /usr/bin/cmake /home/tee/ros2_fyp/src/r2_localization -DCMAKE_INSTALL_PREFIX=/home/tee/ros2_fyp/install/r2_localization
[6.442s] Invoking command in '/home/tee/ros2_fyp/build/r2_localization': CMAKE_PREFIX_PATH=${CMAKE_PREFIX_PATH}:/home/tee/ros2_fyp/install/r2_wheel_odometry:/home/tee/ros2_fyp/install/r2_driver:/home/tee/ros2_fyp/install/r2_cloud_accumulator:/opt/ros/humble /usr/bin/cmake --build /home/tee/ros2_fyp/build/r2_localization -- -j4 -l4
[6.597s] Invoked command in '/home/tee/ros2_fyp/build/r2_localization' returned '0': CMAKE_PREFIX_PATH=${CMAKE_PREFIX_PATH}:/home/tee/ros2_fyp/install/r2_wheel_odometry:/home/tee/ros2_fyp/install/r2_driver:/home/tee/ros2_fyp/install/r2_cloud_accumulator:/opt/ros/humble /usr/bin/cmake --build /home/tee/ros2_fyp/build/r2_localization -- -j4 -l4
[6.642s] Invoking command in '/home/tee/ros2_fyp/build/r2_localization': CMAKE_PREFIX_PATH=${CMAKE_PREFIX_PATH}:/home/tee/ros2_fyp/install/r2_wheel_odometry:/home/tee/ros2_fyp/install/r2_driver:/home/tee/ros2_fyp/install/r2_cloud_accumulator:/opt/ros/humble /usr/bin/cmake --install /home/tee/ros2_fyp/build/r2_localization
[6.676s] -- Install configuration: ""
[6.677s] -- Installing: /home/tee/ros2_fyp/install/r2_localization/share/r2_localization/launch
[6.677s] -- Installing: /home/tee/ros2_fyp/install/r2_localization/share/r2_localization/launch/ekf.launch.py
[6.678s] -- Installing: /home/tee/ros2_fyp/install/r2_localization/share/r2_localization/config
[6.679s] -- Installing: /home/tee/ros2_fyp/install/r2_localization/share/r2_localization/config/ekf.yaml
[6.682s] -- Installing: /home/tee/ros2_fyp/install/r2_localization/share/ament_index/resource_index/package_run_dependencies/r2_localization
[6.683s] -- Installing: /home/tee/ros2_fyp/install/r2_localization/share/ament_index/resource_index/parent_prefix_path/r2_localization
[6.685s] -- Installing: /home/tee/ros2_fyp/install/r2_localization/share/r2_localization/environment/ament_prefix_path.sh
[6.686s] -- Installing: /home/tee/ros2_fyp/install/r2_localization/share/r2_localization/environment/ament_prefix_path.dsv
[6.687s] -- Installing: /home/tee/ros2_fyp/install/r2_localization/share/r2_localization/environment/path.sh
[6.689s] -- Installing: /home/tee/ros2_fyp/install/r2_localization/share/r2_localization/environment/path.dsv
[6.690s] -- Installing: /home/tee/ros2_fyp/install/r2_localization/share/r2_localization/local_setup.bash
[6.691s] -- Installing: /home/tee/ros2_fyp/install/r2_localization/share/r2_localization/local_setup.sh
[6.693s] -- Installing: /home/tee/ros2_fyp/install/r2_localization/share/r2_localization/local_setup.zsh
[6.694s] -- Installing: /home/tee/ros2_fyp/install/r2_localization/share/r2_localization/local_setup.dsv
[6.695s] -- Installing: /home/tee/ros2_fyp/install/r2_localization/share/r2_localization/package.dsv
[6.696s] -- Installing: /home/tee/ros2_fyp/install/r2_localization/share/ament_index/resource_index/packages/r2_localization
[6.698s] -- Installing: /home/tee/ros2_fyp/install/r2_localization/share/r2_localization/cmake/r2_localizationConfig.cmake
[6.699s] -- Installing: /home/tee/ros2_fyp/install/r2_localization/share/r2_localization/cmake/r2_localizationConfig-version.cmake
[6.700s] -- Installing: /home/tee/ros2_fyp/install/r2_localization/share/r2_localization/package.xml
[6.708s] Invoked command in '/home/tee/ros2_fyp/build/r2_localization' returned '0': CMAKE_PREFIX_PATH=${CMAKE_PREFIX_PATH}:/home/tee/ros2_fyp/install/r2_wheel_odometry:/home/tee/ros2_fyp/install/r2_driver:/home/tee/ros2_fyp/install/r2_cloud_accumulator:/opt/ros/humble /usr/bin/cmake --install /home/tee/ros2_fyp/build/r2_localization
