[5.004s] Invoking command in '/home/tee/ros2_fyp/build/r2_wheel_odometry': PYTHONPATH=/home/tee/ros2_fyp/build/r2_wheel_odometry/prefix_override:/usr/lib/python3/dist-packages/colcon_core/task/python/colcon_distutils_commands:/home/tee/ros2_fyp/install/r2_wheel_odometry/lib/python3.10/site-packages:${PYTHONPATH} /usr/bin/python3 -W ignore:setup.py install is deprecated -W ignore:easy_install command is deprecated setup.py develop --uninstall --editable --build-directory /home/tee/ros2_fyp/build/r2_wheel_odometry/build
[7.189s] running develop
[8.636s] Removing /home/tee/ros2_fyp/install/r2_wheel_odometry/lib/python3.10/site-packages/r2-wheel-odometry.egg-link (link to .)
[8.848s] Invoked command in '/home/tee/ros2_fyp/build/r2_wheel_odometry' returned '0': PYTHONPATH=/home/tee/ros2_fyp/build/r2_wheel_odometry/prefix_override:/usr/lib/python3/dist-packages/colcon_core/task/python/colcon_distutils_commands:/home/tee/ros2_fyp/install/r2_wheel_odometry/lib/python3.10/site-packages:${PYTHONPATH} /usr/bin/python3 -W ignore:setup.py install is deprecated -W ignore:easy_install command is deprecated setup.py develop --uninstall --editable --build-directory /home/tee/ros2_fyp/build/r2_wheel_odometry/build
[8.859s] Invoking command in '/home/tee/ros2_fyp/src/r2_wheel_odometry': PYTHONPATH=/home/tee/ros2_fyp/build/r2_wheel_odometry/prefix_override:/usr/lib/python3/dist-packages/colcon_core/task/python/colcon_distutils_commands:/home/tee/ros2_fyp/install/r2_wheel_odometry/lib/python3.10/site-packages:${PYTHONPATH} /usr/bin/python3 -W ignore:setup.py install is deprecated -W ignore:easy_install command is deprecated setup.py egg_info --egg-base ../../build/r2_wheel_odometry build --build-base /home/tee/ros2_fyp/build/r2_wheel_odometry/build install --record /home/tee/ros2_fyp/build/r2_wheel_odometry/install.log --single-version-externally-managed install_data --force
[11.048s] running egg_info
[11.051s] writing ../../build/r2_wheel_odometry/r2_wheel_odometry.egg-info/PKG-INFO
[11.053s] writing dependency_links to ../../build/r2_wheel_odometry/r2_wheel_odometry.egg-info/dependency_links.txt
[11.055s] writing entry points to ../../build/r2_wheel_odometry/r2_wheel_odometry.egg-info/entry_points.txt
[11.056s] writing requirements to ../../build/r2_wheel_odometry/r2_wheel_odometry.egg-info/requires.txt
[11.059s] writing top-level names to ../../build/r2_wheel_odometry/r2_wheel_odometry.egg-info/top_level.txt
[11.067s] reading manifest file '../../build/r2_wheel_odometry/r2_wheel_odometry.egg-info/SOURCES.txt'
[11.071s] writing manifest file '../../build/r2_wheel_odometry/r2_wheel_odometry.egg-info/SOURCES.txt'
[11.072s] running build
[11.072s] running build_py
[11.073s] creating /home/tee/ros2_fyp/build/r2_wheel_odometry/build
[11.074s] creating /home/tee/ros2_fyp/build/r2_wheel_odometry/build/lib
[11.075s] creating /home/tee/ros2_fyp/build/r2_wheel_odometry/build/lib/r2_wheel_odometry
[11.075s] copying r2_wheel_odometry/wheel_odom.py -> /home/tee/ros2_fyp/build/r2_wheel_odometry/build/lib/r2_wheel_odometry
[11.076s] copying r2_wheel_odometry/__init__.py -> /home/tee/ros2_fyp/build/r2_wheel_odometry/build/lib/r2_wheel_odometry
[11.078s] running install
[11.079s] running install_lib
[11.083s] creating /home/tee/ros2_fyp/install/r2_wheel_odometry/lib/python3.10/site-packages/r2_wheel_odometry
[11.085s] copying /home/tee/ros2_fyp/build/r2_wheel_odometry/build/lib/r2_wheel_odometry/wheel_odom.py -> /home/tee/ros2_fyp/install/r2_wheel_odometry/lib/python3.10/site-packages/r2_wheel_odometry
[11.086s] copying /home/tee/ros2_fyp/build/r2_wheel_odometry/build/lib/r2_wheel_odometry/__init__.py -> /home/tee/ros2_fyp/install/r2_wheel_odometry/lib/python3.10/site-packages/r2_wheel_odometry
[11.089s] byte-compiling /home/tee/ros2_fyp/install/r2_wheel_odometry/lib/python3.10/site-packages/r2_wheel_odometry/wheel_odom.py to wheel_odom.cpython-310.pyc
[11.095s] byte-compiling /home/tee/ros2_fyp/install/r2_wheel_odometry/lib/python3.10/site-packages/r2_wheel_odometry/__init__.py to __init__.cpython-310.pyc
[11.099s] running install_data
[11.100s] copying resource/r2_wheel_odometry -> /home/tee/ros2_fyp/install/r2_wheel_odometry/share/ament_index/resource_index/packages
[11.100s] copying package.xml -> /home/tee/ros2_fyp/install/r2_wheel_odometry/share/r2_wheel_odometry
[11.101s] running install_egg_info
[11.107s] Copying ../../build/r2_wheel_odometry/r2_wheel_odometry.egg-info to /home/tee/ros2_fyp/install/r2_wheel_odometry/lib/python3.10/site-packages/r2_wheel_odometry-0.0.0-py3.10.egg-info
[11.116s] running install_scripts
[11.209s] Installing wheel_odom script to /home/tee/ros2_fyp/install/r2_wheel_odometry/lib/r2_wheel_odometry
[11.212s] writing list of installed files to '/home/tee/ros2_fyp/build/r2_wheel_odometry/install.log'
[11.350s] Invoked command in '/home/tee/ros2_fyp/src/r2_wheel_odometry' returned '0': PYTHONPATH=/home/tee/ros2_fyp/build/r2_wheel_odometry/prefix_override:/usr/lib/python3/dist-packages/colcon_core/task/python/colcon_distutils_commands:/home/tee/ros2_fyp/install/r2_wheel_odometry/lib/python3.10/site-packages:${PYTHONPATH} /usr/bin/python3 -W ignore:setup.py install is deprecated -W ignore:easy_install command is deprecated setup.py egg_info --egg-base ../../build/r2_wheel_odometry build --build-base /home/tee/ros2_fyp/build/r2_wheel_odometry/build install --record /home/tee/ros2_fyp/build/r2_wheel_odometry/install.log --single-version-externally-managed install_data --force
