[0.056s] Invoking command in '/home/tee/ros2_fyp/build/r2_rtabmap': CMAKE_PREFIX_PATH=${CMAKE_PREFIX_PATH}:/home/tee/ros2_fyp/install/r2_wheel_odometry:/home/tee/ros2_fyp/install/r2_driver:/opt/ros/humble /usr/bin/cmake --build /home/tee/ros2_fyp/build/r2_rtabmap -- -j4 -l4
[0.225s] Invoked command in '/home/tee/ros2_fyp/build/r2_rtabmap' returned '0': CMAKE_PREFIX_PATH=${CMAKE_PREFIX_PATH}:/home/tee/ros2_fyp/install/r2_wheel_odometry:/home/tee/ros2_fyp/install/r2_driver:/opt/ros/humble /usr/bin/cmake --build /home/tee/ros2_fyp/build/r2_rtabmap -- -j4 -l4
[0.269s] Invoking command in '/home/tee/ros2_fyp/build/r2_rtabmap': CMAKE_PREFIX_PATH=${CMAKE_PREFIX_PATH}:/home/tee/ros2_fyp/install/r2_wheel_odometry:/home/tee/ros2_fyp/install/r2_driver:/opt/ros/humble /usr/bin/cmake --install /home/tee/ros2_fyp/build/r2_rtabmap
[0.301s] -- Install configuration: ""
[0.302s] -- Up-to-date: /home/tee/ros2_fyp/install/r2_rtabmap/share/r2_rtabmap//launch
[0.302s] -- Up-to-date: /home/tee/ros2_fyp/install/r2_rtabmap/share/r2_rtabmap//launch/rtabmap_mapping.launch.py
[0.304s] -- Up-to-date: /home/tee/ros2_fyp/install/r2_rtabmap/share/r2_rtabmap//launch/rtabmap_with_config.launch.py
[0.305s] -- Up-to-date: /home/tee/ros2_fyp/install/r2_rtabmap/share/r2_rtabmap//launch/rtabmap_ir_optimized.launch.py
[0.306s] -- Installing: /home/tee/ros2_fyp/install/r2_rtabmap/share/r2_rtabmap//launch/rtabmap_ir_fixed.launch.py
[0.306s] -- Up-to-date: /home/tee/ros2_fyp/install/r2_rtabmap/share/r2_rtabmap//launch/rtabmap_simple.launch.py
[0.307s] -- Up-to-date: /home/tee/ros2_fyp/install/r2_rtabmap/share/r2_rtabmap//launch/rtabmap_full_system.launch.py
[0.307s] -- Up-to-date: /home/tee/ros2_fyp/install/r2_rtabmap/share/r2_rtabmap//config
[0.308s] -- Up-to-date: /home/tee/ros2_fyp/install/r2_rtabmap/share/r2_rtabmap//config/rtabmap_config.yaml
[0.308s] -- Up-to-date: /home/tee/ros2_fyp/install/r2_rtabmap/share/ament_index/resource_index/package_run_dependencies/r2_rtabmap
[0.309s] -- Up-to-date: /home/tee/ros2_fyp/install/r2_rtabmap/share/ament_index/resource_index/parent_prefix_path/r2_rtabmap
[0.309s] -- Up-to-date: /home/tee/ros2_fyp/install/r2_rtabmap/share/r2_rtabmap/environment/ament_prefix_path.sh
[0.309s] -- Up-to-date: /home/tee/ros2_fyp/install/r2_rtabmap/share/r2_rtabmap/environment/ament_prefix_path.dsv
[0.310s] -- Up-to-date: /home/tee/ros2_fyp/install/r2_rtabmap/share/r2_rtabmap/environment/path.sh
[0.310s] -- Up-to-date: /home/tee/ros2_fyp/install/r2_rtabmap/share/r2_rtabmap/environment/path.dsv
[0.311s] -- Up-to-date: /home/tee/ros2_fyp/install/r2_rtabmap/share/r2_rtabmap/local_setup.bash
[0.311s] -- Up-to-date: /home/tee/ros2_fyp/install/r2_rtabmap/share/r2_rtabmap/local_setup.sh
[0.312s] -- Up-to-date: /home/tee/ros2_fyp/install/r2_rtabmap/share/r2_rtabmap/local_setup.zsh
[0.312s] -- Up-to-date: /home/tee/ros2_fyp/install/r2_rtabmap/share/r2_rtabmap/local_setup.dsv
[0.312s] -- Installing: /home/tee/ros2_fyp/install/r2_rtabmap/share/r2_rtabmap/package.dsv
[0.313s] -- Up-to-date: /home/tee/ros2_fyp/install/r2_rtabmap/share/ament_index/resource_index/packages/r2_rtabmap
[0.314s] -- Up-to-date: /home/tee/ros2_fyp/install/r2_rtabmap/share/r2_rtabmap/cmake/r2_rtabmapConfig.cmake
[0.314s] -- Up-to-date: /home/tee/ros2_fyp/install/r2_rtabmap/share/r2_rtabmap/cmake/r2_rtabmapConfig-version.cmake
[0.315s] -- Up-to-date: /home/tee/ros2_fyp/install/r2_rtabmap/share/r2_rtabmap/package.xml
[0.318s] Invoked command in '/home/tee/ros2_fyp/build/r2_rtabmap' returned '0': CMAKE_PREFIX_PATH=${CMAKE_PREFIX_PATH}:/home/tee/ros2_fyp/install/r2_wheel_odometry:/home/tee/ros2_fyp/install/r2_driver:/opt/ros/humble /usr/bin/cmake --install /home/tee/ros2_fyp/build/r2_rtabmap
