[0.079s] Invoking command in '/home/tee/ros2_fyp/build/r2_bringup': CMAKE_PREFIX_PATH=${CMAKE_PREFIX_PATH}:/home/tee/ros2_fyp/install/r2_wheel_odometry_and_imu:/home/tee/ros2_fyp/install/r2_wheel_odometry:/home/tee/ros2_fyp/install/r2_driver:/home/tee/ros2_fyp/install/r2_cloud_accumulator:/opt/ros/humble /usr/bin/cmake --build /home/tee/ros2_fyp/build/r2_bringup -- -j4 -l4
[0.533s] Invoked command in '/home/tee/ros2_fyp/build/r2_bringup' returned '0': CMAKE_PREFIX_PATH=${CMAKE_PREFIX_PATH}:/home/tee/ros2_fyp/install/r2_wheel_odometry_and_imu:/home/tee/ros2_fyp/install/r2_wheel_odometry:/home/tee/ros2_fyp/install/r2_driver:/home/tee/ros2_fyp/install/r2_cloud_accumulator:/opt/ros/humble /usr/bin/cmake --build /home/tee/ros2_fyp/build/r2_bringup -- -j4 -l4
[0.578s] Invoking command in '/home/tee/ros2_fyp/build/r2_bringup': CMAKE_PREFIX_PATH=${CMAKE_PREFIX_PATH}:/home/tee/ros2_fyp/install/r2_wheel_odometry_and_imu:/home/tee/ros2_fyp/install/r2_wheel_odometry:/home/tee/ros2_fyp/install/r2_driver:/home/tee/ros2_fyp/install/r2_cloud_accumulator:/opt/ros/humble /usr/bin/cmake --install /home/tee/ros2_fyp/build/r2_bringup
[0.611s] -- Install configuration: ""
[0.614s] -- Execute custom install script
[0.622s] -- Up-to-date symlink: /home/tee/ros2_fyp/install/r2_bringup/share/r2_bringup/launch/astra_camera.launch.py
[0.623s] -- Up-to-date symlink: /home/tee/ros2_fyp/install/r2_bringup/share/r2_bringup/launch/bringup.launch.py
[0.625s] -- Up-to-date symlink: /home/tee/ros2_fyp/install/r2_bringup/share/r2_bringup/launch/filtered_octomap.launch.py
[0.626s] -- Up-to-date symlink: /home/tee/ros2_fyp/install/r2_bringup/share/r2_bringup/launch/octomap.launch.py
[0.628s] -- Up-to-date symlink: /home/tee/ros2_fyp/install/r2_bringup/share/ament_index/resource_index/package_run_dependencies/r2_bringup
[0.630s] -- Up-to-date symlink: /home/tee/ros2_fyp/install/r2_bringup/share/ament_index/resource_index/parent_prefix_path/r2_bringup
[0.632s] -- Up-to-date symlink: /home/tee/ros2_fyp/install/r2_bringup/share/r2_bringup/environment/ament_prefix_path.sh
[0.633s] -- Up-to-date symlink: /home/tee/ros2_fyp/install/r2_bringup/share/r2_bringup/environment/ament_prefix_path.dsv
[0.635s] -- Up-to-date symlink: /home/tee/ros2_fyp/install/r2_bringup/share/r2_bringup/environment/path.sh
[0.636s] -- Up-to-date symlink: /home/tee/ros2_fyp/install/r2_bringup/share/r2_bringup/environment/path.dsv
[0.637s] -- Up-to-date symlink: /home/tee/ros2_fyp/install/r2_bringup/share/r2_bringup/local_setup.bash
[0.639s] -- Up-to-date symlink: /home/tee/ros2_fyp/install/r2_bringup/share/r2_bringup/local_setup.sh
[0.641s] -- Up-to-date symlink: /home/tee/ros2_fyp/install/r2_bringup/share/r2_bringup/local_setup.zsh
[0.642s] -- Up-to-date symlink: /home/tee/ros2_fyp/install/r2_bringup/share/r2_bringup/local_setup.dsv
[0.642s] -- Symlinking: /home/tee/ros2_fyp/install/r2_bringup/share/r2_bringup/package.dsv
[0.681s] -- Up-to-date symlink: /home/tee/ros2_fyp/install/r2_bringup/share/ament_index/resource_index/packages/r2_bringup
[0.683s] -- Up-to-date symlink: /home/tee/ros2_fyp/install/r2_bringup/share/r2_bringup/cmake/r2_bringupConfig.cmake
[0.684s] -- Up-to-date symlink: /home/tee/ros2_fyp/install/r2_bringup/share/r2_bringup/cmake/r2_bringupConfig-version.cmake
[0.685s] -- Up-to-date symlink: /home/tee/ros2_fyp/install/r2_bringup/share/r2_bringup/package.xml
[0.693s] Invoked command in '/home/tee/ros2_fyp/build/r2_bringup' returned '0': CMAKE_PREFIX_PATH=${CMAKE_PREFIX_PATH}:/home/tee/ros2_fyp/install/r2_wheel_odometry_and_imu:/home/tee/ros2_fyp/install/r2_wheel_odometry:/home/tee/ros2_fyp/install/r2_driver:/home/tee/ros2_fyp/install/r2_cloud_accumulator:/opt/ros/humble /usr/bin/cmake --install /home/tee/ros2_fyp/build/r2_bringup
